 rxtxSerial

 Timestamp is 649e8b18 (Fri Jun 30 15:58:16 2023)

 Preferred load address is 0000000180000000

 Start         Length     Name                   Class
 0001:00000000 0001d270H .text$mn                CODE
 0001:0001d270 00000040H .text$mn$00             CODE
 0001:0001d2b0 00000330H .text$x                 CODE
 0002:00000000 00000338H .idata$5                DATA
 0002:00000338 00000038H .00cfg                  DATA
 0002:00000370 00000008H .CRT$XCA                DATA
 0002:00000378 00000008H .CRT$XCZ                DATA
 0002:00000380 00000008H .CRT$XIA                DATA
 0002:00000388 00000028H .CRT$XIC                DATA
 0002:000003b0 00000008H .CRT$XIZ                DATA
 0002:000003b8 00000008H .CRT$XPA                DATA
 0002:000003c0 00000010H .CRT$XPX                DATA
 0002:000003d0 00000008H .CRT$XPXA               DATA
 0002:000003d8 00000008H .CRT$XPZ                DATA
 0002:000003e0 00000008H .CRT$XTA                DATA
 0002:000003e8 00000008H .CRT$XTZ                DATA
 0002:000003f0 00000000H .gehcont$y              DATA
 0002:000003f0 00000000H .gfids$y                DATA
 0002:000003f0 00008890H .rdata                  DATA
 0002:00008c80 00000000H .rdata$CastGuardVftablesA DATA
 0002:00008c80 00000000H .rdata$CastGuardVftablesC DATA
 0002:00008c80 00000000H .rdata$r                DATA
 0002:00008c80 000000e8H .rdata$voltmd           DATA
 0002:00008d68 00000280H .rdata$zzzdbg           DATA
 0002:00008fe8 00000008H .rtc$IAA                DATA
 0002:00008ff0 00000008H .rtc$IZZ                DATA
 0002:00008ff8 00000008H .rtc$TAA                DATA
 0002:00009000 00000008H .rtc$TZZ                DATA
 0002:00009008 00001ce8H .xdata                  DATA
 0002:0000ace8 00000000H .xdata$x                DATA
 0002:0000acf0 00000c58H .edata                  DATA
 0002:0000b948 00000014H .idata$2                DATA
 0002:0000b95c 00000014H .idata$3                DATA
 0002:0000b970 00000338H .idata$4                DATA
 0002:0000bca8 00000780H .idata$6                DATA
 0003:00000000 000020b0H .data                   DATA
 0003:000020b0 00000000H .data$r                 DATA
 0003:000020b0 00000000H .data$rs                DATA
 0003:000020b0 00001320H .bss                    DATA
 0004:00000000 00001af4H .pdata                  DATA
 0005:00000000 0000015cH _RDATA                  DATA

  Address         Publics by Value              Rva+Base               Lib:Object

 0000:00000000       __AbsoluteZero             0000000000000000     <absolute>
 0000:00000000       ___safe_se_handler_count   0000000000000000     <absolute>
 0000:00000000       ___safe_se_handler_table   0000000000000000     <absolute>
 0000:00000000       __arm64x_extra_rfe_table   0000000000000000     <absolute>
 0000:00000000       __arm64x_extra_rfe_table_size 0000000000000000     <absolute>
 0000:00000000       __arm64x_native_entrypoint 0000000000000000     <absolute>
 0000:00000000       __arm64x_redirection_metadata 0000000000000000     <absolute>
 0000:00000000       __arm64x_redirection_metadata_count 0000000000000000     <absolute>
 0000:00000000       __dynamic_value_reloc_table 0000000000000000     <absolute>
 0000:00000000       __enclave_config           0000000000000000     <absolute>
 0000:00000000       __guard_check_icall_a64n_fptr 0000000000000000     <absolute>
 0000:00000000       __guard_eh_cont_count      0000000000000000     <absolute>
 0000:00000000       __guard_eh_cont_table      0000000000000000     <absolute>
 0000:00000000       __guard_fids_count         0000000000000000     <absolute>
 0000:00000000       __guard_fids_table         0000000000000000     <absolute>
 0000:00000000       __guard_iat_count          0000000000000000     <absolute>
 0000:00000000       __guard_iat_table          0000000000000000     <absolute>
 0000:00000000       __guard_longjmp_count      0000000000000000     <absolute>
 0000:00000000       __guard_longjmp_table      0000000000000000     <absolute>
 0000:00000000       __hybrid_auxiliary_iat     0000000000000000     <absolute>
 0000:00000000       __hybrid_auxiliary_iat_copy 0000000000000000     <absolute>
 0000:00000000       __hybrid_code_map          0000000000000000     <absolute>
 0000:00000000       __hybrid_code_map_count    0000000000000000     <absolute>
 0000:00000000       __x64_code_ranges_to_entry_points 0000000000000000     <absolute>
 0000:00000000       __x64_code_ranges_to_entry_points_count 0000000000000000     <absolute>
 0000:00000100       __guard_flags              0000000000000100     <absolute>
 0000:00000000       __ImageBase                0000000180000000     <linker-defined>
 0001:00000000       dll_entry                  0000000180001000 f   init.obj
 0001:00000010       JNI_OnLoad                 0000000180001010 f   SerialImp.obj
 0001:00000030       JNI_OnUnload               0000000180001030 f   SerialImp.obj
 0001:00000050       Java_gnu_io_RXTXPort_Initialize 0000000180001050 f   SerialImp.obj
 0001:00000060       Java_gnu_io_RXTXPort_open  0000000180001060 f   SerialImp.obj
 0001:00000280       Java_gnu_io_RXTXPort_nativeGetParity 0000000180001280 f   SerialImp.obj
 0001:00000350       Java_gnu_io_RXTXPort_nativeGetFlowControlMode 0000000180001350 f   SerialImp.obj
 0001:000003c0       Java_gnu_io_RXTXPort_nativeSetSerialPortParams 00000001800013c0 f   SerialImp.obj
 0001:00000450       Java_gnu_io_RXTXPort_setflowcontrol 0000000180001450 f   SerialImp.obj
 0001:000005a0       Java_gnu_io_RXTXPort_NativegetReceiveTimeout 00000001800015a0 f   SerialImp.obj
 0001:000006b0       Java_gnu_io_RXTXPort_NativeisReceiveTimeoutEnabled 00000001800016b0 f   SerialImp.obj
 0001:000007c0       Java_gnu_io_RXTXPort_NativeEnableReceiveTimeoutThreshold 00000001800017c0 f   SerialImp.obj
 0001:00000900       Java_gnu_io_RXTXPort_isDTR 0000000180001900 f   SerialImp.obj
 0001:00000990       Java_gnu_io_RXTXPort_setDTR 0000000180001990 f   SerialImp.obj
 0001:00000a50       Java_gnu_io_RXTXPort_setRTS 0000000180001a50 f   SerialImp.obj
 0001:00000b10       Java_gnu_io_RXTXPort_setDSR 0000000180001b10 f   SerialImp.obj
 0001:00000be0       Java_gnu_io_RXTXPort_isCTS 0000000180001be0 f   SerialImp.obj
 0001:00000c70       Java_gnu_io_RXTXPort_isDSR 0000000180001c70 f   SerialImp.obj
 0001:00000d00       Java_gnu_io_RXTXPort_isCD  0000000180001d00 f   SerialImp.obj
 0001:00000d90       Java_gnu_io_RXTXPort_isRI  0000000180001d90 f   SerialImp.obj
 0001:00000e20       Java_gnu_io_RXTXPort_isRTS 0000000180001e20 f   SerialImp.obj
 0001:00000eb0       Java_gnu_io_RXTXPort_sendBreak 0000000180001eb0 f   SerialImp.obj
 0001:00000f00       Java_gnu_io_RXTXPort_writeByte 0000000180001f00 f   SerialImp.obj
 0001:00001040       Java_gnu_io_RXTXPort_writeArray 0000000180002040 f   SerialImp.obj
 0001:00001190       Java_gnu_io_RXTXPort_nativeDrain 0000000180002190 f   SerialImp.obj
 0001:00001420       Java_gnu_io_RXTXPort_nativeavailable 0000000180002420 f   SerialImp.obj
 0001:00001530       Java_gnu_io_RXTXPort_readByte 0000000180002530 f   SerialImp.obj
 0001:00001700       Java_gnu_io_RXTXPort_readArray 0000000180002700 f   SerialImp.obj
 0001:000018a0       Java_gnu_io_RXTXPort_readTerminatedArray 00000001800028a0 f   SerialImp.obj
 0001:00001b50       Java_gnu_io_RXTXPort_eventLoop 0000000180002b50 f   SerialImp.obj
 0001:00001d90       Java_gnu_io_RXTXPort_interruptEventLoop 0000000180002d90 f   SerialImp.obj
 0001:00001e10       Java_gnu_io_RXTXPort_nativeSetEventFlag 0000000180002e10 f   SerialImp.obj
 0001:00001ea0       Java_gnu_io_RXTXPort_nativeClose 0000000180002ea0 f   SerialImp.obj
 0001:00001fb0       Java_gnu_io_RXTXPort_nativeStaticSetSerialPortParams 0000000180002fb0 f   SerialImp.obj
 0001:000021d0       Java_gnu_io_RXTXPort_nativeStaticSetDSR 00000001800031d0 f   SerialImp.obj
 0001:000022d0       Java_gnu_io_RXTXPort_nativeStaticSetDTR 00000001800032d0 f   SerialImp.obj
 0001:000023d0       Java_gnu_io_RXTXPort_nativeStaticSetRTS 00000001800033d0 f   SerialImp.obj
 0001:000024d0       Java_gnu_io_RXTXPort_nativeStaticIsDSR 00000001800034d0 f   SerialImp.obj
 0001:00002580       Java_gnu_io_RXTXPort_nativeStaticIsDTR 0000000180003580 f   SerialImp.obj
 0001:00002630       Java_gnu_io_RXTXPort_nativeStaticIsRTS 0000000180003630 f   SerialImp.obj
 0001:000026e0       Java_gnu_io_RXTXPort_nativeStaticIsCTS 00000001800036e0 f   SerialImp.obj
 0001:00002790       Java_gnu_io_RXTXPort_nativeStaticIsCD 0000000180003790 f   SerialImp.obj
 0001:00002840       Java_gnu_io_RXTXPort_nativeStaticIsRI 0000000180003840 f   SerialImp.obj
 0001:000028f0       Java_gnu_io_RXTXPort_nativeStaticGetBaudRate 00000001800038f0 f   SerialImp.obj
 0001:00002990       Java_gnu_io_RXTXPort_nativeStaticGetDataBits 0000000180003990 f   SerialImp.obj
 0001:00002a60       Java_gnu_io_RXTXPort_nativeStaticGetParity 0000000180003a60 f   SerialImp.obj
 0001:00002b40       Java_gnu_io_RXTXPort_nativeStaticGetStopBits 0000000180003b40 f   SerialImp.obj
 0001:00002be0       Java_gnu_io_RXTXPort_nativeGetParityErrorChar 0000000180003be0 f   SerialImp.obj
 0001:00002c10       Java_gnu_io_RXTXPort_nativeSetParityErrorChar 0000000180003c10 f   SerialImp.obj
 0001:00002c50       Java_gnu_io_RXTXPort_nativeGetEndOfInputChar 0000000180003c50 f   SerialImp.obj
 0001:00002cb0       Java_gnu_io_RXTXPort_nativeSetEndOfInputChar 0000000180003cb0 f   SerialImp.obj
 0001:00002dd0       Java_gnu_io_RXTXPort_nativeSetBaudBase 0000000180003dd0 f   SerialImp.obj
 0001:00002ea0       Java_gnu_io_RXTXPort_nativeGetBaudBase 0000000180003ea0 f   SerialImp.obj
 0001:00002f70       Java_gnu_io_RXTXPort_nativeSetDivisor 0000000180003f70 f   SerialImp.obj
 0001:00003040       Java_gnu_io_RXTXPort_nativeGetDivisor 0000000180004040 f   SerialImp.obj
 0001:00003110       Java_gnu_io_RXTXPort_nativeClearCommInput 0000000180004110 f   SerialImp.obj
 0001:00003160       translate_speed            0000000180004160 f   SerialImp.obj
 0001:00003380       translate_data_bits        0000000180004380 f   SerialImp.obj
 0001:000033d0       translate_stop_bits        00000001800043d0 f   SerialImp.obj
 0001:00003410       translate_parity           0000000180004410 f   SerialImp.obj
 0001:000034a0       system_wait                00000001800044a0 f   SerialImp.obj
 0001:000034b0       finalize_event_info_struct 00000001800044b0 f   SerialImp.obj
 0001:00003570       read_byte_array            0000000180004570 f   SerialImp.obj
 0001:00003660       get_java_var_long          0000000180004660 f   SerialImp.obj
 0001:00003790       get_java_var               0000000180004790 f   SerialImp.obj
 0001:000037a0       is_interrupted             00000001800047a0 f   SerialImp.obj
 0001:000037f0       send_event                 00000001800047f0 f   SerialImp.obj
 0001:000038a0       dump_termios               00000001800048a0 f   SerialImp.obj
 0001:000038b0       report_verbose             00000001800048b0 f   SerialImp.obj
 0001:000038c0       report_error               00000001800048c0 f   SerialImp.obj
 0001:000038f0       report_warning             00000001800048f0 f   SerialImp.obj
 0001:00003920       report                     0000000180004920 f   SerialImp.obj
 0001:00003930       throw_java_exception       0000000180004930 f   SerialImp.obj
 0001:000039d0       system_does_not_lock       00000001800049d0 f   SerialImp.obj
 0001:000039e0       system_does_not_unlock     00000001800049e0 f   SerialImp.obj
 0001:000039f0       build_threadsafe_eis       00000001800049f0 f   SerialImp.obj
 0001:00003b20       find_preopened_ports       0000000180004b20 f   SerialImp.obj
 0001:00003c40       configure_port             0000000180004c40 f   SerialImp.obj
 0001:00003cf0       get_java_baudrate          0000000180004cf0 f   SerialImp.obj
 0001:00003ec0       set_java_vars              0000000180004ec0 f   SerialImp.obj
 0001:000040e0       set_port_params            00000001800050e0 f   SerialImp.obj
 0001:00004290       finalize_threads           0000000180005290 f   SerialImp.obj
 0001:000042a0       init_threads               00000001800052a0 f   SerialImp.obj
 0001:00004300       static_add_filename        0000000180005300 f   SerialImp.obj
 0001:00004400       unlock_monitor_thread      0000000180005400 f   SerialImp.obj
 0001:00004480       check_line_status_register 0000000180005480 f   SerialImp.obj
 0001:00004550       has_line_status_register_access 0000000180005550 f   SerialImp.obj
 0001:00004580       check_cgi_count            0000000180005580 f   SerialImp.obj
 0001:00004820       port_has_changed_fionread  0000000180005820 f   SerialImp.obj
 0001:000048b0       check_tiocmget_changes     00000001800058b0 f   SerialImp.obj
 0001:00004ac0       driver_has_tiocgicount     0000000180005ac0 f   SerialImp.obj
 0001:00004af0       report_serial_events       0000000180005af0 f   SerialImp.obj
 0001:00004ef0       initialise_event_info_struct 0000000180005ef0 f   SerialImp.obj
 0001:00005190       Java_gnu_io_RXTXVersion_nativeGetVersion 0000000180006190 f   SerialImp.obj
 0001:000051b0       Java_gnu_io_RXTXCommDriver_testRead 00000001800061b0 f   SerialImp.obj
 0001:00005270       Java_gnu_io_RXTXCommDriver_registerKnownPorts 0000000180006270 f   SerialImp.obj
 0001:000052d0       Java_gnu_io_RXTXCommDriver_isPortPrefixValid 00000001800062d0 f   SerialImp.obj
 0001:00005400       Java_gnu_io_RXTXCommDriver_getDeviceDirectory 0000000180006400 f   SerialImp.obj
 0001:00005420       Java_gnu_io_RXTXPort_setInputBufferSize 0000000180006420 f   SerialImp.obj
 0001:00005430       Java_gnu_io_RXTXPort_getInputBufferSize 0000000180006430 f   SerialImp.obj
 0001:00005440       Java_gnu_io_RXTXPort_setOutputBufferSize 0000000180006440 f   SerialImp.obj
 0001:00005450       Java_gnu_io_RXTXPort_getOutputBufferSize 0000000180006450 f   SerialImp.obj
 0001:00005460       get_java_environment       0000000180006460 f   SerialImp.obj
 0001:000054f0       __local_stdio_printf_options 00000001800064f0 f i SerialImp.obj
 0001:00005500       fprintf                    0000000180006500 f i SerialImp.obj
 0001:00005550       printf                     0000000180006550 f i SerialImp.obj
 0001:000055b0       sprintf                    00000001800065b0 f i SerialImp.obj
 0001:00005610       serial_test                0000000180006610 f   termios.obj
 0001:00005680       serial_open                0000000180006680 f   termios.obj
 0001:00005a80       serial_close               0000000180006a80 f   termios.obj
 0001:00005bf0       serial_read                0000000180006bf0 f   termios.obj
 0001:00005f50       serial_write               0000000180006f50 f   termios.obj
 0001:000061e0       serial_select              00000001800071e0 f   termios.obj
 0001:00006410       termios_interrupt_event_loop 0000000180007410 f   termios.obj
 0001:00006440       termios_setflags           0000000180007440 f   termios.obj
 0001:00006520       find_port                  0000000180007520 f   termios.obj
 0001:000065b0       usleep                     00000001800075b0 f   termios.obj
 0001:000065d0       fcntl                      00000001800075d0 f   termios.obj
 0001:00006680       get_dos_port               0000000180007680 f   termios.obj
 0001:00006760       set_errno                  0000000180007760 f   termios.obj
 0001:00006770       B_to_CBR                   0000000180007770 f   termios.obj
 0001:00006940       CBR_to_B                   0000000180007940 f   termios.obj
 0001:00006b50       termios_to_bytesize        0000000180007b50 f   termios.obj
 0001:00006b80       bytesize_to_termios        0000000180007b80 f   termios.obj
 0001:00006bb0       tcgetattr                  0000000180007bb0 f   termios.obj
 0001:00006ed0       tcsetattr                  0000000180007ed0 f   termios.obj
 0001:00007320       cfgetospeed                0000000180008320 f   termios.obj
 0001:00007330       cfgetispeed                0000000180008330 f   termios.obj
 0001:00007340       cfsetspeed                 0000000180008340 f   termios.obj
 0001:00007350       cfsetospeed                0000000180008350 f   termios.obj
 0001:00007400       cfsetispeed                0000000180008400 f   termios.obj
 0001:00007410       tcflush                    0000000180008410 f   termios.obj
 0001:000075c0       tcdrain                    00000001800085c0 f   termios.obj
 0001:00007730       tcflow                     0000000180008730 f   termios.obj
 0001:00007760       tcsendbreak                0000000180008760 f   termios.obj
 0001:00007820       ioctl                      0000000180008820 f   termios.obj
 0001:00007dc0       cfmakeraw                  0000000180008dc0 f   termios.obj
 0001:00007df0       termiosGetParityErrorChar  0000000180008df0 f   termios.obj
 0001:00007e50       termiosSetParityError      0000000180008e50 f   termios.obj
 0001:00007ec0       get_fd                     0000000180008ec0 f   termios.obj
 0001:00007f50       get_filename               0000000180008f50 f   termios.obj
 0001:00007fa0       dump_termios_list          0000000180008fa0 f   termios.obj
 0001:00007fb0       ClearErrors                0000000180008fb0 f   termios.obj
 0001:000080f0       FillDCB                    00000001800090f0 f   termios.obj
 0001:00008330       init_serial_struct         0000000180009330 f   termios.obj
 0001:00008370       init_termios               0000000180009370 f   termios.obj
 0001:00008400       port_opened                0000000180009400 f   termios.obj
 0001:00008490       open_port                  0000000180009490 f   termios.obj
 0001:000088e0       get_free_fd                00000001800098e0 f   termios.obj
 0001:00008960       add_port                   0000000180009960 f   termios.obj
 0001:00008c00       check_port_capabilities    0000000180009c00 f   termios.obj
 0001:00008dd0       termios_to_DCB             0000000180009dd0 f   termios.obj
 0001:000090c0       DCB_to_serial_struct       000000018000a0c0 f   termios.obj
 0001:000090d0       DCB_to_termios             000000018000a0d0 f   termios.obj
 0001:00009100       show_DCB                   000000018000a100 f   termios.obj
 0001:00009110       fstat                      000000018000a110 f   termios.obj
 0001:00009130       _snprintf_s                000000018000a130 f i termios.obj
 0001:000091a0       Java_gnu_io_CommPortIdentifier_native_1psmisc_1report_1owner 000000018000a1a0 f   fuserImp.obj
 0001:000091b4       __GSHandlerCheck           000000018000a1b4 f   LIBCMT:gshandler.obj
 0001:000091d4       __GSHandlerCheckCommon     000000018000a1d4 f   LIBCMT:gshandler.obj
 0001:00009240       __security_check_cookie    000000018000a240 f   LIBCMT:amdsecgs.obj
 0001:00009580       _DllMainCRTStartup         000000018000a580 f   LIBCMT:dll_dllmain.obj
 0001:000095c0       __raise_securityfailure    000000018000a5c0 f   LIBCMT:gs_report.obj
 0001:000095f4       __report_gsfailure         000000018000a5f4 f   LIBCMT:gs_report.obj
 0001:000096c8       __report_rangecheckfailure 000000018000a6c8 f   LIBCMT:gs_report.obj
 0001:000096dc       __report_securityfailure   000000018000a6dc f   LIBCMT:gs_report.obj
 0001:0000985c       __security_init_cookie     000000018000a85c f   LIBCMT:gs_support.obj
 0001:00009908       DllMain                    000000018000a908 f   LIBCMT:dll_dllmain_stub.obj
 0001:00009908       _get_startup_argv_mode     000000018000a908 f   LIBCMT:argv_mode.obj
 0001:00009910       ?__scrt_initialize_type_info@@YAXXZ 000000018000a910 f   LIBCMT:tncleanup.obj
 0001:00009920       ?__scrt_uninitialize_type_info@@YAXXZ 000000018000a920 f   LIBCMT:tncleanup.obj
 0001:0000992c       __local_stdio_scanf_options 000000018000a92c f i LIBCMT:default_local_stdio_options.obj
 0001:00009934       __scrt_initialize_default_local_stdio_options 000000018000a934 f   LIBCMT:default_local_stdio_options.obj
 0001:00009950       __scrt_acquire_startup_lock 000000018000a950 f   LIBCMT:utility.obj
 0001:0000998c       __scrt_dllmain_after_initialize_c 000000018000a98c f   LIBCMT:utility.obj
 0001:000099c0       __scrt_dllmain_before_initialize_c 000000018000a9c0 f   LIBCMT:utility.obj
 0001:000099d8       __scrt_dllmain_crt_thread_attach 000000018000a9d8 f   LIBCMT:utility.obj
 0001:00009a00       __scrt_dllmain_crt_thread_detach 000000018000aa00 f   LIBCMT:utility.obj
 0001:00009a18       __scrt_dllmain_exception_filter 000000018000aa18 f   LIBCMT:utility.obj
 0001:00009a78       __scrt_dllmain_uninitialize_c 000000018000aa78 f   LIBCMT:utility.obj
 0001:00009aa8       __scrt_dllmain_uninitialize_critical 000000018000aaa8 f   LIBCMT:utility.obj
 0001:00009abc       __scrt_initialize_crt      000000018000aabc f   LIBCMT:utility.obj
 0001:00009b08       __scrt_initialize_onexit_tables 000000018000ab08 f   LIBCMT:utility.obj
 0001:00009b94       __scrt_is_nonwritable_in_current_image 000000018000ab94 f   LIBCMT:utility.obj
 0001:00009c2c       __scrt_release_startup_lock 000000018000ac2c f   LIBCMT:utility.obj
 0001:00009c50       __scrt_uninitialize_crt    000000018000ac50 f   LIBCMT:utility.obj
 0001:00009c7c       __scrt_get_dyn_tls_init_callback 000000018000ac7c f   LIBCMT:dyn_tls_init.obj
 0001:00009c84       __crt_debugger_hook        000000018000ac84 f   LIBCMT:utility_desktop.obj
 0001:00009c8c       __scrt_fastfail            000000018000ac8c f   LIBCMT:utility_desktop.obj
 0001:00009dd8       _RTC_Initialize            000000018000add8 f   LIBCMT:initsect.obj
 0001:00009e14       _RTC_Terminate             000000018000ae14 f   LIBCMT:initsect.obj
 0001:00009e50       _guard_check_icall_nop     000000018000ae50 f i LIBCMT:guard_support.obj
 0001:00009e54       __isa_available_init       000000018000ae54 f   LIBCMT:cpu_disp.obj
 0001:0000a000       __scrt_is_ucrt_dll_in_use  000000018000b000 f   LIBCMT:ucrt_detection.obj
 0001:0000a020       memset_repstos             000000018000b020 f   libvcruntime:memset.obj
 0001:0000a040       memset                     000000018000b040 f   libvcruntime:memset.obj
 0001:0000a3c8       __C_specific_handler       000000018000b3c8 f   libvcruntime:riscchandler.obj
 0001:0000a5c0       __std_type_info_destroy_list 000000018000b5c0 f   libvcruntime:std_type_info.obj
 0001:0000a5ec       __vcrt_initialize          000000018000b5ec f   libvcruntime:initialization.obj
 0001:0000a614       __vcrt_thread_attach       000000018000b614 f   libvcruntime:initialization.obj
 0001:0000a628       __vcrt_thread_detach       000000018000b628 f   libvcruntime:initialization.obj
 0001:0000a63c       __vcrt_uninitialize        000000018000b63c f   libvcruntime:initialization.obj
 0001:0000a658       __vcrt_uninitialize_critical 000000018000b658 f   libvcruntime:initialization.obj
 0001:0000a668       __DestructExceptionObject  000000018000b668 f   libvcruntime:ehhelpers.obj
 0001:0000a6d8       ?_CallMemberFunction0@@YAXQEAX0@Z 000000018000b6d8 f i libvcruntime:ehhelpers.obj
 0001:0000a6f0       _NLG_Notify                000000018000b6f0 f   libvcruntime:notify.obj
 0001:0000a710       __NLG_Dispatch2            000000018000b710 f   libvcruntime:notify.obj
 0001:0000a720       __NLG_Return2              000000018000b720 f   libvcruntime:notify.obj
 0001:0000a724       __except_validate_context_record 000000018000b724 f   libvcruntime:jbcxrval.obj
 0001:0000a75c       __vcrt_freefls             000000018000b75c f   libvcruntime:per_thread_data.obj
 0001:0000a77c       __vcrt_freeptd             000000018000b77c f   libvcruntime:per_thread_data.obj
 0001:0000a7cc       __vcrt_getptd              000000018000b7cc f   libvcruntime:per_thread_data.obj
 0001:0000a7e8       __vcrt_getptd_noexit       000000018000b7e8 f   libvcruntime:per_thread_data.obj
 0001:0000a8a8       __vcrt_initialize_ptd      000000018000b8a8 f   libvcruntime:per_thread_data.obj
 0001:0000a8f0       __vcrt_uninitialize_ptd    000000018000b8f0 f   libvcruntime:per_thread_data.obj
 0001:0000a914       __vcrt_initialize_locks    000000018000b914 f   libvcruntime:locks.obj
 0001:0000a95c       __vcrt_uninitialize_locks  000000018000b95c f   libvcruntime:locks.obj
 0001:0000a9b0       memcpy_repmovs             000000018000b9b0 f   libvcruntime:memcpy.obj
 0001:0000a9d0       memcpy                     000000018000b9d0 f   libvcruntime:memcpy.obj
 0001:0000a9d0       memmove                    000000018000b9d0 f   libvcruntime:memcpy.obj
 0001:0000b198       __vcrt_FlsAlloc            000000018000c198 f   libvcruntime:winapi_downlevel.obj
 0001:0000b1e0       __vcrt_FlsFree             000000018000c1e0 f   libvcruntime:winapi_downlevel.obj
 0001:0000b228       __vcrt_FlsGetValue         000000018000c228 f   libvcruntime:winapi_downlevel.obj
 0001:0000b270       __vcrt_FlsSetValue         000000018000c270 f   libvcruntime:winapi_downlevel.obj
 0001:0000b2c4       __vcrt_InitializeCriticalSectionEx 000000018000c2c4 f   libvcruntime:winapi_downlevel.obj
 0001:0000b340       _CallSettingFrame          000000018000c340 f   libvcruntime:handlers.obj
 0001:0000b390       _CallSettingFrame_LookupContinuationIndex 000000018000c390 f   libvcruntime:handlers.obj
 0001:0000b3c0       _CallSettingFrame_NotifyContinuationAddr 000000018000c3c0 f   libvcruntime:handlers.obj
 0001:0000b3f0       _CallSettingFrameEncoded   000000018000c3f0 f   libvcruntime:handlers.obj
 0001:0000b438       __acrt_initialize_stdio    000000018000c438 f   libucrt:_file.obj
 0001:0000b558       __acrt_iob_func            000000018000c558 f   libucrt:_file.obj
 0001:0000b56c       __acrt_uninitialize_stdio  000000018000c56c f   libucrt:_file.obj
 0001:0000b5c8       _lock_file                 000000018000c5c8 f   libucrt:_file.obj
 0001:0000b5d4       _unlock_file               000000018000c5d4 f   libucrt:_file.obj
 0001:0000b9b8       ??$ensure_buffer_is_big_enough@D@formatting_buffer@__crt_stdio_output@@QEAA_N_K@Z 000000018000c9b8 f i libucrt:output.obj
 0001:0000ba60       ??$type_case_integer_parse_into_buffer@I@?$output_processor@DV?$stream_output_adapter@D@__crt_stdio_output@@V?$standard_base@DV?$stream_output_adapter@D@__crt_stdio_output@@@2@@__crt_stdio_output@@AEAAXII_N@Z 000000018000ca60 f i libucrt:output.obj
 0001:0000ba60       ??$type_case_integer_parse_into_buffer@I@?$output_processor@DV?$string_output_adapter@D@__crt_stdio_output@@V?$format_validation_base@DV?$string_output_adapter@D@__crt_stdio_output@@@2@@__crt_stdio_output@@AEAAXII_N@Z 000000018000ca60 f i libucrt:output.obj
 0001:0000ba60       ??$type_case_integer_parse_into_buffer@I@?$output_processor@DV?$string_output_adapter@D@__crt_stdio_output@@V?$standard_base@DV?$string_output_adapter@D@__crt_stdio_output@@@2@@__crt_stdio_output@@AEAAXII_N@Z 000000018000ca60 f i libucrt:output.obj
 0001:0000bae8       ??$type_case_integer_parse_into_buffer@_K@?$output_processor@DV?$stream_output_adapter@D@__crt_stdio_output@@V?$standard_base@DV?$stream_output_adapter@D@__crt_stdio_output@@@2@@__crt_stdio_output@@AEAAX_KI_N@Z 000000018000cae8 f i libucrt:output.obj
 0001:0000bae8       ??$type_case_integer_parse_into_buffer@_K@?$output_processor@DV?$string_output_adapter@D@__crt_stdio_output@@V?$format_validation_base@DV?$string_output_adapter@D@__crt_stdio_output@@@2@@__crt_stdio_output@@AEAAX_KI_N@Z 000000018000cae8 f i libucrt:output.obj
 0001:0000bae8       ??$type_case_integer_parse_into_buffer@_K@?$output_processor@DV?$string_output_adapter@D@__crt_stdio_output@@V?$standard_base@DV?$string_output_adapter@D@__crt_stdio_output@@@2@@__crt_stdio_output@@AEAAX_KI_N@Z 000000018000cae8 f i libucrt:output.obj
 0001:0000bb78       ??$write_multiple_characters@V?$stream_output_adapter@D@__crt_stdio_output@@D@__crt_stdio_output@@YAXAEBV?$stream_output_adapter@D@0@DHQEAH@Z 000000018000cb78 f i libucrt:output.obj
 0001:0000bc04       ??$write_multiple_characters@V?$string_output_adapter@D@__crt_stdio_output@@D@__crt_stdio_output@@YAXAEBV?$string_output_adapter@D@0@DHQEAH@Z 000000018000cc04 f i libucrt:output.obj
 0001:0000bc7c       ??0_LocaleUpdate@@QEAA@QEAU__crt_locale_pointers@@@Z 000000018000cc7c f i libucrt:output.obj
 0001:0000be48       ?crop_zeroes@__crt_stdio_output@@YAXPEADQEAU__crt_locale_pointers@@@Z 000000018000ce48 f i libucrt:output.obj
 0001:0000beb4       ?parse_int_from_format_string@?$output_processor@DV?$stream_output_adapter@D@__crt_stdio_output@@V?$standard_base@DV?$stream_output_adapter@D@__crt_stdio_output@@@2@@__crt_stdio_output@@AEAA_NQEAH@Z 000000018000ceb4 f i libucrt:output.obj
 0001:0000beb4       ?parse_int_from_format_string@?$output_processor@DV?$string_output_adapter@D@__crt_stdio_output@@V?$format_validation_base@DV?$string_output_adapter@D@__crt_stdio_output@@@2@@__crt_stdio_output@@AEAA_NQEAH@Z 000000018000ceb4 f i libucrt:output.obj
 0001:0000beb4       ?parse_int_from_format_string@?$output_processor@DV?$string_output_adapter@D@__crt_stdio_output@@V?$standard_base@DV?$string_output_adapter@D@__crt_stdio_output@@@2@@__crt_stdio_output@@AEAA_NQEAH@Z 000000018000ceb4 f i libucrt:output.obj
 0001:0000bf58       ?process@?$output_processor@DV?$stream_output_adapter@D@__crt_stdio_output@@V?$standard_base@DV?$stream_output_adapter@D@__crt_stdio_output@@@2@@__crt_stdio_output@@QEAAHXZ 000000018000cf58 f i libucrt:output.obj
 0001:0000c170       ?process@?$output_processor@DV?$string_output_adapter@D@__crt_stdio_output@@V?$format_validation_base@DV?$string_output_adapter@D@__crt_stdio_output@@@2@@__crt_stdio_output@@QEAAHXZ 000000018000d170 f i libucrt:output.obj
 0001:0000c388       ?process@?$output_processor@DV?$string_output_adapter@D@__crt_stdio_output@@V?$standard_base@DV?$string_output_adapter@D@__crt_stdio_output@@@2@@__crt_stdio_output@@QEAAHXZ 000000018000d388 f i libucrt:output.obj
 0001:0000c594       ?state_case_normal@?$output_processor@DV?$stream_output_adapter@D@__crt_stdio_output@@V?$standard_base@DV?$stream_output_adapter@D@__crt_stdio_output@@@2@@__crt_stdio_output@@AEAA_NXZ 000000018000d594 f i libucrt:output.obj
 0001:0000c604       ?state_case_normal@?$output_processor@DV?$string_output_adapter@D@__crt_stdio_output@@V?$format_validation_base@DV?$string_output_adapter@D@__crt_stdio_output@@@2@@__crt_stdio_output@@AEAA_NXZ 000000018000d604 f i libucrt:output.obj
 0001:0000c604       ?state_case_normal@?$output_processor@DV?$string_output_adapter@D@__crt_stdio_output@@V?$standard_base@DV?$string_output_adapter@D@__crt_stdio_output@@@2@@__crt_stdio_output@@AEAA_NXZ 000000018000d604 f i libucrt:output.obj
 0001:0000c678       ?state_case_normal_tchar@?$output_processor@DV?$stream_output_adapter@D@__crt_stdio_output@@V?$standard_base@DV?$stream_output_adapter@D@__crt_stdio_output@@@2@@__crt_stdio_output@@AEAA_ND@Z 000000018000d678 f i libucrt:output.obj
 0001:0000c71c       ?state_case_normal_tchar@?$output_processor@DV?$string_output_adapter@D@__crt_stdio_output@@V?$format_validation_base@DV?$string_output_adapter@D@__crt_stdio_output@@@2@@__crt_stdio_output@@AEAA_ND@Z 000000018000d71c f i libucrt:output.obj
 0001:0000c71c       ?state_case_normal_tchar@?$output_processor@DV?$string_output_adapter@D@__crt_stdio_output@@V?$standard_base@DV?$string_output_adapter@D@__crt_stdio_output@@@2@@__crt_stdio_output@@AEAA_ND@Z 000000018000d71c f i libucrt:output.obj
 0001:0000c7c4       ?state_case_size@?$output_processor@DV?$stream_output_adapter@D@__crt_stdio_output@@V?$standard_base@DV?$stream_output_adapter@D@__crt_stdio_output@@@2@@__crt_stdio_output@@AEAA_NXZ 000000018000d7c4 f i libucrt:output.obj
 0001:0000c938       ?state_case_size@?$output_processor@DV?$string_output_adapter@D@__crt_stdio_output@@V?$format_validation_base@DV?$string_output_adapter@D@__crt_stdio_output@@@2@@__crt_stdio_output@@AEAA_NXZ 000000018000d938 f i libucrt:output.obj
 0001:0000c938       ?state_case_size@?$output_processor@DV?$string_output_adapter@D@__crt_stdio_output@@V?$standard_base@DV?$string_output_adapter@D@__crt_stdio_output@@@2@@__crt_stdio_output@@AEAA_NXZ 000000018000d938 f i libucrt:output.obj
 0001:0000caac       ?state_case_type@?$output_processor@DV?$stream_output_adapter@D@__crt_stdio_output@@V?$standard_base@DV?$stream_output_adapter@D@__crt_stdio_output@@@2@@__crt_stdio_output@@AEAA_NXZ 000000018000daac f i libucrt:output.obj
 0001:0000cd30       ?state_case_type@?$output_processor@DV?$string_output_adapter@D@__crt_stdio_output@@V?$format_validation_base@DV?$string_output_adapter@D@__crt_stdio_output@@@2@@__crt_stdio_output@@AEAA_NXZ 000000018000dd30 f i libucrt:output.obj
 0001:0000cd30       ?state_case_type@?$output_processor@DV?$string_output_adapter@D@__crt_stdio_output@@V?$standard_base@DV?$string_output_adapter@D@__crt_stdio_output@@@2@@__crt_stdio_output@@AEAA_NXZ 000000018000dd30 f i libucrt:output.obj
 0001:0000cf98       ?type_case_Z@?$output_processor@DV?$stream_output_adapter@D@__crt_stdio_output@@V?$standard_base@DV?$stream_output_adapter@D@__crt_stdio_output@@@2@@__crt_stdio_output@@AEAA_NXZ 000000018000df98 f i libucrt:output.obj
 0001:0000cf98       ?type_case_Z@?$output_processor@DV?$string_output_adapter@D@__crt_stdio_output@@V?$format_validation_base@DV?$string_output_adapter@D@__crt_stdio_output@@@2@@__crt_stdio_output@@AEAA_NXZ 000000018000df98 f i libucrt:output.obj
 0001:0000cf98       ?type_case_Z@?$output_processor@DV?$string_output_adapter@D@__crt_stdio_output@@V?$standard_base@DV?$string_output_adapter@D@__crt_stdio_output@@@2@@__crt_stdio_output@@AEAA_NXZ 000000018000df98 f i libucrt:output.obj
 0001:0000d00c       ?type_case_a@?$output_processor@DV?$stream_output_adapter@D@__crt_stdio_output@@V?$standard_base@DV?$stream_output_adapter@D@__crt_stdio_output@@@2@@__crt_stdio_output@@AEAA_NXZ 000000018000e00c f i libucrt:output.obj
 0001:0000d00c       ?type_case_a@?$output_processor@DV?$string_output_adapter@D@__crt_stdio_output@@V?$format_validation_base@DV?$string_output_adapter@D@__crt_stdio_output@@@2@@__crt_stdio_output@@AEAA_NXZ 000000018000e00c f i libucrt:output.obj
 0001:0000d00c       ?type_case_a@?$output_processor@DV?$string_output_adapter@D@__crt_stdio_output@@V?$standard_base@DV?$string_output_adapter@D@__crt_stdio_output@@@2@@__crt_stdio_output@@AEAA_NXZ 000000018000e00c f i libucrt:output.obj
 0001:0000d224       ?type_case_c_tchar@?$output_processor@DV?$stream_output_adapter@D@__crt_stdio_output@@V?$standard_base@DV?$stream_output_adapter@D@__crt_stdio_output@@@2@@__crt_stdio_output@@AEAA_ND@Z 000000018000e224 f i libucrt:output.obj
 0001:0000d224       ?type_case_c_tchar@?$output_processor@DV?$string_output_adapter@D@__crt_stdio_output@@V?$format_validation_base@DV?$string_output_adapter@D@__crt_stdio_output@@@2@@__crt_stdio_output@@AEAA_ND@Z 000000018000e224 f i libucrt:output.obj
 0001:0000d224       ?type_case_c_tchar@?$output_processor@DV?$string_output_adapter@D@__crt_stdio_output@@V?$standard_base@DV?$string_output_adapter@D@__crt_stdio_output@@@2@@__crt_stdio_output@@AEAA_ND@Z 000000018000e224 f i libucrt:output.obj
 0001:0000d2e0       ?type_case_integer@?$output_processor@DV?$stream_output_adapter@D@__crt_stdio_output@@V?$standard_base@DV?$stream_output_adapter@D@__crt_stdio_output@@@2@@__crt_stdio_output@@AEAA_NI_N@Z 000000018000e2e0 f i libucrt:output.obj
 0001:0000d2e0       ?type_case_integer@?$output_processor@DV?$string_output_adapter@D@__crt_stdio_output@@V?$format_validation_base@DV?$string_output_adapter@D@__crt_stdio_output@@@2@@__crt_stdio_output@@AEAA_NI_N@Z 000000018000e2e0 f i libucrt:output.obj
 0001:0000d2e0       ?type_case_integer@?$output_processor@DV?$string_output_adapter@D@__crt_stdio_output@@V?$standard_base@DV?$string_output_adapter@D@__crt_stdio_output@@@2@@__crt_stdio_output@@AEAA_NI_N@Z 000000018000e2e0 f i libucrt:output.obj
 0001:0000d4a8       ?type_case_n@?$output_processor@DV?$stream_output_adapter@D@__crt_stdio_output@@V?$standard_base@DV?$stream_output_adapter@D@__crt_stdio_output@@@2@@__crt_stdio_output@@AEAA_NXZ 000000018000e4a8 f i libucrt:output.obj
 0001:0000d4a8       ?type_case_n@?$output_processor@DV?$string_output_adapter@D@__crt_stdio_output@@V?$format_validation_base@DV?$string_output_adapter@D@__crt_stdio_output@@@2@@__crt_stdio_output@@AEAA_NXZ 000000018000e4a8 f i libucrt:output.obj
 0001:0000d4a8       ?type_case_n@?$output_processor@DV?$string_output_adapter@D@__crt_stdio_output@@V?$standard_base@DV?$string_output_adapter@D@__crt_stdio_output@@@2@@__crt_stdio_output@@AEAA_NXZ 000000018000e4a8 f i libucrt:output.obj
 0001:0000d584       ?type_case_s@?$output_processor@DV?$stream_output_adapter@D@__crt_stdio_output@@V?$standard_base@DV?$stream_output_adapter@D@__crt_stdio_output@@@2@@__crt_stdio_output@@AEAA_NXZ 000000018000e584 f i libucrt:output.obj
 0001:0000d584       ?type_case_s@?$output_processor@DV?$string_output_adapter@D@__crt_stdio_output@@V?$format_validation_base@DV?$string_output_adapter@D@__crt_stdio_output@@@2@@__crt_stdio_output@@AEAA_NXZ 000000018000e584 f i libucrt:output.obj
 0001:0000d584       ?type_case_s@?$output_processor@DV?$string_output_adapter@D@__crt_stdio_output@@V?$standard_base@DV?$string_output_adapter@D@__crt_stdio_output@@@2@@__crt_stdio_output@@AEAA_NXZ 000000018000e584 f i libucrt:output.obj
 0001:0000d61c       ?validate_stream_is_ansi_if_required@?$__acrt_stdio_char_traits@D@@SA_NQEAU_iobuf@@@Z 000000018000e61c f i libucrt:output.obj
 0001:0000d6b8       ?write_stored_string_tchar@?$output_processor@DV?$stream_output_adapter@D@__crt_stdio_output@@V?$standard_base@DV?$stream_output_adapter@D@__crt_stdio_output@@@2@@__crt_stdio_output@@AEAA_ND@Z 000000018000e6b8 f i libucrt:output.obj
 0001:0000d7dc       ?write_stored_string_tchar@?$output_processor@DV?$string_output_adapter@D@__crt_stdio_output@@V?$format_validation_base@DV?$string_output_adapter@D@__crt_stdio_output@@@2@@__crt_stdio_output@@AEAA_ND@Z 000000018000e7dc f i libucrt:output.obj
 0001:0000d7dc       ?write_stored_string_tchar@?$output_processor@DV?$string_output_adapter@D@__crt_stdio_output@@V?$standard_base@DV?$string_output_adapter@D@__crt_stdio_output@@@2@@__crt_stdio_output@@AEAA_ND@Z 000000018000e7dc f i libucrt:output.obj
 0001:0000d8b4       ?write_string@?$string_output_adapter@D@__crt_stdio_output@@QEBAXQEBDHQEAHAEAV__crt_deferred_errno_cache@@@Z 000000018000e8b4 f i libucrt:output.obj
 0001:0000d958       ?write_string_impl@?$output_adapter_common@DV?$stream_output_adapter@D@__crt_stdio_output@@@__crt_stdio_output@@IEBAXQEBDHQEAHAEAV__crt_deferred_errno_cache@@@Z 000000018000e958 f i libucrt:output.obj
 0001:0000da50       __stdio_common_vfprintf    000000018000ea50 f   libucrt:output.obj
 0001:0000dadc       __stdio_common_vsnprintf_s 000000018000eadc f   libucrt:output.obj
 0001:0000dc10       __stdio_common_vsprintf    000000018000ec10 f   libucrt:output.obj
 0001:0000dc18       __acrt_errno_from_os_error 000000018000ec18 f   libucrt:errno.obj
 0001:0000dc60       __acrt_errno_map_os_error  000000018000ec60 f   libucrt:errno.obj
 0001:0000dcb0       __doserrno                 000000018000ecb0 f   libucrt:errno.obj
 0001:0000dcd0       _errno                     000000018000ecd0 f   libucrt:errno.obj
 0001:0000dcf0       strerror                   000000018000ecf0 f   libucrt:strerror.obj
 0001:0000ddb0       strncmp                    000000018000edb0 f   libucrt:strncmp.obj
 0001:0000de30       free                       000000018000ee30 f   libucrt:free.obj
 0001:0000de44       malloc                     000000018000ee44 f   libucrt:malloc.obj
 0001:0000df0c       ??$__acrt_mbs_to_wcs_cp@U__crt_win32_buffer_internal_dynamic_resizing@@@@YAHQEBDAEAV?$__crt_win32_buffer@_WU__crt_win32_buffer_internal_dynamic_resizing@@@@I@Z 000000018000ef0c f i libucrt:stat.obj
 0001:0000e79c       _fstat64i32                000000018000f79c f   libucrt:stat.obj
 0001:0000e890       _stat64i32                 000000018000f890 f   libucrt:stat.obj
 0001:0000ebac       __acrt_stdio_flush_nolock  000000018000fbac f   libucrt:fflush.obj
 0001:0000ec28       _fflush_nolock             000000018000fc28 f   libucrt:fflush.obj
 0001:0000ec74       _flushall                  000000018000fc74 f   libucrt:fflush.obj
 0001:0000ec7c       fflush                     000000018000fc7c f   libucrt:fflush.obj
 0001:0000ece4       __acrt_initialize_clock    000000018000fce4 f   libucrt:clock.obj
 0001:0000ed38       clock                      000000018000fd38 f   libucrt:clock.obj
 0001:0000ed9c       _initterm                  000000018000fd9c f   libucrt:initterm.obj
 0001:0000ee00       _initterm_e                000000018000fe00 f   libucrt:initterm.obj
 0001:0000ee40       _seh_filter_dll            000000018000fe40 f   libucrt:exception_filter.obj
 0001:0000ee54       _seh_filter_exe            000000018000fe54 f   libucrt:exception_filter.obj
 0001:0000f244       __acrt_initialize_thread_local_exit_callback 0000000180010244 f   libucrt:exit.obj
 0001:0000f24c       _cexit                     000000018001024c f   libucrt:exit.obj
 0001:0000f25c       _exit                      000000018001025c f   libucrt:exit.obj
 0001:0000f268       _is_c_termination_complete 0000000180010268 f   libucrt:exit.obj
 0001:0000f434       __acrt_allocate_buffer_for_argv 0000000180010434 f   libucrt:argv_parsing.obj
 0001:0000f494       _configure_narrow_argv     0000000180010494 f   libucrt:argv_parsing.obj
 0001:0000f8e0       __dcrt_get_or_create_narrow_environment_nolock 00000001800108e0 f   libucrt:environment_initialization.obj
 0001:0000f91c       __dcrt_uninitialize_environments_nolock 000000018001091c f   libucrt:environment_initialization.obj
 0001:0000f954       _initialize_narrow_environment 0000000180010954 f   libucrt:environment_initialization.obj
 0001:0000fab0       _execute_onexit_table      0000000180010ab0 f   libucrt:onexit.obj
 0001:0000faec       _initialize_onexit_table   0000000180010aec f   libucrt:onexit.obj
 0001:0000fb4c       __acrt_uninitialize_command_line 0000000180010b4c f   libucrt:argv_data.obj
 0001:0000fc44       __acrt_initialize          0000000180010c44 f   libucrt:initialization.obj
 0001:0000fc58       __acrt_thread_attach       0000000180010c58 f   libucrt:initialization.obj
 0001:0000fc6c       __acrt_thread_detach       0000000180010c6c f   libucrt:initialization.obj
 0001:0000fc7c       __acrt_uninitialize        0000000180010c7c f   libucrt:initialization.obj
 0001:0000fcb4       __acrt_uninitialize_critical 0000000180010cb4 f   libucrt:initialization.obj
 0001:0000fcc4       terminate                  0000000180010cc4 f   libucrt:terminate.obj
 0001:0000fce4       strcpy_s                   0000000180010ce4 f   libucrt:strcpy_s.obj
 0001:0000fd44       abort                      0000000180010d44 f   libucrt:abort.obj
 0001:0000fd9c       ??$parse_integer@KV?$c_string_character_source@D@__crt_strtox@@@__crt_strtox@@YAKQEAU__crt_locale_pointers@@V?$c_string_character_source@D@0@H_N@Z 0000000180010d9c f i libucrt:atox.obj
 0001:000100a4       _ischartype_l              00000001800110a4 f i libucrt:atox.obj
 0001:0001011c       atol                       000000018001111c f   libucrt:atox.obj
 0001:00010148       calloc                     0000000180011148 f   libucrt:calloc.obj
 0001:00010150       wcsncmp                    0000000180011150 f   libucrt:wcsncmp.obj
 0001:0001017c       __acrt_call_reportfault    000000018001117c f   libucrt:invalid_parameter.obj
 0001:000102d8       __acrt_initialize_invalid_parameter_handler 00000001800112d8 f   libucrt:invalid_parameter.obj
 0001:000102e0       _invalid_parameter         00000001800112e0 f   libucrt:invalid_parameter.obj
 0001:00010390       _invalid_parameter_noinfo  0000000180011390 f   libucrt:invalid_parameter.obj
 0001:000103b0       _invoke_watson             00000001800113b0 f   libucrt:invalid_parameter.obj
 0001:000103f8       _calloc_base               00000001800113f8 f   libucrt:calloc_base.obj
 0001:00010470       _free_base                 0000000180011470 f   libucrt:free_base.obj
 0001:00010688       __acrt_AppPolicyGetProcessTerminationMethodInternal 0000000180011688 f   libucrt:winapi_thunks.obj
 0001:000106d8       __acrt_AreFileApisANSI     00000001800116d8 f   libucrt:winapi_thunks.obj
 0001:00010714       __acrt_CompareStringEx     0000000180011714 f   libucrt:winapi_thunks.obj
 0001:000107f0       __acrt_FlsAlloc            00000001800117f0 f   libucrt:winapi_thunks.obj
 0001:00010838       __acrt_FlsFree             0000000180011838 f   libucrt:winapi_thunks.obj
 0001:00010880       __acrt_FlsGetValue         0000000180011880 f   libucrt:winapi_thunks.obj
 0001:000108c8       __acrt_FlsSetValue         00000001800118c8 f   libucrt:winapi_thunks.obj
 0001:0001091c       __acrt_InitializeCriticalSectionEx 000000018001191c f   libucrt:winapi_thunks.obj
 0001:00010980       __acrt_LCMapStringEx       0000000180011980 f   libucrt:winapi_thunks.obj
 0001:00010a5c       __acrt_LocaleNameToLCID    0000000180011a5c f   libucrt:winapi_thunks.obj
 0001:00010aac       __acrt_initialize_winapi_thunks 0000000180011aac f   libucrt:winapi_thunks.obj
 0001:00010ae0       __acrt_uninitialize_winapi_thunks 0000000180011ae0 f   libucrt:winapi_thunks.obj
 0001:00010b24       _fcloseall                 0000000180011b24 f   libucrt:closeall.obj
 0001:00010bd8       __acrt_stdio_free_buffer_nolock 0000000180011bd8 f   libucrt:_freebuf.obj
 0001:00010e14       __acrt_initialize_lowio    0000000180011e14 f   libucrt:ioinit.obj
 0001:00010e50       __acrt_uninitialize_lowio  0000000180011e50 f   libucrt:ioinit.obj
 0001:00010e90       _malloc_base               0000000180011e90 f   libucrt:malloc_base.obj
 0001:00010ef0       strtol                     0000000180011ef0 f   libucrt:strtox.obj
 0001:00010f1c       _mbtowc_l                  0000000180011f1c f   libucrt:mbtowc.obj
 0001:0001109c       mbtowc                     000000018001209c f   libucrt:mbtowc.obj
 0001:000110a4       _wctomb_s_l                00000001800120a4 f   libucrt:wctomb.obj
 0001:00011240       wctomb_s                   0000000180012240 f   libucrt:wctomb.obj
 0001:00011254       strnlen                    0000000180012254 f   libucrt:strnlen.obj
 0001:000113a4       wcsnlen                    00000001800123a4 f   libucrt:strnlen.obj
 0001:000118f4       __acrt_freeptd             00000001800128f4 f   libucrt:per_thread_data.obj
 0001:00011938       __acrt_getptd              0000000180012938 f   libucrt:per_thread_data.obj
 0001:00011a0c       __acrt_getptd_head         0000000180012a0c f   libucrt:per_thread_data.obj
 0001:00011ab4       __acrt_getptd_noexit       0000000180012ab4 f   libucrt:per_thread_data.obj
 0001:00011b80       __acrt_initialize_ptd      0000000180012b80 f   libucrt:per_thread_data.obj
 0001:00011bbc       __acrt_uninitialize_ptd    0000000180012bbc f   libucrt:per_thread_data.obj
 0001:00011be0       __acrt_update_locale_info  0000000180012be0 f   libucrt:locale_update.obj
 0001:00011c14       __acrt_update_multibyte_info 0000000180012c14 f   libucrt:locale_update.obj
 0001:000124e0       __acrt_fp_format           00000001800134e0 f   libucrt:cvt.obj
 0001:000127e4       _fileno                    00000001800137e4 f   libucrt:fileno.obj
 0001:0001280c       _fputc_nolock              000000018001380c f   libucrt:fputc.obj
 0001:00012824       _get_printf_count_output   0000000180013824 f   libucrt:printf_count_output.obj
 0001:0001283c       __acrt_stdio_begin_temporary_buffering_nolock 000000018001383c f   libucrt:_sftbuf.obj
 0001:0001290c       __acrt_stdio_end_temporary_buffering_nolock 000000018001390c f   libucrt:_sftbuf.obj
 0001:000129b8       __acrt_set_locale_changed  00000001800139b8 f   libucrt:wsetlocale.obj
 0001:000129c4       __acrt_uninitialize_locale 00000001800139c4 f   libucrt:wsetlocale.obj
 0001:000129f4       __sys_errlist              00000001800139f4 f   libucrt:syserr.obj
 0001:000129fc       __sys_nerr                 00000001800139fc f   libucrt:syserr.obj
 0001:00012a04       strncpy_s                  0000000180013a04 f   libucrt:strncpy_s.obj
 0001:00012ad8       _getdrive                  0000000180013ad8 f   libucrt:drive.obj
 0001:00012bd0       ??$__acrt_get_full_path_name_wide@U__crt_win32_buffer_no_resizing@@@@YAHQEB_WAEAV?$__crt_win32_buffer@_WU__crt_win32_buffer_no_resizing@@@@@Z 0000000180013bd0 f i libucrt:fullpath.obj
 0001:00012c44       ??$__acrt_get_full_path_name_wide@U__crt_win32_buffer_public_dynamic_resizing@@@@YAHQEB_WAEAV?$__crt_win32_buffer@_WU__crt_win32_buffer_public_dynamic_resizing@@@@@Z 0000000180013c44 f i libucrt:fullpath.obj
 0001:00012d28       ??$__acrt_wcs_to_mbs_cp@U__crt_win32_buffer_no_resizing@@@@YAHQEB_WAEAV?$__crt_win32_buffer@DU__crt_win32_buffer_no_resizing@@@@I@Z 0000000180013d28 f i libucrt:fullpath.obj
 0001:00012e3c       ?detach@?$__crt_win32_buffer@_WU__crt_win32_buffer_public_dynamic_resizing@@@@QEAAPEA_WXZ 0000000180013e3c f i libucrt:fullpath.obj
 0001:00012f24       _wfullpath                 0000000180013f24 f   libucrt:fullpath.obj
 0001:00012fd8       wcspbrk                    0000000180013fd8 f   libucrt:wcspbrk.obj
 0001:0001300c       __ascii_wcsicmp            000000018001400c f   libucrt:wcsicmp.obj
 0001:0001304c       _wcsicmp                   000000018001404c f   libucrt:wcsicmp.obj
 0001:00013094       _wcsicmp_l                 0000000180014094 f   libucrt:wcsicmp.obj
 0001:000131bc       __acrt_MultiByteToWideChar 00000001800141bc f   libucrt:multibytetowidechar.obj
 0001:00013218       __acrt_lowio_create_handle_array 0000000180014218 f   libucrt:osfinfo.obj
 0001:000132c0       __acrt_lowio_destroy_handle_array 00000001800142c0 f   libucrt:osfinfo.obj
 0001:00013310       __acrt_lowio_ensure_fh_exists 0000000180014310 f   libucrt:osfinfo.obj
 0001:000133b8       __acrt_lowio_lock_fh       00000001800143b8 f   libucrt:osfinfo.obj
 0001:000133e0       __acrt_lowio_unlock_fh     00000001800143e0 f   libucrt:osfinfo.obj
 0001:00013408       _free_osfhnd               0000000180014408 f   libucrt:osfinfo.obj
 0001:000134c4       _get_osfhandle             00000001800144c4 f   libucrt:osfinfo.obj
 0001:0001353c       ??$__crt_time_is_leap_year@H@@YA_NH@Z 000000018001453c f i libucrt:loctotime.obj
 0001:000137c8       __loctotime64_t            00000001800147c8 f   libucrt:loctotime.obj
 0001:000137d0       __acrt_initialize_locks    00000001800147d0 f   libucrt:locks.obj
 0001:00013818       __acrt_lock                0000000180014818 f   libucrt:locks.obj
 0001:00013834       __acrt_uninitialize_locks  0000000180014834 f   libucrt:locks.obj
 0001:0001386c       __acrt_unlock              000000018001486c f   libucrt:locks.obj
 0001:00013914       _commit                    0000000180014914 f   libucrt:commit.obj
 0001:00014208       _write                     0000000180015208 f   libucrt:write.obj
 0001:000142f4       _write_nolock              00000001800152f4 f   libucrt:write.obj
 0001:000145d0       __acrt_get_process_end_policy 00000001800155d0 f   libucrt:win_policies.obj
 0001:00014620       ??$__acrt_wcs_to_mbs_cp@U__crt_win32_buffer_internal_dynamic_resizing@@@@YAHQEB_WAEAV?$__crt_win32_buffer@DU__crt_win32_buffer_internal_dynamic_resizing@@@@I@Z 0000000180015620 f i libucrt:argv_wildcards.obj
 0001:00014e50       __acrt_expand_narrow_argv_wildcards 0000000180015e50 f   libucrt:argv_wildcards.obj
 0001:00014e58       __acrt_GetModuleFileNameA  0000000180015e58 f   libucrt:getmodulefilenamea.obj
 0001:000156a4       __acrt_initialize_multibyte 00000001800166a4 f   libucrt:mbctype.obj
 0001:00015704       __acrt_update_thread_multibyte_data 0000000180016704 f   libucrt:mbctype.obj
 0001:00015720       _setmbcp_nolock            0000000180016720 f   libucrt:mbctype.obj
 0001:00015a54       _ismbblead                 0000000180016a54 f   libucrt:ismbbyte.obj
 0001:00015a68       __acrt_initialize_command_line 0000000180016a68 f   libucrt:argv_data.obj
 0001:00015a90       __acrt_WideCharToMultiByte 0000000180016a90 f   libucrt:widechartomultibyte.obj
 0001:00015b28       __dcrt_get_narrow_environment_from_os 0000000180016b28 f   libucrt:get_environment_from_os.obj
 0001:00016034       __dcrt_set_variable_in_narrow_environment_nolock 0000000180017034 f   libucrt:setenv.obj
 0001:0001603c       _recalloc_base             000000018001703c f   libucrt:recalloc.obj
 0001:000160d4       __acrt_initialize_heap     00000001800170d4 f   libucrt:heap_handle.obj
 0001:000160f0       __acrt_uninitialize_heap   00000001800170f0 f   libucrt:heap_handle.obj
 0001:000160fc       __acrt_execute_initializers 00000001800170fc f   libucrt:shared_initialization.obj
 0001:0001617c       __acrt_execute_uninitializers 000000018001717c f   libucrt:shared_initialization.obj
 0001:000161b8       __acrt_initialize_new_handler 00000001800171b8 f   libucrt:new_handler.obj
 0001:000161c0       _callnewh                  00000001800171c0 f   libucrt:new_handler.obj
 0001:000161f0       _query_new_handler         00000001800171f0 f   libucrt:new_handler.obj
 0001:0001626c       __acrt_get_sigabrt_handler 000000018001726c f   libucrt:signal.obj
 0001:0001629c       __acrt_initialize_signal_handlers 000000018001729c f   libucrt:signal.obj
 0001:000162bc       raise                      00000001800172bc f   libucrt:signal.obj
 0001:00016528       __acrt_has_user_matherr    0000000180017528 f   libucrt:matherr.obj
 0001:00016548       __acrt_initialize_user_matherr 0000000180017548 f   libucrt:matherr.obj
 0001:00016550       __acrt_invoke_user_matherr 0000000180017550 f   libucrt:matherr.obj
 0001:00016580       __pctype_func              0000000180017580 f   libucrt:ctype.obj
 0001:000165b0       _isctype_l                 00000001800175b0 f   libucrt:isctype.obj
 0001:000166b8       _query_new_mode            00000001800176b8 f   libucrt:new_mode.obj
 0001:000166c0       __acrt_DownlevelLocaleNameToLCID 00000001800176c0 f   libucrt:lcidtoname_downlevel.obj
 0001:00016770       _fclose_nolock             0000000180017770 f   libucrt:fclose.obj
 0001:000167f4       fclose                     00000001800177f4 f   libucrt:fclose.obj
 0001:00016858       _isleadbyte_l              0000000180017858 f i libucrt:_wctype.obj
 0001:000168a4       ?__mbrtowc_utf8@__crt_mbstring@@YA_KPEA_WPEBD_KPEAU_Mbstatet@@@Z 00000001800178a4 f   libucrt:mbrtowc.obj
 0001:000168e0       ?__mbsrtowcs_utf8@__crt_mbstring@@YA_KPEA_WPEAPEBD_KPEAU_Mbstatet@@@Z 00000001800178e0 f   libucrt:mbrtowc.obj
 0001:00016a58       ___lc_codepage_func        0000000180017a58 f   libucrt:initctype.obj
 0001:00016a88       ?__c32rtomb_utf8@__crt_mbstring@@YA_KPEAD_UPEAU_Mbstatet@@@Z 0000000180017a88 f   libucrt:c32rtomb.obj
 0001:00016b3c       __acrt_add_locale_ref      0000000180017b3c f   libucrt:locale_refcounting.obj
 0001:00016bc8       __acrt_free_locale         0000000180017bc8 f   libucrt:locale_refcounting.obj
 0001:00016d40       __acrt_locale_add_lc_time_reference 0000000180017d40 f   libucrt:locale_refcounting.obj
 0001:00016d68       __acrt_locale_free_lc_time_if_unreferenced 0000000180017d68 f   libucrt:locale_refcounting.obj
 0001:00016da0       __acrt_locale_release_lc_time_reference 0000000180017da0 f   libucrt:locale_refcounting.obj
 0001:00016dc8       __acrt_release_locale_ref  0000000180017dc8 f   libucrt:locale_refcounting.obj
 0001:00016e70       __acrt_update_thread_locale_data 0000000180017e70 f   libucrt:locale_refcounting.obj
 0001:00016edc       _updatetlocinfoEx_nolock   0000000180017edc f   libucrt:locale_refcounting.obj
 0001:00016f44       __acrt_fp_strflt_to_string 0000000180017f44 f   libucrt:_fptostr.obj
 0001:00017030       ?divide@__crt_strtox@@YA_KAEAUbig_integer@1@AEBU21@@Z 0000000180018030 f i libucrt:cfout.obj
 0001:0001745c       __acrt_fltout              000000018001845c f   libucrt:cfout.obj
 0001:00018878       __acrt_stdio_flush_and_write_narrow_nolock 0000000180019878 f   libucrt:_flsbuf.obj
 0001:00018964       _isatty                    0000000180019964 f   libucrt:isatty.obj
 0001:000189c4       __acrt_locale_free_monetary 00000001800199c4 f   libucrt:initmon.obj
 0001:00018ad0       __acrt_locale_free_numeric 0000000180019ad0 f   libucrt:initnum.obj
 0001:00018b94       __acrt_locale_free_time    0000000180019b94 f   libucrt:inittime.obj
 0001:00018c9c       __acrt_GetStringTypeA      0000000180019c9c f   libucrt:getstringtypea.obj
 0001:00019014       _wgetcwd                   000000018001a014 f   libucrt:getcwd.obj
 0001:0001903c       _towlower_l                000000018001a03c f   libucrt:towlower.obj
 0001:000190f8       _query_app_type            000000018001a0f8 f   libucrt:report_runtime_error.obj
 0001:00019100       __acrt_initialize_timeset  000000018001a100 f   libucrt:timeset.obj
 0001:00019144       __daylight                 000000018001a144 f   libucrt:timeset.obj
 0001:0001914c       __dstbias                  000000018001a14c f   libucrt:timeset.obj
 0001:00019154       __timezone                 000000018001a154 f   libucrt:timeset.obj
 0001:0001915c       __tzname                   000000018001a15c f   libucrt:timeset.obj
 0001:00019164       _get_daylight              000000018001a164 f   libucrt:timeset.obj
 0001:00019194       _get_dstbias               000000018001a194 f   libucrt:timeset.obj
 0001:000191c4       _get_timezone              000000018001a1c4 f   libucrt:timeset.obj
 0001:00019b98       __tzset                    000000018001ab98 f   libucrt:tzset.obj
 0001:00019bd8       _isindst                   000000018001abd8 f   libucrt:tzset.obj
 0001:00019d94       _lseeki64                  000000018001ad94 f   libucrt:lseek.obj
 0001:00019d9c       _lseeki64_nolock           000000018001ad9c f   libucrt:lseek.obj
 0001:00019da4       _putwch_nolock             000000018001ada4 f   libucrt:putwch.obj
 0001:00019de0       qsort                      000000018001ade0 f   libucrt:qsort.obj
 0001:0001a230       strpbrk                    000000018001b230 f   libucrt:strpbrk.obj
 0001:0001a610       _mbsdec                    000000018001b610 f   libucrt:mbsdec.obj
 0001:0001a618       _mbsdec_l                  000000018001b618 f   libucrt:mbsdec.obj
 0001:0001a9c4       __acrt_LCMapStringA        000000018001b9c4 f   libucrt:lcmapstringa.obj
 0001:0001aa74       _strnicoll                 000000018001ba74 f   libucrt:strnicol.obj
 0001:0001aa8c       _strnicoll_l               000000018001ba8c f   libucrt:strnicol.obj
 0001:0001ab8c       __acrt_SetEnvironmentVariableA 000000018001bb8c f   libucrt:setenvironmentvariablea.obj
 0001:0001ad24       _msize_base                000000018001bd24 f   libucrt:msize.obj
 0001:0001ad60       _realloc_base              000000018001bd60 f   libucrt:realloc_base.obj
 0001:0001addc       __ascii_wcsnicmp           000000018001bddc f   libucrt:wcsnicmp.obj
 0001:0001ae9c       _close                     000000018001be9c f   libucrt:close.obj
 0001:0001af40       _close_nolock              000000018001bf40 f   libucrt:close.obj
 0001:0001b000       ?__acrt_stdio_free_stream@@YAXV__crt_stdio_stream@@@Z 000000018001c000 f   libucrt:stream.obj
 0001:0001b01c       ?__mbrtoc32_utf8@__crt_mbstring@@YA_KPEA_UPEBD_KPEAU_Mbstatet@@@Z 000000018001c01c f   libucrt:mbrtoc32.obj
 0001:0001b1f8       fegetenv                   000000018001c1f8 f   libucrt:fegetenv.obj
 0001:0001b218       fesetenv                   000000018001c218 f   libucrt:fesetenv.obj
 0001:0001b264       feholdexcept               000000018001c264 f   libucrt:feholdexcept.obj
 0001:0001b2b4       ceil                       000000018001c2b4 f   libucrt:ceil.obj
 0001:0001b380       log10                      000000018001c380 f   libucrt:log10.obj
 0001:0001b92c       __acrt_stdio_allocate_buffer_nolock 000000018001c92c f   libucrt:_getbuf.obj
 0001:0001b994       __acrt_LCMapStringW        000000018001c994 f   libucrt:lcmapstringw.obj
 0001:0001bba0       getenv_s                   000000018001cba0 f   libucrt:getenv.obj
 0001:0001bba8       __dcrt_lowio_ensure_console_output_initialized 000000018001cba8 f   libucrt:initcon.obj
 0001:0001bbfc       __dcrt_terminate_console_output 000000018001cbfc f   libucrt:initcon.obj
 0001:0001bc18       __dcrt_write_console       000000018001cc18 f   libucrt:initcon.obj
 0001:0001bcd8       __strncnt                  000000018001ccd8 f   libucrt:strncnt.obj
 0001:0001bcf0       __ascii_strnicmp           000000018001ccf0 f   libucrt:strnicmp.obj
 0001:0001bd3c       _strnicmp                  000000018001cd3c f   libucrt:strnicmp.obj
 0001:0001bd8c       _strnicmp_l                000000018001cd8c f   libucrt:strnicmp.obj
 0001:0001c19c       __acrt_CompareStringA      000000018001d19c f   libucrt:comparestringa.obj
 0001:0001c228       __acrt_fenv_get_control    000000018001d228 f   libucrt:_fenvutils.obj
 0001:0001c31c       __acrt_fenv_get_status     000000018001d31c f   libucrt:_fenvutils.obj
 0001:0001c370       __acrt_fenv_set_control    000000018001d370 f   libucrt:_fenvutils.obj
 0001:0001c4b8       __acrt_fenv_set_status     000000018001d4b8 f   libucrt:_fenvutils.obj
 0001:0001c53c       _clearfp                   000000018001d53c f   libucrt:ieee.obj
 0001:0001c6d0       _handle_error              000000018001d6d0 f   libucrt:libm_error.obj
 0001:0001c7f8       _handle_nan                000000018001d7f8 f   libucrt:libm_error.obj
 0001:0001c820       __acrt_initialize_fma3     000000018001d820 f   libucrt:fma3_available.obj
 0001:0001c890       _log10_special             000000018001d890 f   libucrt:log_special.obj
 0001:0001c960       _get_fpsr                  000000018001d960 f   libucrt:fpsr.obj
 0001:0001c970       _set_fpsr                  000000018001d970 f   libucrt:fpsr.obj
 0001:0001c97a       _fclrf                     000000018001d97a f   libucrt:fpsr.obj
 0001:0001c98e       _frnd                      000000018001d98e f   libucrt:fpsr.obj
 0001:0001c9b0       _raise_exc                 000000018001d9b0 f   libucrt:fpexcept.obj
 0001:0001c9d8       _raise_exc_ex              000000018001d9d8 f   libucrt:fpexcept.obj
 0001:0001cce8       _set_errno_from_matherr    000000018001dce8 f   libucrt:fpexcept.obj
 0001:0001cd18       _clrfp                     000000018001dd18 f   libucrt:fpctrl.obj
 0001:0001cd38       _ctrlfp                    000000018001dd38 f   libucrt:fpctrl.obj
 0001:0001cdb4       _set_statfp                000000018001ddb4 f   libucrt:fpctrl.obj
 0001:0001cdd4       _statfp                    000000018001ddd4 f   libucrt:fpctrl.obj
 0001:0001cdf0       _FindPESection             000000018001ddf0 f   LIBCMT:pesect.obj
 0001:0001ce40       _IsNonwritableInCurrentImage 000000018001de40 f   LIBCMT:pesect.obj
 0001:0001ce90       _ValidateImageBase         000000018001de90 f   LIBCMT:pesect.obj
 0001:0001ced0       __chkstk                   000000018001ded0 f   LIBCMT:chkstk.obj
 0001:0001ced0       _alloca_probe              000000018001ded0 f   LIBCMT:chkstk.obj
 0001:0001cf20       wcsrchr                    000000018001df20 f   libvcruntime:wcsrchr.obj
 0001:0001cfcc       strrchr                    000000018001dfcc f   libvcruntime:strrchr.obj
 0001:0001d120       memcmp                     000000018001e120 f   libvcruntime:memcmp.obj
 0001:0001d1e8       strchr                     000000018001e1e8 f   libvcruntime:strchr.obj
 0001:0001d280       _guard_dispatch_icall_nop  000000018001e280 f   LIBCMT:guard_dispatch.obj
 0001:0001d2a0       _guard_xfg_dispatch_icall_nop 000000018001e2a0 f   LIBCMT:guard_xfg_dispatch.obj
 0002:00000000       __imp_GetTickCount         000000018001f000     kernel32:KERNEL32.dll
 0002:00000008       __imp_CreateFileA          000000018001f008     kernel32:KERNEL32.dll
 0002:00000010       __imp_FlushFileBuffers     000000018001f010     kernel32:KERNEL32.dll
 0002:00000018       __imp_ReadFile             000000018001f018     kernel32:KERNEL32.dll
 0002:00000020       __imp_WriteFile            000000018001f020     kernel32:KERNEL32.dll
 0002:00000028       __imp_CloseHandle          000000018001f028     kernel32:KERNEL32.dll
 0002:00000030       __imp_GetLastError         000000018001f030     kernel32:KERNEL32.dll
 0002:00000038       __imp_GetOverlappedResult  000000018001f038     kernel32:KERNEL32.dll
 0002:00000040       __imp_ResetEvent           000000018001f040     kernel32:KERNEL32.dll
 0002:00000048       __imp_WaitForSingleObject  000000018001f048     kernel32:KERNEL32.dll
 0002:00000050       __imp_CreateEventA         000000018001f050     kernel32:KERNEL32.dll
 0002:00000058       __imp_Sleep                000000018001f058     kernel32:KERNEL32.dll
 0002:00000060       __imp_LocalFree            000000018001f060     kernel32:KERNEL32.dll
 0002:00000068       __imp_ClearCommBreak       000000018001f068     kernel32:KERNEL32.dll
 0002:00000070       __imp_ClearCommError       000000018001f070     kernel32:KERNEL32.dll
 0002:00000078       __imp_SetupComm            000000018001f078     kernel32:KERNEL32.dll
 0002:00000080       __imp_EscapeCommFunction   000000018001f080     kernel32:KERNEL32.dll
 0002:00000088       __imp_GetCommProperties    000000018001f088     kernel32:KERNEL32.dll
 0002:00000090       __imp_GetCommModemStatus   000000018001f090     kernel32:KERNEL32.dll
 0002:00000098       __imp_GetCommState         000000018001f098     kernel32:KERNEL32.dll
 0002:000000a0       __imp_GetCommTimeouts      000000018001f0a0     kernel32:KERNEL32.dll
 0002:000000a8       __imp_PurgeComm            000000018001f0a8     kernel32:KERNEL32.dll
 0002:000000b0       __imp_SetCommBreak         000000018001f0b0     kernel32:KERNEL32.dll
 0002:000000b8       __imp_SetCommMask          000000018001f0b8     kernel32:KERNEL32.dll
 0002:000000c0       __imp_SetCommState         000000018001f0c0     kernel32:KERNEL32.dll
 0002:000000c8       __imp_SetCommTimeouts      000000018001f0c8     kernel32:KERNEL32.dll
 0002:000000d0       __imp_WaitCommEvent        000000018001f0d0     kernel32:KERNEL32.dll
 0002:000000d8       __imp_FormatMessageA       000000018001f0d8     kernel32:KERNEL32.dll
 0002:000000e0       __imp_RtlCaptureContext    000000018001f0e0     kernel32:KERNEL32.dll
 0002:000000e8       __imp_RtlLookupFunctionEntry 000000018001f0e8     kernel32:KERNEL32.dll
 0002:000000f0       __imp_RtlVirtualUnwind     000000018001f0f0     kernel32:KERNEL32.dll
 0002:000000f8       __imp_UnhandledExceptionFilter 000000018001f0f8     kernel32:KERNEL32.dll
 0002:00000100       __imp_SetUnhandledExceptionFilter 000000018001f100     kernel32:KERNEL32.dll
 0002:00000108       __imp_GetCurrentProcess    000000018001f108     kernel32:KERNEL32.dll
 0002:00000110       __imp_TerminateProcess     000000018001f110     kernel32:KERNEL32.dll
 0002:00000118       __imp_IsProcessorFeaturePresent 000000018001f118     kernel32:KERNEL32.dll
 0002:00000120       __imp_QueryPerformanceCounter 000000018001f120     kernel32:KERNEL32.dll
 0002:00000128       __imp_GetCurrentProcessId  000000018001f128     kernel32:KERNEL32.dll
 0002:00000130       __imp_GetCurrentThreadId   000000018001f130     kernel32:KERNEL32.dll
 0002:00000138       __imp_GetSystemTimeAsFileTime 000000018001f138     kernel32:KERNEL32.dll
 0002:00000140       __imp_InitializeSListHead  000000018001f140     kernel32:KERNEL32.dll
 0002:00000148       __imp_IsDebuggerPresent    000000018001f148     kernel32:KERNEL32.dll
 0002:00000150       __imp_GetStartupInfoW      000000018001f150     kernel32:KERNEL32.dll
 0002:00000158       __imp_GetModuleHandleW     000000018001f158     kernel32:KERNEL32.dll
 0002:00000160       __imp_RtlUnwindEx          000000018001f160     kernel32:KERNEL32.dll
 0002:00000168       __imp_InterlockedFlushSList 000000018001f168     kernel32:KERNEL32.dll
 0002:00000170       __imp_SetLastError         000000018001f170     kernel32:KERNEL32.dll
 0002:00000178       __imp_EnterCriticalSection 000000018001f178     kernel32:KERNEL32.dll
 0002:00000180       __imp_LeaveCriticalSection 000000018001f180     kernel32:KERNEL32.dll
 0002:00000188       __imp_DeleteCriticalSection 000000018001f188     kernel32:KERNEL32.dll
 0002:00000190       __imp_InitializeCriticalSectionAndSpinCount 000000018001f190     kernel32:KERNEL32.dll
 0002:00000198       __imp_TlsAlloc             000000018001f198     kernel32:KERNEL32.dll
 0002:000001a0       __imp_TlsGetValue          000000018001f1a0     kernel32:KERNEL32.dll
 0002:000001a8       __imp_TlsSetValue          000000018001f1a8     kernel32:KERNEL32.dll
 0002:000001b0       __imp_TlsFree              000000018001f1b0     kernel32:KERNEL32.dll
 0002:000001b8       __imp_FreeLibrary          000000018001f1b8     kernel32:KERNEL32.dll
 0002:000001c0       __imp_GetProcAddress       000000018001f1c0     kernel32:KERNEL32.dll
 0002:000001c8       __imp_LoadLibraryExW       000000018001f1c8     kernel32:KERNEL32.dll
 0002:000001d0       __imp_RaiseException       000000018001f1d0     kernel32:KERNEL32.dll
 0002:000001d8       __imp_CreateFileW          000000018001f1d8     kernel32:KERNEL32.dll
 0002:000001e0       __imp_GetDriveTypeW        000000018001f1e0     kernel32:KERNEL32.dll
 0002:000001e8       __imp_GetFileInformationByHandle 000000018001f1e8     kernel32:KERNEL32.dll
 0002:000001f0       __imp_GetFileType          000000018001f1f0     kernel32:KERNEL32.dll
 0002:000001f8       __imp_PeekNamedPipe        000000018001f1f8     kernel32:KERNEL32.dll
 0002:00000200       __imp_SystemTimeToTzSpecificLocalTime 000000018001f200     kernel32:KERNEL32.dll
 0002:00000208       __imp_FileTimeToSystemTime 000000018001f208     kernel32:KERNEL32.dll
 0002:00000210       __imp_QueryPerformanceFrequency 000000018001f210     kernel32:KERNEL32.dll
 0002:00000218       __imp_ExitProcess          000000018001f218     kernel32:KERNEL32.dll
 0002:00000220       __imp_GetModuleHandleExW   000000018001f220     kernel32:KERNEL32.dll
 0002:00000228       __imp_GetModuleFileNameW   000000018001f228     kernel32:KERNEL32.dll
 0002:00000230       __imp_HeapAlloc            000000018001f230     kernel32:KERNEL32.dll
 0002:00000238       __imp_HeapFree             000000018001f238     kernel32:KERNEL32.dll
 0002:00000240       __imp_CompareStringW       000000018001f240     kernel32:KERNEL32.dll
 0002:00000248       __imp_LCMapStringW         000000018001f248     kernel32:KERNEL32.dll
 0002:00000250       __imp_GetStdHandle         000000018001f250     kernel32:KERNEL32.dll
 0002:00000258       __imp_GetCurrentDirectoryW 000000018001f258     kernel32:KERNEL32.dll
 0002:00000260       __imp_GetFullPathNameW     000000018001f260     kernel32:KERNEL32.dll
 0002:00000268       __imp_MultiByteToWideChar  000000018001f268     kernel32:KERNEL32.dll
 0002:00000270       __imp_SetStdHandle         000000018001f270     kernel32:KERNEL32.dll
 0002:00000278       __imp_GetConsoleCP         000000018001f278     kernel32:KERNEL32.dll
 0002:00000280       __imp_GetConsoleMode       000000018001f280     kernel32:KERNEL32.dll
 0002:00000288       __imp_FindClose            000000018001f288     kernel32:KERNEL32.dll
 0002:00000290       __imp_FindFirstFileExW     000000018001f290     kernel32:KERNEL32.dll
 0002:00000298       __imp_FindNextFileW        000000018001f298     kernel32:KERNEL32.dll
 0002:000002a0       __imp_IsValidCodePage      000000018001f2a0     kernel32:KERNEL32.dll
 0002:000002a8       __imp_GetACP               000000018001f2a8     kernel32:KERNEL32.dll
 0002:000002b0       __imp_GetOEMCP             000000018001f2b0     kernel32:KERNEL32.dll
 0002:000002b8       __imp_GetCPInfo            000000018001f2b8     kernel32:KERNEL32.dll
 0002:000002c0       __imp_GetCommandLineA      000000018001f2c0     kernel32:KERNEL32.dll
 0002:000002c8       __imp_GetCommandLineW      000000018001f2c8     kernel32:KERNEL32.dll
 0002:000002d0       __imp_WideCharToMultiByte  000000018001f2d0     kernel32:KERNEL32.dll
 0002:000002d8       __imp_GetEnvironmentStringsW 000000018001f2d8     kernel32:KERNEL32.dll
 0002:000002e0       __imp_FreeEnvironmentStringsW 000000018001f2e0     kernel32:KERNEL32.dll
 0002:000002e8       __imp_SetEnvironmentVariableW 000000018001f2e8     kernel32:KERNEL32.dll
 0002:000002f0       __imp_GetProcessHeap       000000018001f2f0     kernel32:KERNEL32.dll
 0002:000002f8       __imp_GetFileSizeEx        000000018001f2f8     kernel32:KERNEL32.dll
 0002:00000300       __imp_SetFilePointerEx     000000018001f300     kernel32:KERNEL32.dll
 0002:00000308       __imp_GetStringTypeW       000000018001f308     kernel32:KERNEL32.dll
 0002:00000310       __imp_GetTimeZoneInformation 000000018001f310     kernel32:KERNEL32.dll
 0002:00000318       __imp_HeapSize             000000018001f318     kernel32:KERNEL32.dll
 0002:00000320       __imp_HeapReAlloc          000000018001f320     kernel32:KERNEL32.dll
 0002:00000328       __imp_WriteConsoleW        000000018001f328     kernel32:KERNEL32.dll
 0002:00000330       \177KERNEL32_NULL_THUNK_DATA 000000018001f330     kernel32:KERNEL32.dll
 0002:00000338       __guard_check_icall_fptr   000000018001f338     LIBCMT:guard_support.obj
 0002:00000340       __guard_xfg_check_icall_fptr 000000018001f340     LIBCMT:guard_support.obj
 0002:00000348       __guard_dispatch_icall_fptr 000000018001f348     LIBCMT:guard_support.obj
 0002:00000350       __guard_xfg_dispatch_icall_fptr 000000018001f350     LIBCMT:guard_support.obj
 0002:00000358       __guard_xfg_table_dispatch_icall_fptr 000000018001f358     LIBCMT:guard_support.obj
 0002:00000360       __castguard_check_failure_os_handled_fptr 000000018001f360     LIBCMT:guard_support.obj
 0002:00000368       __guard_memcpy_fptr        000000018001f368     libvcruntime:softmemtag.obj
 0002:00000370       __xc_a                     000000018001f370     LIBCMT:initializers.obj
 0002:00000378       __xc_z                     000000018001f378     LIBCMT:initializers.obj
 0002:00000380       __xi_a                     000000018001f380     LIBCMT:initializers.obj
 0002:00000388       __acrt_stdio_initializer   000000018001f388     libucrt:stdio_initializer.obj
 0002:00000390       __acrt_clock_initializer   000000018001f390     libucrt:clock_initializer.obj
 0002:00000398       __acrt_multibyte_initializer 000000018001f398     libucrt:multibyte_initializer.obj
 0002:000003a0       __acrt_timeset_initializer 000000018001f3a0     libucrt:timeset_initializer.obj
 0002:000003a8       __acrt_tran_fma3_initializer 000000018001f3a8     libucrt:fma3_initializer.obj
 0002:000003b0       __xi_z                     000000018001f3b0     LIBCMT:initializers.obj
 0002:000003b8       __xp_a                     000000018001f3b8     LIBCMT:initializers.obj
 0002:000003c0       __acrt_locale_terminator   000000018001f3c0     libucrt:locale_initializer.obj
 0002:000003c8       __dcrt_console_output_terminator 000000018001f3c8     libucrt:console_output_initializer.obj
 0002:000003d0       __acrt_stdio_terminator    000000018001f3d0     libucrt:stdio_initializer.obj
 0002:000003d8       __xp_z                     000000018001f3d8     LIBCMT:initializers.obj
 0002:000003e0       __xt_a                     000000018001f3e0     LIBCMT:initializers.obj
 0002:000003e8       __xt_z                     000000018001f3e8     LIBCMT:initializers.obj
 0002:000003f0       _pDefaultRawDllMain        000000018001f3f0     LIBCMT:dll_dllmain.obj
 0002:000003f0       _pRawDllMain               000000018001f3f0     LIBCMT:dll_dllmain.obj
 0002:00000410       __xmm@ffffffffffffffffffffffffffffffff 000000018001f410     LIBCMT:utility.obj
 0002:00000420       _pDestructExceptionObject  000000018001f420     libvcruntime:ehhelpers.obj
 0002:00000b40       ??_C@_08EHJDFFNH@__based?$CI@ 000000018001fb40     libvcruntime:undname.obj
 0002:00000b50       ??_C@_07KOLFKCDI@__cdecl@  000000018001fb50     libvcruntime:undname.obj
 0002:00000b58       ??_C@_08GHMPAG@__pascal@   000000018001fb58     libvcruntime:undname.obj
 0002:00000b68       ??_C@_09IFJBGAPI@__stdcall@ 000000018001fb68     libvcruntime:undname.obj
 0002:00000b78       ??_C@_0L@NPHFGOKO@__thiscall@ 000000018001fb78     libvcruntime:undname.obj
 0002:00000b88       ??_C@_0L@JMKHOMEK@__fastcall@ 000000018001fb88     libvcruntime:undname.obj
 0002:00000b98       ??_C@_0N@BCKKPABJ@__vectorcall@ 000000018001fb98     libvcruntime:undname.obj
 0002:00000ba8       ??_C@_09HIJEGCPM@__clrcall@ 000000018001fba8     libvcruntime:undname.obj
 0002:00000bb4       ??_C@_06GHPCKEAG@__eabi@   000000018001fbb4     libvcruntime:undname.obj
 0002:00000bc0       ??_C@_09IOPIDJLG@__swift_1@ 000000018001fbc0     libvcruntime:undname.obj
 0002:00000bd0       ??_C@_09KFNFGKHF@__swift_2@ 000000018001fbd0     libvcruntime:undname.obj
 0002:00000be0       ??_C@_09LMMOFLDE@__swift_3@ 000000018001fbe0     libvcruntime:undname.obj
 0002:00000bf0       ??_C@_07JOMMBBKO@__ptr64@  000000018001fbf0     libvcruntime:undname.obj
 0002:00000bf8       ??_C@_0L@PILCLIHE@__restrict@ 000000018001fbf8     libvcruntime:undname.obj
 0002:00000c08       ??_C@_0M@GFIIJFMG@__unaligned@ 000000018001fc08     libvcruntime:undname.obj
 0002:00000c18       ??_C@_09DHDLOLLB@restrict?$CI@ 000000018001fc18     libvcruntime:undname.obj
 0002:00000c22       ??_C@_00CNPNBAHC@@         000000018001fc22     libvcruntime:undname.obj
 0002:00000c24       ??_C@_04NIHEBCM@?5new@     000000018001fc24     libvcruntime:undname.obj
 0002:00000c30       ??_C@_07FPCDHGMM@?5delete@ 000000018001fc30     libvcruntime:undname.obj
 0002:00000c38       ??_C@_01NEMOKFLO@?$DN@     000000018001fc38     libvcruntime:undname.obj
 0002:00000c3c       ??_C@_02GPIOPFAK@?$DO?$DO@ 000000018001fc3c     libvcruntime:undname.obj
 0002:00000c40       ??_C@_02FODMEDOG@?$DM?$DM@ 000000018001fc40     libvcruntime:undname.obj
 0002:00000c44       ??_C@_01DCLJPIOD@?$CB@     000000018001fc44     libvcruntime:undname.obj
 0002:00000c48       ??_C@_02EGOFBIJA@?$DN?$DN@ 000000018001fc48     libvcruntime:undname.obj
 0002:00000c4c       ??_C@_02FDNJECIE@?$CB?$DN@ 000000018001fc4c     libvcruntime:undname.obj
 0002:00000c50       ??_C@_02GPECMEKF@?$FL?$FN@ 000000018001fc50     libvcruntime:undname.obj
 0002:00000c58       ??_C@_08LHJFAFGD@operator@ 000000018001fc58     libvcruntime:undname.obj
 0002:00000c64       ??_C@_02HBOOOICD@?9?$DO@   000000018001fc64     libvcruntime:undname.obj
 0002:00000c68       ??_C@_01NBENCBCI@?$CK@     000000018001fc68     libvcruntime:undname.obj
 0002:00000c6c       ??_C@_02ECNGHCIF@?$CL?$CL@ 000000018001fc6c     libvcruntime:undname.obj
 0002:00000c70       ??_C@_02BAABKJLB@?9?9@     000000018001fc70     libvcruntime:undname.obj
 0002:00000c74       ??_C@_01JOAMLHOP@?9@       000000018001fc74     libvcruntime:undname.obj
 0002:00000c78       ??_C@_01MIFGBAGJ@?$CL@     000000018001fc78     libvcruntime:undname.obj
 0002:00000c7c       ??_C@_01HNPIGOCE@?$CG@     000000018001fc7c     libvcruntime:undname.obj
 0002:00000c80       ??_C@_03MNHNFDLC@?9?$DO?$CK@ 000000018001fc80     libvcruntime:undname.obj
 0002:00000c84       ??_C@_01KMDKNFGN@?1@       000000018001fc84     libvcruntime:undname.obj
 0002:00000c88       ??_C@_01FGNFDNOH@?$CF@     000000018001fc88     libvcruntime:undname.obj
 0002:00000c8c       ??_C@_01MNNFJEPP@?$DM@     000000018001fc8c     libvcruntime:undname.obj
 0002:00000c90       ??_C@_02EHCHHCKH@?$DM?$DN@ 000000018001fc90     libvcruntime:undname.obj
 0002:00000c94       ??_C@_01PPODPGHN@?$DO@     000000018001fc94     libvcruntime:undname.obj
 0002:00000c98       ??_C@_02EEKDKGMJ@?$DO?$DN@ 000000018001fc98     libvcruntime:undname.obj
 0002:00000c9c       ??_C@_01IHBHIGKO@?0@       000000018001fc9c     libvcruntime:undname.obj
 0002:00000ca0       ??_C@_02HCKGKOFO@?$CI?$CJ@ 000000018001fca0     libvcruntime:undname.obj
 0002:00000ca4       ??_C@_01PJKLJHI@?$HO@      000000018001fca4     libvcruntime:undname.obj
 0002:00000ca8       ??_C@_01JKBOJNNK@?$FO@     000000018001fca8     libvcruntime:undname.obj
 0002:00000cac       ??_C@_01DNKMNLPK@?$HM@     000000018001fcac     libvcruntime:undname.obj
 0002:00000cb0       ??_C@_02PPKAJPJL@?$CG?$CG@ 000000018001fcb0     libvcruntime:undname.obj
 0002:00000cb4       ??_C@_02NONPIBCD@?$HM?$HM@ 000000018001fcb4     libvcruntime:undname.obj
[...]
 0003:000006d4       $SG104869                  000000018002c6d4     SerialImp.obj
 0003:000006d8       $SG104829                  000000018002c6d8     SerialImp.obj
 0003:00000704       $SG104870                  000000018002c704     SerialImp.obj
 0003:00000708       $SG104832                  000000018002c708     SerialImp.obj
 0003:00000714       $SG104897                  000000018002c714     SerialImp.obj
 0003:00000718       $SG104833                  000000018002c718     SerialImp.obj
 0003:0000072c       $SG104898                  000000018002c72c     SerialImp.obj
 0003:00000730       $SG104871                  000000018002c730     SerialImp.obj
 0003:00000738       $SG104875                  000000018002c738     SerialImp.obj
 0003:00000748       $SG104876                  000000018002c748     SerialImp.obj
 0003:00000754       $SG104914                  000000018002c754     SerialImp.obj
 0003:00000758       $SG104877                  000000018002c758     SerialImp.obj
 0003:00000784       $SG104915                  000000018002c784     SerialImp.obj
 0003:00000788       $SG104880                  000000018002c788     SerialImp.obj
 0003:00000794       $SG104935                  000000018002c794     SerialImp.obj
 0003:00000798       $SG104881                  000000018002c798     SerialImp.obj
 0003:000007ac       $SG105053                  000000018002c7ac     SerialImp.obj
 0003:000007b0       $SG104902                  000000018002c7b0     SerialImp.obj
 0003:000007c0       $SG104903                  000000018002c7c0     SerialImp.obj
 0003:000007d4       $SG105054                  000000018002c7d4     SerialImp.obj
 0003:000007d8       $SG104924                  000000018002c7d8     SerialImp.obj
 0003:000007f8       $SG104926                  000000018002c7f8     SerialImp.obj
 0003:0000081c       $SG105192                  000000018002c81c     SerialImp.obj
 0003:00000824       $SG105252                  000000018002c824     SerialImp.obj
 0003:00000828       $SG104936                  000000018002c828     SerialImp.obj
 0003:0000083c       $SG105253                  000000018002c83c     SerialImp.obj
 0003:00000840       $SG104984                  000000018002c840     SerialImp.obj
 0003:00000874       $SG105332                  000000018002c874     SerialImp.obj
 0003:00000878       $SG104985                  000000018002c878     SerialImp.obj
 0003:000008a4       $SG105057                  000000018002c8a4     SerialImp.obj
 0003:000008ac       $SG105334                  000000018002c8ac     SerialImp.obj
 0003:000008b0       $SG105058                  000000018002c8b0     SerialImp.obj
 0003:000008c0       $SG105061                  000000018002c8c0     SerialImp.obj
 0003:000008f8       $SG105105                  000000018002c8f8     SerialImp.obj
 0003:00000908       $SG105131                  000000018002c908     SerialImp.obj
 0003:00000910       $SG105172                  000000018002c910     SerialImp.obj
 0003:0000096c       $SG105191                  000000018002c96c     SerialImp.obj
 0003:00000974       $SG105197                  000000018002c974     SerialImp.obj
 0003:0000097c       $SG105198                  000000018002c97c     SerialImp.obj
 0003:00000984       $SG105207                  000000018002c984     SerialImp.obj
 0003:00000990       $SG105282                  000000018002c990     SerialImp.obj
 0003:000009b0       $SG105284                  000000018002c9b0     SerialImp.obj
 0003:000009c8       $SG105335                  000000018002c9c8     SerialImp.obj
 0003:000009f0       $SG105348                  000000018002c9f0     SerialImp.obj
 0003:00000a00       $SG105411                  000000018002ca00     SerialImp.obj
 0003:00000a28       $SG100284                  000000018002ca28     termios.obj
 0003:00000a2c       $SG100286                  000000018002ca2c     termios.obj
 0003:00000a30       $SG100405                  000000018002ca30     termios.obj
 0003:00000a3c       $SG100406                  000000018002ca3c     termios.obj
 0003:00000a44       $SG100486                  000000018002ca44     termios.obj
 0003:00000a4c       $SG100824                  000000018002ca4c     termios.obj
 0003:00000a50       $SG100408                  000000018002ca50     termios.obj
 0003:00000a5c       $SG100409                  000000018002ca5c     termios.obj
 0003:00000a68       $SG100411                  000000018002ca68     termios.obj
 0003:00000a74       $SG100412                  000000018002ca74     termios.obj
 0003:00000a80       $SG100414                  000000018002ca80     termios.obj
 0003:00000a8c       $SG100415                  000000018002ca8c     termios.obj
 0003:00000a98       $SG100434                  000000018002ca98     termios.obj
 0003:00000ab0       $SG100435                  000000018002cab0     termios.obj
 0003:00000ad0       $SG100466                  000000018002cad0     termios.obj
 0003:00000ae0       $SG100470                  000000018002cae0     termios.obj
 0003:00000af0       $SG100471                  000000018002caf0     termios.obj
 0003:00000b08       $SG100472                  000000018002cb08     termios.obj
 0003:00000b28       $SG100474                  000000018002cb28     termios.obj
 0003:00000b40       $SG100475                  000000018002cb40     termios.obj
 0003:00000b60       $SG100476                  000000018002cb60     termios.obj
 0003:00000b78       $SG100589                  000000018002cb78     termios.obj
 0003:00000b90       $SG100590                  000000018002cb90     termios.obj
 0003:00000bb0       $SG100592                  000000018002cbb0     termios.obj
 0003:00000bc8       $SG100593                  000000018002cbc8     termios.obj
 0003:00000be8       $SG100595                  000000018002cbe8     termios.obj
 0003:00000c00       $SG100596                  000000018002cc00     termios.obj
 0003:00000c20       $SG100597                  000000018002cc20     termios.obj
 0003:00000c48       $SG100599                  000000018002cc48     termios.obj
 0003:00000c60       $SG100600                  000000018002cc60     termios.obj
 0003:00000c80       $SG100601                  000000018002cc80     termios.obj
 0003:00000ca8       $SG100603                  000000018002cca8     termios.obj
 0003:00000cc0       $SG100604                  000000018002ccc0     termios.obj
 0003:00000ce0       $SG100605                  000000018002cce0     termios.obj
 0003:00000d08       $SG100619                  000000018002cd08     termios.obj
 0003:00000d30       $SG100629                  000000018002cd30     termios.obj
 0003:00000d40       $SG100661                  000000018002cd40     termios.obj
 0003:00000d60       $SG100688                  000000018002cd60     termios.obj
 0003:00000d80       $SG100690                  000000018002cd80     termios.obj
 0003:00000da8       $SG100692                  000000018002cda8     termios.obj
 0003:00000dc8       $SG100694                  000000018002cdc8     termios.obj
 0003:00000de0       $SG100696                  000000018002cde0     termios.obj
 0003:00000df8       $SG100697                  000000018002cdf8     termios.obj
 0003:00000e18       $SG100698                  000000018002ce18     termios.obj
 0003:00000e28       $SG100709                  000000018002ce28     termios.obj
 0003:00000e48       $SG100711                  000000018002ce48     termios.obj
 0003:00000e60       $SG100713                  000000018002ce60     termios.obj
 0003:00000e90       $SG100715                  000000018002ce90     termios.obj
 0003:00000eb0       $SG100719                  000000018002ceb0     termios.obj
 0003:00000ed8       $SG100721                  000000018002ced8     termios.obj
 0003:00000ef0       $SG100759                  000000018002cef0     termios.obj
 0003:00000f08       $SG100760                  000000018002cf08     termios.obj
 0003:00000f20       $SG100761                  000000018002cf20     termios.obj
 0003:00000f40       $SG100763                  000000018002cf40     termios.obj
 0003:00000f58       $SG100764                  000000018002cf58     termios.obj
 0003:00000f78       $SG100816                  000000018002cf78     termios.obj
 0003:00000f90       $SG100818                  000000018002cf90     termios.obj
 0003:00000fa8       $SG100822                  000000018002cfa8     termios.obj
 0003:00000fc8       $SG100825                  000000018002cfc8     termios.obj
 0003:00000fe0       $SG100826                  000000018002cfe0     termios.obj
 0003:00000ff8       $SG100828                  000000018002cff8     termios.obj
 0003:00001010       $SG100829                  000000018002d010     termios.obj
 0003:00001030       $SG100838                  000000018002d030     termios.obj
 0003:00001050       $SG100916                  000000018002d050     termios.obj
 0003:00001068       $SG100932                  000000018002d068     termios.obj
 0003:00001088       $SG100939                  000000018002d088     termios.obj
 0003:00001098       $SG100942                  000000018002d098     termios.obj
 0003:000010a8       $SG100948                  000000018002d0a8     termios.obj
 0003:000010c0       $SG100949                  000000018002d0c0     termios.obj
 0003:000010e0       $SG100950                  000000018002d0e0     termios.obj
 0003:000010f8       $SG101002                  000000018002d0f8     termios.obj
 0003:00001120       $SG101004                  000000018002d120     termios.obj
 0003:00001138       $SG101005                  000000018002d138     termios.obj
 0003:00001158       $SG101006                  000000018002d158     termios.obj
 0003:00001170       $SG101008                  000000018002d170     termios.obj
 0003:00001188       $SG101009                  000000018002d188     termios.obj
 0003:000011a8       $SG101010                  000000018002d1a8     termios.obj
 0003:000011c8       $SG101025                  000000018002d1c8     termios.obj
 0003:000011e0       $SG101026                  000000018002d1e0     termios.obj
 0003:000011f8       $SG101027                  000000018002d1f8     termios.obj
 0003:00001218       $SG101032                  000000018002d218     termios.obj
 0003:00001230       $SG101033                  000000018002d230     termios.obj
 0003:00001250       $SG101034                  000000018002d250     termios.obj
 0003:00001268       $SG101064                  000000018002d268     termios.obj
 0003:00001280       $SG101066                  000000018002d280     termios.obj
 0003:00001298       $SG101067                  000000018002d298     termios.obj
 0003:000012b8       $SG101097                  000000018002d2b8     termios.obj
 0003:000012e0       $SG101098                  000000018002d2e0     termios.obj
 0003:000012f8       $SG101099                  000000018002d2f8     termios.obj
 0003:00001318       $SG101378                  000000018002d318     termios.obj
 0003:00001330       $SG101379                  000000018002d330     termios.obj
 0003:00001350       $SG101380                  000000018002d350     termios.obj
 0003:00001370       $SG101387                  000000018002d370     termios.obj
 0003:00001390       $SG101404                  000000018002d390     termios.obj
 0003:000013a8       $SG101405                  000000018002d3a8     termios.obj
 0003:000013b8       $SG101410                  000000018002d3b8     termios.obj
 0003:000013d8       $SG101411                  000000018002d3d8     termios.obj
 0003:000013f8       $SG101413                  000000018002d3f8     termios.obj
 0003:00001410       $SG101414                  000000018002d410     termios.obj
 0003:00001420       $SG101419                  000000018002d420     termios.obj
 0003:00001440       $SG101420                  000000018002d440     termios.obj
 0003:00001460       $SG101424                  000000018002d460     termios.obj
 0003:00001478       $SG101425                  000000018002d478     termios.obj
 0003:00001498       $SG101426                  000000018002d498     termios.obj
 0003:000014b0       $SG101431                  000000018002d4b0     termios.obj
 0003:000014c8       $SG101438                  000000018002d4c8     termios.obj
 0003:000014e0       $SG101445                  000000018002d4e0     termios.obj
 0003:00001500       $SG101448                  000000018002d500     termios.obj
 0003:00001518       $SG101451                  000000018002d518     termios.obj
 0003:00001540       $SG101483                  000000018002d540     termios.obj
 0003:00001560       $SG101538                  000000018002d560     termios.obj
 0003:00001578       $SG101539                  000000018002d578     termios.obj
 0003:00001598       $SG101540                  000000018002d598     termios.obj
 0003:000015b8       $SG11936                   000000018002d5b8     fuserImp.obj
 0003:00001600       ?__vcrt_flsindex@@3KA      000000018002d600     libvcruntime:per_thread_data.obj
 0003:00001718       ?errno_no_memory@@3HA      000000018002d718     libucrt:errno.obj
 0003:0000171c       ?doserrno_no_memory@@3KA   000000018002d71c     libucrt:errno.obj
 0003:00001778       ?__acrt_flsindex@@3KA      000000018002d778     libucrt:per_thread_data.obj
 0003:00001b20       _mbctypes                  000000018002db20     libucrt:mbctype.obj
 0003:00001c30       _mbcasemaps                000000018002dc30     libucrt:mbctype.obj
 0003:00001d30       ?__rgctypeflag@@3PADA      000000018002dd30     libucrt:mbctype.obj
 0003:00001d40       ?__rgcode_page_info@@3PAUcode_page_info@@A 000000018002dd40     libucrt:mbctype.obj
 0003:00001ee0       ?tzstd_program@@3PADA      000000018002dee0     libucrt:timeset.obj
 0003:00001f20       ?tzdst_program@@3PADA      000000018002df20     libucrt:timeset.obj
 0003:00001f60       ?tzname_states@@3PAY01PEADA 000000018002df60     libucrt:timeset.obj
 0003:00001f70       ?dststart@@3Utransitiondate@?A0x7639d0b4@@A 000000018002df70     libucrt:tzset.obj
 0003:00001f80       ?dstend@@3Utransitiondate@?A0x7639d0b4@@A 000000018002df80     libucrt:tzset.obj
 0003:00002090       ?__dcrt_lowio_console_output_handle@@3PEAXEA 000000018002e090     libucrt:initcon.obj
 0003:000020a0       ?dazSupported@?1??_ctrlfp@@9@9 000000018002e0a0     libucrt:fpctrl.obj
 0003:000020c8       $SG104459                  000000018002e0c8     SerialImp.obj
 0003:000020c9       $SG104925                  000000018002e0c9     SerialImp.obj
 0003:000020d0       ?mystat@?1??Java_gnu_io_RXTXCommDriver_isPortPrefixValid@@9@9 000000018002e0d0     SerialImp.obj
 0003:00002108       ?__proc_attached@@3HA      000000018002e108     LIBCMT:dll_dllmain.obj
 0003:00002110       GS_ExceptionRecord         000000018002e110     LIBCMT:gs_report.obj
 0003:000021b0       GS_ContextRecord           000000018002e1b0     LIBCMT:gs_report.obj
 0003:000026a8       ?is_initialized_as_dll@@3_NA 000000018002e6a8     LIBCMT:utility.obj
 0003:000026a9       ?module_local_atexit_table_initialized@@3_NA 000000018002e6a9     LIBCMT:utility.obj
 0003:000026b0       ?module_local_atexit_table@@3U_onexit_table_t@@A 000000018002e6b0     LIBCMT:utility.obj
 0003:000026c8       ?module_local_at_quick_exit_table@@3U_onexit_table_t@@A 000000018002e6c8     LIBCMT:utility.obj
 0003:00002730       ?heap@@3V_HeapManager@@A   000000018002e730     libvcruntime:undname.obj
 0003:00002760       ?__vcrt_startup_thread_ptd@@3U__vcrt_ptd@@A 000000018002e760     libvcruntime:per_thread_data.obj
 0003:000027e0       __vcrt_lock_table          000000018002e7e0     libvcruntime:locks.obj
 0003:00002808       __vcrt_locks_initialized   000000018002e808     libvcruntime:locks.obj
 0003:00002810       ?module_handles@@3PAPEAUHINSTANCE__@@A 000000018002e810     libvcruntime:winapi_downlevel.obj
 0003:00002828       ?function_pointers@@3PAPEAXA 000000018002e828     libvcruntime:winapi_downlevel.obj
 0003:00002870       ?source_frequency@@3_JA    000000018002e870     libucrt:clock.obj
 0003:00002878       ?start_count@@3_JA         000000018002e878     libucrt:clock.obj
 0003:00002880       ?c_termination_complete@@3JA 000000018002e880     libucrt:exit.obj
 0003:00002888       ?thread_local_exit_callback_func@@3P6AXPEAXK0@ZEA 000000018002e888     libucrt:exit.obj
 0003:000028a0       ?program_name@?1???$common_configure_argv@D@@YAHW4_crt_argv_mode@@@Z@4PADA 000000018002e8a0     libucrt:argv_parsing.obj
 0003:000029f8       ?__acrt_invalid_parameter_handler@@3V?$dual_state_global@P6AXPEB_W00I_K@Z@__crt_state_management@@A 000000018002e9f8     libucrt:invalid_parameter.obj
 0003:00002a00       ?module_handles@@3PAPEAUHINSTANCE__@@A 000000018002ea00     libucrt:winapi_thunks.obj
 0003:00002aa0       ?encoded_function_pointers@@3PAPEAXA 000000018002eaa0     libucrt:winapi_thunks.obj
 0003:00002fb8       ?internal_state@?1??_mbtowc_l@@9@4U_Mbstatet@@A 000000018002efb8     libucrt:mbtowc.obj
 0003:00002fc0       ?enable_percent_n@@3_KA    000000018002efc0     libucrt:printf_count_output.obj
 0003:00002ff0       ?__acrt_lock_table@@3PAU_RTL_CRITICAL_SECTION@@A 000000018002eff0     libucrt:locks.obj
 0003:00003220       ?__acrt_locks_initialized@@3IA 000000018002f220     libucrt:locks.obj
 0003:00003240       ?fSystemSet@@3HA           000000018002f240     libucrt:mbctype.obj
 0003:00003244       ?initialized@?1??__acrt_initialize_multibyte@@9@4_NA 000000018002f244     libucrt:mbctype.obj
 0003:00003280       ?__acrt_new_handler@@3V?$dual_state_global@P6AH_K@Z@__crt_state_management@@A 000000018002f280     libucrt:new_handler.obj
 0003:00003288       ?ctrlc_action@@3V?$dual_state_global@P6AXH@Z@__crt_state_management@@A 000000018002f288     libucrt:signal.obj
 0003:00003290       ?ctrlbreak_action@@3V?$dual_state_global@P6AXH@Z@__crt_state_management@@A 000000018002f290     libucrt:signal.obj
 0003:00003298       ?abort_action@@3V?$dual_state_global@P6AXH@Z@__crt_state_management@@A 000000018002f298     libucrt:signal.obj
 0003:000032a0       ?term_action@@3V?$dual_state_global@P6AXH@Z@__crt_state_management@@A 000000018002f2a0     libucrt:signal.obj
 0003:000032a8       ?user_matherr@@3V?$dual_state_global@P6AHPEAU_exception@@@Z@__crt_state_management@@A 000000018002f2a8     libucrt:matherr.obj
 0003:000032b0       ?__acrt_global_new_mode@@3V?$dual_state_global@J@__crt_state_management@@A 000000018002f2b0     libucrt:new_mode.obj
 0003:000032bc       ?__acrt_app_type@@3W4_crt_app_type@@A 000000018002f2bc     libucrt:report_runtime_error.obj
 0003:000032d0       ?_tzname@@3V?$dual_state_global@PEAPEAD@__crt_state_management@@A 000000018002f2d0     libucrt:timeset.obj
 0003:000032d8       ?last_tz@@3PEADEA          000000018002f2d8     libucrt:tzset.obj
 0003:000032e0       ?tz_api_used@@3HA          000000018002f2e0     libucrt:tzset.obj
 0003:000032f0       ?tz_info@@3U_TIME_ZONE_INFORMATION@@A 000000018002f2f0     libucrt:tzset.obj
 0003:0000339c       ?first_time@?1??__tzset@@9@4JA 000000018002f39c     libucrt:tzset.obj
 0003:000033a0       ?internal_pst@?1??__mbrtoc32_utf8@__crt_mbstring@@YA_KPEA_UPEBD_KPEAU_Mbstatet@@@Z@4U3@A 000000018002f3a0     libucrt:mbrtoc32.obj
 0005:00000000       SetSmall                   0000000180032000     libvcruntime:memset.obj
 0005:00000040       SetSmallYmm                0000000180032040     libvcruntime:memset.obj
 0005:00000064       SetSmallYmmNT              0000000180032064     libvcruntime:memset.obj
 0005:00000088       SetSmallXmm                0000000180032088     libvcruntime:memset.obj
 0005:000000b0       MoveSmall                  00000001800320b0     libvcruntime:memcpy.obj
 0005:000000f0       MoveSmallYmm               00000001800320f0     libvcruntime:memcpy.obj
 0005:00000114       MoveSmallYmmNT             0000000180032114     libvcruntime:memcpy.obj
 0005:00000138       MoveSmallXmm               0000000180032138     libvcruntime:memcpy.obj
