 rxtxParallel

 Timestamp is 649e8b18 (Fri Jun 30 15:58:16 2023)

 Preferred load address is 0000000180000000

 Start         Length     Name                   Class
 0001:00000000 000164c0H .text$mn                CODE
 0001:000164c0 00000040H .text$mn$00             CODE
 0001:00016500 000002e0H .text$x                 CODE
 0002:00000000 000002f0H .idata$5                DATA
 0002:000002f0 00000038H .00cfg                  DATA
 0002:00000328 00000008H .CRT$XCA                DATA
 0002:00000330 00000008H .CRT$XCZ                DATA
 0002:00000338 00000008H .CRT$XIA                DATA
 0002:00000340 00000020H .CRT$XIC                DATA
 0002:00000360 00000008H .CRT$XIZ                DATA
 0002:00000368 00000008H .CRT$XPA                DATA
 0002:00000370 00000010H .CRT$XPX                DATA
 0002:00000380 00000008H .CRT$XPXA               DATA
 0002:00000388 00000008H .CRT$XPZ                DATA
 0002:00000390 00000008H .CRT$XTA                DATA
 0002:00000398 00000008H .CRT$XTZ                DATA
 0002:000003a0 00000000H .gehcont$y              DATA
 0002:000003a0 00000000H .gfids$y                DATA
 0002:000003a0 00008060H .rdata                  DATA
 0002:00008400 00000000H .rdata$CastGuardVftablesA DATA
 0002:00008400 00000000H .rdata$CastGuardVftablesC DATA
 0002:00008400 00000000H .rdata$r                DATA
 0002:00008400 000000e0H .rdata$voltmd           DATA
 0002:000084e0 00000280H .rdata$zzzdbg           DATA
 0002:00008760 00000008H .rtc$IAA                DATA
 0002:00008768 00000008H .rtc$IZZ                DATA
 0002:00008770 00000008H .rtc$TAA                DATA
 0002:00008778 00000008H .rtc$TZZ                DATA
 0002:00008780 00001430H .xdata                  DATA
 0002:00009bb0 00000000H .xdata$x                DATA
 0002:00009bb0 000003d0H .edata                  DATA
 0002:00009f80 00000014H .idata$2                DATA
 0002:00009f94 00000014H .idata$3                DATA
 0002:00009fa8 000002f0H .idata$4                DATA
 0002:0000a298 000006a8H .idata$6                DATA
 0003:00000000 00001910H .data                   DATA
 0003:00001910 00000000H .data$r                 DATA
 0003:00001910 00000000H .data$rs                DATA
 0003:00001910 000011f0H .bss                    DATA
 0004:00000000 000014d0H .pdata                  DATA
 0005:00000000 0000015cH _RDATA                  DATA

  Address         Publics by Value              Rva+Base               Lib:Object

 0000:00000000       __AbsoluteZero             0000000000000000     <absolute>
 0000:00000000       ___safe_se_handler_count   0000000000000000     <absolute>
 0000:00000000       ___safe_se_handler_table   0000000000000000     <absolute>
 0000:00000000       __arm64x_extra_rfe_table   0000000000000000     <absolute>
 0000:00000000       __arm64x_extra_rfe_table_size 0000000000000000     <absolute>
 0000:00000000       __arm64x_native_entrypoint 0000000000000000     <absolute>
 0000:00000000       __arm64x_redirection_metadata 0000000000000000     <absolute>
 0000:00000000       __arm64x_redirection_metadata_count 0000000000000000     <absolute>
 0000:00000000       __dynamic_value_reloc_table 0000000000000000     <absolute>
 0000:00000000       __enclave_config           0000000000000000     <absolute>
 0000:00000000       __guard_check_icall_a64n_fptr 0000000000000000     <absolute>
 0000:00000000       __guard_eh_cont_count      0000000000000000     <absolute>
 0000:00000000       __guard_eh_cont_table      0000000000000000     <absolute>
 0000:00000000       __guard_fids_count         0000000000000000     <absolute>
 0000:00000000       __guard_fids_table         0000000000000000     <absolute>
 0000:00000000       __guard_iat_count          0000000000000000     <absolute>
 0000:00000000       __guard_iat_table          0000000000000000     <absolute>
 0000:00000000       __guard_longjmp_count      0000000000000000     <absolute>
 0000:00000000       __guard_longjmp_table      0000000000000000     <absolute>
 0000:00000000       __hybrid_auxiliary_iat     0000000000000000     <absolute>
 0000:00000000       __hybrid_auxiliary_iat_copy 0000000000000000     <absolute>
 0000:00000000       __hybrid_code_map          0000000000000000     <absolute>
 0000:00000000       __hybrid_code_map_count    0000000000000000     <absolute>
 0000:00000000       __x64_code_ranges_to_entry_points 0000000000000000     <absolute>
 0000:00000000       __x64_code_ranges_to_entry_points_count 0000000000000000     <absolute>
 0000:00000100       __guard_flags              0000000000000100     <absolute>
 0000:00000000       __ImageBase                0000000180000000     <linker-defined>
 0001:00000000       Java_gnu_io_LPRPort_Initialize 0000000180001000 f   ParallelImp.obj
 0001:00000010       Java_gnu_io_LPRPort_open   0000000180001010 f   ParallelImp.obj
 0001:00000110       Java_gnu_io_LPRPort_setLPRMode 0000000180001110 f   ParallelImp.obj
 0001:00000240       Java_gnu_io_LPRPort_isPaperOut 0000000180001240 f   ParallelImp.obj
 0001:000002f0       Java_gnu_io_LPRPort_isPrinterBusy 00000001800012f0 f   ParallelImp.obj
 0001:000003a0       Java_gnu_io_LPRPort_isPrinterError 00000001800013a0 f   ParallelImp.obj
 0001:00000450       Java_gnu_io_LPRPort_isPrinterSelected 0000000180001450 f   ParallelImp.obj
 0001:00000500       Java_gnu_io_LPRPort_isPrinterTimedOut 0000000180001500 f   ParallelImp.obj
 0001:00000510       Java_gnu_io_LPRPort_nativeClose 0000000180001510 f   ParallelImp.obj
 0001:000005b0       Java_gnu_io_LPRPort_setInputBufferSize 00000001800015b0 f   ParallelImp.obj
 0001:000005c0       Java_gnu_io_LPRPort_getInputBufferSize 00000001800015c0 f   ParallelImp.obj
 0001:000005d0       Java_gnu_io_LPRPort_setOutputBufferSize 00000001800015d0 f   ParallelImp.obj
 0001:000005e0       Java_gnu_io_LPRPort_getOutputBufferSize 00000001800015e0 f   ParallelImp.obj
 0001:000005f0       Java_gnu_io_LPRPort_getOutputBufferFree 00000001800015f0 f   ParallelImp.obj
 0001:00000610       Java_gnu_io_LPRPort_writeByte 0000000180001610 f   ParallelImp.obj
 0001:00000720       Java_gnu_io_LPRPort_writeArray 0000000180001720 f   ParallelImp.obj
 0001:00000940       Java_gnu_io_LPRPort_nativeavailable 0000000180001940 f   ParallelImp.obj
 0001:00000a60       Java_gnu_io_LPRPort_readByte 0000000180001a60 f   ParallelImp.obj
 0001:00000bf0       Java_gnu_io_LPRPort_readArray 0000000180001bf0 f   ParallelImp.obj
 0001:00001000       Java_gnu_io_LPRPort_eventLoop 0000000180002000 f   ParallelImp.obj
 0001:000011f0       is_interrupted             00000001800021f0 f   ParallelImp.obj
 0001:000012a0       send_event                 00000001800022a0 f   ParallelImp.obj
 0001:00001360       read_byte_array            0000000180002360 f   ParallelImp.obj
 0001:00001560       get_java_var               0000000180002560 f   ParallelImp.obj
 0001:00001610       report                     0000000180002610 f   ParallelImp.obj
 0001:00001620       report_error               0000000180002620 f   ParallelImp.obj
 0001:00001650       throw_java_exception       0000000180002650 f   ParallelImp.obj
 0001:00001750       throw_java_exception_system_msg 0000000180002750 f   ParallelImp.obj
 0001:000017e0       getWin32ParallelStatusFlags 00000001800027e0 f   ParallelImp.obj
 0001:00001940       getWin32ParallelStatus     0000000180002940 f   ParallelImp.obj
 0001:00001960       Java_gnu_io_LPRPort_setHWFC 0000000180002960 f   ParallelImp.obj
 0001:00001970       __local_stdio_printf_options 0000000180002970 f i ParallelImp.obj
 0001:00001980       _snprintf_s                0000000180002980 f i ParallelImp.obj
 0001:000019f0       fprintf                    00000001800029f0 f i ParallelImp.obj
 0001:00001a40       printf                     0000000180002a40 f i ParallelImp.obj
 0001:00001aa0       sprintf                    0000000180002aa0 f i ParallelImp.obj
 0001:00001b00       serial_test                0000000180002b00 f   termios.obj
 0001:00001b70       serial_open                0000000180002b70 f   termios.obj
 0001:00001f70       serial_close               0000000180002f70 f   termios.obj
 0001:000020e0       serial_read                00000001800030e0 f   termios.obj
 0001:00002440       serial_write               0000000180003440 f   termios.obj
 0001:000026d0       serial_select              00000001800036d0 f   termios.obj
 0001:00002900       termios_interrupt_event_loop 0000000180003900 f   termios.obj
 0001:00002930       termios_setflags           0000000180003930 f   termios.obj
 0001:00002a10       find_port                  0000000180003a10 f   termios.obj
 0001:00002aa0       usleep                     0000000180003aa0 f   termios.obj
 0001:00002ac0       fcntl                      0000000180003ac0 f   termios.obj
 0001:00002b70       get_dos_port               0000000180003b70 f   termios.obj
 0001:00002c50       set_errno                  0000000180003c50 f   termios.obj
 0001:00002c60       B_to_CBR                   0000000180003c60 f   termios.obj
 0001:00002e30       CBR_to_B                   0000000180003e30 f   termios.obj
 0001:00003040       termios_to_bytesize        0000000180004040 f   termios.obj
 0001:00003070       bytesize_to_termios        0000000180004070 f   termios.obj
 0001:000030a0       tcgetattr                  00000001800040a0 f   termios.obj
 0001:000033c0       tcsetattr                  00000001800043c0 f   termios.obj
 0001:00003810       cfgetospeed                0000000180004810 f   termios.obj
 0001:00003820       cfgetispeed                0000000180004820 f   termios.obj
 0001:00003830       cfsetspeed                 0000000180004830 f   termios.obj
 0001:00003840       cfsetospeed                0000000180004840 f   termios.obj
 0001:000038f0       cfsetispeed                00000001800048f0 f   termios.obj
 0001:00003900       tcflush                    0000000180004900 f   termios.obj
 0001:00003ab0       tcdrain                    0000000180004ab0 f   termios.obj
 0001:00003c20       tcflow                     0000000180004c20 f   termios.obj
 0001:00003c50       tcsendbreak                0000000180004c50 f   termios.obj
 0001:00003d10       ioctl                      0000000180004d10 f   termios.obj
 0001:000042b0       cfmakeraw                  00000001800052b0 f   termios.obj
 0001:000042e0       termiosGetParityErrorChar  00000001800052e0 f   termios.obj
 0001:00004340       termiosSetParityError      0000000180005340 f   termios.obj
 0001:000043b0       get_fd                     00000001800053b0 f   termios.obj
 0001:00004440       get_filename               0000000180005440 f   termios.obj
 0001:00004490       dump_termios_list          0000000180005490 f   termios.obj
 0001:000044a0       ClearErrors                00000001800054a0 f   termios.obj
 0001:000045e0       FillDCB                    00000001800055e0 f   termios.obj
 0001:00004820       init_serial_struct         0000000180005820 f   termios.obj
 0001:00004860       init_termios               0000000180005860 f   termios.obj
 0001:000048f0       port_opened                00000001800058f0 f   termios.obj
 0001:00004980       open_port                  0000000180005980 f   termios.obj
 0001:00004dd0       get_free_fd                0000000180005dd0 f   termios.obj
 0001:00004e50       add_port                   0000000180005e50 f   termios.obj
 0001:000050f0       check_port_capabilities    00000001800060f0 f   termios.obj
 0001:000052c0       termios_to_DCB             00000001800062c0 f   termios.obj
 0001:000055b0       DCB_to_serial_struct       00000001800065b0 f   termios.obj
 0001:000055c0       DCB_to_termios             00000001800065c0 f   termios.obj
 0001:000055f0       show_DCB                   00000001800065f0 f   termios.obj
 0001:00005600       fstat                      0000000180006600 f   termios.obj
 0001:00005620       dll_entry                  0000000180006620 f   init.obj
 0001:00005628       __GSHandlerCheck           0000000180006628 f   LIBCMT:gshandler.obj
 0001:00005648       __GSHandlerCheckCommon     0000000180006648 f   LIBCMT:gshandler.obj
 0001:000056c0       __security_check_cookie    00000001800066c0 f   LIBCMT:amdsecgs.obj
 0001:00005a00       _DllMainCRTStartup         0000000180006a00 f   LIBCMT:dll_dllmain.obj
 0001:00005a40       __raise_securityfailure    0000000180006a40 f   LIBCMT:gs_report.obj
 0001:00005a74       __report_gsfailure         0000000180006a74 f   LIBCMT:gs_report.obj
 0001:00005b48       __report_rangecheckfailure 0000000180006b48 f   LIBCMT:gs_report.obj
 0001:00005b5c       __report_securityfailure   0000000180006b5c f   LIBCMT:gs_report.obj
 0001:00005cdc       __security_init_cookie     0000000180006cdc f   LIBCMT:gs_support.obj
 0001:00005d88       DllMain                    0000000180006d88 f   LIBCMT:dll_dllmain_stub.obj
 0001:00005d88       _get_startup_argv_mode     0000000180006d88 f   LIBCMT:argv_mode.obj
 0001:00005d90       ?__scrt_initialize_type_info@@YAXXZ 0000000180006d90 f   LIBCMT:tncleanup.obj
 0001:00005da0       ?__scrt_uninitialize_type_info@@YAXXZ 0000000180006da0 f   LIBCMT:tncleanup.obj
 0001:00005dac       __local_stdio_scanf_options 0000000180006dac f i LIBCMT:default_local_stdio_options.obj
 0001:00005db4       __scrt_initialize_default_local_stdio_options 0000000180006db4 f   LIBCMT:default_local_stdio_options.obj
 0001:00005dd0       __scrt_acquire_startup_lock 0000000180006dd0 f   LIBCMT:utility.obj
 0001:00005e0c       __scrt_dllmain_after_initialize_c 0000000180006e0c f   LIBCMT:utility.obj
 0001:00005e40       __scrt_dllmain_before_initialize_c 0000000180006e40 f   LIBCMT:utility.obj
 0001:00005e58       __scrt_dllmain_crt_thread_attach 0000000180006e58 f   LIBCMT:utility.obj
 0001:00005e80       __scrt_dllmain_crt_thread_detach 0000000180006e80 f   LIBCMT:utility.obj
 0001:00005e98       __scrt_dllmain_exception_filter 0000000180006e98 f   LIBCMT:utility.obj
 0001:00005ef8       __scrt_dllmain_uninitialize_c 0000000180006ef8 f   LIBCMT:utility.obj
 0001:00005f28       __scrt_dllmain_uninitialize_critical 0000000180006f28 f   LIBCMT:utility.obj
 0001:00005f3c       __scrt_initialize_crt      0000000180006f3c f   LIBCMT:utility.obj
 0001:00005f88       __scrt_initialize_onexit_tables 0000000180006f88 f   LIBCMT:utility.obj
 0001:00006014       __scrt_is_nonwritable_in_current_image 0000000180007014 f   LIBCMT:utility.obj
 0001:000060ac       __scrt_release_startup_lock 00000001800070ac f   LIBCMT:utility.obj
 0001:000060d0       __scrt_uninitialize_crt    00000001800070d0 f   LIBCMT:utility.obj
 0001:000060fc       __scrt_get_dyn_tls_init_callback 00000001800070fc f   LIBCMT:dyn_tls_init.obj
 0001:00006104       __crt_debugger_hook        0000000180007104 f   LIBCMT:utility_desktop.obj
 0001:0000610c       __scrt_fastfail            000000018000710c f   LIBCMT:utility_desktop.obj
 0001:00006258       _RTC_Initialize            0000000180007258 f   LIBCMT:initsect.obj
 0001:00006294       _RTC_Terminate             0000000180007294 f   LIBCMT:initsect.obj
 0001:000062d0       _guard_check_icall_nop     00000001800072d0 f i LIBCMT:guard_support.obj
 0001:000062d4       __isa_available_init       00000001800072d4 f   LIBCMT:cpu_disp.obj
 0001:00006480       __scrt_is_ucrt_dll_in_use  0000000180007480 f   LIBCMT:ucrt_detection.obj
 0001:000064a0       memset_repstos             00000001800074a0 f   libvcruntime:memset.obj
 0001:000064c0       memset                     00000001800074c0 f   libvcruntime:memset.obj
 0001:00006848       __C_specific_handler       0000000180007848 f   libvcruntime:riscchandler.obj
 0001:00006a40       __std_type_info_destroy_list 0000000180007a40 f   libvcruntime:std_type_info.obj
 0001:00006a6c       __vcrt_initialize          0000000180007a6c f   libvcruntime:initialization.obj
 0001:00006a94       __vcrt_thread_attach       0000000180007a94 f   libvcruntime:initialization.obj
 0001:00006aa8       __vcrt_thread_detach       0000000180007aa8 f   libvcruntime:initialization.obj
 0001:00006abc       __vcrt_uninitialize        0000000180007abc f   libvcruntime:initialization.obj
 0001:00006ad8       __vcrt_uninitialize_critical 0000000180007ad8 f   libvcruntime:initialization.obj
 0001:00006ae8       __DestructExceptionObject  0000000180007ae8 f   libvcruntime:ehhelpers.obj
 0001:00006b58       ?_CallMemberFunction0@@YAXQEAX0@Z 0000000180007b58 f i libvcruntime:ehhelpers.obj
 0001:00006b70       _NLG_Notify                0000000180007b70 f   libvcruntime:notify.obj
 0001:00006b90       __NLG_Dispatch2            0000000180007b90 f   libvcruntime:notify.obj
 0001:00006ba0       __NLG_Return2              0000000180007ba0 f   libvcruntime:notify.obj
 0001:00006ba4       __except_validate_context_record 0000000180007ba4 f   libvcruntime:jbcxrval.obj
 0001:00006bdc       __vcrt_freefls             0000000180007bdc f   libvcruntime:per_thread_data.obj
 0001:00006bfc       __vcrt_freeptd             0000000180007bfc f   libvcruntime:per_thread_data.obj
 0001:00006c4c       __vcrt_getptd              0000000180007c4c f   libvcruntime:per_thread_data.obj
 0001:00006c68       __vcrt_getptd_noexit       0000000180007c68 f   libvcruntime:per_thread_data.obj
 0001:00006d28       __vcrt_initialize_ptd      0000000180007d28 f   libvcruntime:per_thread_data.obj
 0001:00006d70       __vcrt_uninitialize_ptd    0000000180007d70 f   libvcruntime:per_thread_data.obj
 0001:00006d94       __vcrt_initialize_locks    0000000180007d94 f   libvcruntime:locks.obj
 0001:00006ddc       __vcrt_uninitialize_locks  0000000180007ddc f   libvcruntime:locks.obj
 0001:00006e30       memcpy_repmovs             0000000180007e30 f   libvcruntime:memcpy.obj
 0001:00006e50       memcpy                     0000000180007e50 f   libvcruntime:memcpy.obj
 0001:00006e50       memmove                    0000000180007e50 f   libvcruntime:memcpy.obj
 0001:00007618       __vcrt_FlsAlloc            0000000180008618 f   libvcruntime:winapi_downlevel.obj
 0001:00007660       __vcrt_FlsFree             0000000180008660 f   libvcruntime:winapi_downlevel.obj
 0001:000076a8       __vcrt_FlsGetValue         00000001800086a8 f   libvcruntime:winapi_downlevel.obj
 0001:000076f0       __vcrt_FlsSetValue         00000001800086f0 f   libvcruntime:winapi_downlevel.obj
 0001:00007744       __vcrt_InitializeCriticalSectionEx 0000000180008744 f   libvcruntime:winapi_downlevel.obj
 0001:000077c0       _CallSettingFrame          00000001800087c0 f   libvcruntime:handlers.obj
 0001:00007810       _CallSettingFrame_LookupContinuationIndex 0000000180008810 f   libvcruntime:handlers.obj
 0001:00007840       _CallSettingFrame_NotifyContinuationAddr 0000000180008840 f   libvcruntime:handlers.obj
 0001:00007870       _CallSettingFrameEncoded   0000000180008870 f   libvcruntime:handlers.obj
 0001:000078b8       __acrt_initialize_stdio    00000001800088b8 f   libucrt:_file.obj
 0001:000079d8       __acrt_iob_func            00000001800089d8 f   libucrt:_file.obj
 0001:000079ec       __acrt_uninitialize_stdio  00000001800089ec f   libucrt:_file.obj
 0001:00007a48       _lock_file                 0000000180008a48 f   libucrt:_file.obj
 0001:00007a54       _unlock_file               0000000180008a54 f   libucrt:_file.obj
 0001:00007e38       ??$ensure_buffer_is_big_enough@D@formatting_buffer@__crt_stdio_output@@QEAA_N_K@Z 0000000180008e38 f i libucrt:output.obj
 0001:00007ee0       ??$type_case_integer_parse_into_buffer@I@?$output_processor@DV?$stream_output_adapter@D@__crt_stdio_output@@V?$standard_base@DV?$stream_output_adapter@D@__crt_stdio_output@@@2@@__crt_stdio_output@@AEAAXII_N@Z 0000000180008ee0 f i libucrt:output.obj
 0001:00007ee0       ??$type_case_integer_parse_into_buffer@I@?$output_processor@DV?$string_output_adapter@D@__crt_stdio_output@@V?$format_validation_base@DV?$string_output_adapter@D@__crt_stdio_output@@@2@@__crt_stdio_output@@AEAAXII_N@Z 0000000180008ee0 f i libucrt:output.obj
 0001:00007ee0       ??$type_case_integer_parse_into_buffer@I@?$output_processor@DV?$string_output_adapter@D@__crt_stdio_output@@V?$standard_base@DV?$string_output_adapter@D@__crt_stdio_output@@@2@@__crt_stdio_output@@AEAAXII_N@Z 0000000180008ee0 f i libucrt:output.obj
 0001:00007f68       ??$type_case_integer_parse_into_buffer@_K@?$output_processor@DV?$stream_output_adapter@D@__crt_stdio_output@@V?$standard_base@DV?$stream_output_adapter@D@__crt_stdio_output@@@2@@__crt_stdio_output@@AEAAX_KI_N@Z 0000000180008f68 f i libucrt:output.obj
 0001:00007f68       ??$type_case_integer_parse_into_buffer@_K@?$output_processor@DV?$string_output_adapter@D@__crt_stdio_output@@V?$format_validation_base@DV?$string_output_adapter@D@__crt_stdio_output@@@2@@__crt_stdio_output@@AEAAX_KI_N@Z 0000000180008f68 f i libucrt:output.obj
 0001:00007f68       ??$type_case_integer_parse_into_buffer@_K@?$output_processor@DV?$string_output_adapter@D@__crt_stdio_output@@V?$standard_base@DV?$string_output_adapter@D@__crt_stdio_output@@@2@@__crt_stdio_output@@AEAAX_KI_N@Z 0000000180008f68 f i libucrt:output.obj
 0001:00007ff8       ??$write_multiple_characters@V?$stream_output_adapter@D@__crt_stdio_output@@D@__crt_stdio_output@@YAXAEBV?$stream_output_adapter@D@0@DHQEAH@Z 0000000180008ff8 f i libucrt:output.obj
 0001:00008084       ??$write_multiple_characters@V?$string_output_adapter@D@__crt_stdio_output@@D@__crt_stdio_output@@YAXAEBV?$string_output_adapter@D@0@DHQEAH@Z 0000000180009084 f i libucrt:output.obj
 0001:000080fc       ??0_LocaleUpdate@@QEAA@QEAU__crt_locale_pointers@@@Z 00000001800090fc f i libucrt:output.obj
 0001:000082c8       ?crop_zeroes@__crt_stdio_output@@YAXPEADQEAU__crt_locale_pointers@@@Z 00000001800092c8 f i libucrt:output.obj
 0001:00008334       ?parse_int_from_format_string@?$output_processor@DV?$stream_output_adapter@D@__crt_stdio_output@@V?$standard_base@DV?$stream_output_adapter@D@__crt_stdio_output@@@2@@__crt_stdio_output@@AEAA_NQEAH@Z 0000000180009334 f i libucrt:output.obj
 0001:00008334       ?parse_int_from_format_string@?$output_processor@DV?$string_output_adapter@D@__crt_stdio_output@@V?$format_validation_base@DV?$string_output_adapter@D@__crt_stdio_output@@@2@@__crt_stdio_output@@AEAA_NQEAH@Z 0000000180009334 f i libucrt:output.obj
 0001:00008334       ?parse_int_from_format_string@?$output_processor@DV?$string_output_adapter@D@__crt_stdio_output@@V?$standard_base@DV?$string_output_adapter@D@__crt_stdio_output@@@2@@__crt_stdio_output@@AEAA_NQEAH@Z 0000000180009334 f i libucrt:output.obj
 0001:000083d8       ?process@?$output_processor@DV?$stream_output_adapter@D@__crt_stdio_output@@V?$standard_base@DV?$stream_output_adapter@D@__crt_stdio_output@@@2@@__crt_stdio_output@@QEAAHXZ 00000001800093d8 f i libucrt:output.obj
 0001:000085f0       ?process@?$output_processor@DV?$string_output_adapter@D@__crt_stdio_output@@V?$format_validation_base@DV?$string_output_adapter@D@__crt_stdio_output@@@2@@__crt_stdio_output@@QEAAHXZ 00000001800095f0 f i libucrt:output.obj
 0001:00008808       ?process@?$output_processor@DV?$string_output_adapter@D@__crt_stdio_output@@V?$standard_base@DV?$string_output_adapter@D@__crt_stdio_output@@@2@@__crt_stdio_output@@QEAAHXZ 0000000180009808 f i libucrt:output.obj
 0001:00008a14       ?state_case_normal@?$output_processor@DV?$stream_output_adapter@D@__crt_stdio_output@@V?$standard_base@DV?$stream_output_adapter@D@__crt_stdio_output@@@2@@__crt_stdio_output@@AEAA_NXZ 0000000180009a14 f i libucrt:output.obj
 0001:00008a84       ?state_case_normal@?$output_processor@DV?$string_output_adapter@D@__crt_stdio_output@@V?$format_validation_base@DV?$string_output_adapter@D@__crt_stdio_output@@@2@@__crt_stdio_output@@AEAA_NXZ 0000000180009a84 f i libucrt:output.obj
 0001:00008a84       ?state_case_normal@?$output_processor@DV?$string_output_adapter@D@__crt_stdio_output@@V?$standard_base@DV?$string_output_adapter@D@__crt_stdio_output@@@2@@__crt_stdio_output@@AEAA_NXZ 0000000180009a84 f i libucrt:output.obj
 0001:00008af8       ?state_case_normal_tchar@?$output_processor@DV?$stream_output_adapter@D@__crt_stdio_output@@V?$standard_base@DV?$stream_output_adapter@D@__crt_stdio_output@@@2@@__crt_stdio_output@@AEAA_ND@Z 0000000180009af8 f i libucrt:output.obj
 0001:00008b9c       ?state_case_normal_tchar@?$output_processor@DV?$string_output_adapter@D@__crt_stdio_output@@V?$format_validation_base@DV?$string_output_adapter@D@__crt_stdio_output@@@2@@__crt_stdio_output@@AEAA_ND@Z 0000000180009b9c f i libucrt:output.obj
 0001:00008b9c       ?state_case_normal_tchar@?$output_processor@DV?$string_output_adapter@D@__crt_stdio_output@@V?$standard_base@DV?$string_output_adapter@D@__crt_stdio_output@@@2@@__crt_stdio_output@@AEAA_ND@Z 0000000180009b9c f i libucrt:output.obj
 0001:00008c44       ?state_case_size@?$output_processor@DV?$stream_output_adapter@D@__crt_stdio_output@@V?$standard_base@DV?$stream_output_adapter@D@__crt_stdio_output@@@2@@__crt_stdio_output@@AEAA_NXZ 0000000180009c44 f i libucrt:output.obj
 0001:00008db8       ?state_case_size@?$output_processor@DV?$string_output_adapter@D@__crt_stdio_output@@V?$format_validation_base@DV?$string_output_adapter@D@__crt_stdio_output@@@2@@__crt_stdio_output@@AEAA_NXZ 0000000180009db8 f i libucrt:output.obj
 0001:00008db8       ?state_case_size@?$output_processor@DV?$string_output_adapter@D@__crt_stdio_output@@V?$standard_base@DV?$string_output_adapter@D@__crt_stdio_output@@@2@@__crt_stdio_output@@AEAA_NXZ 0000000180009db8 f i libucrt:output.obj
 0001:00008f2c       ?state_case_type@?$output_processor@DV?$stream_output_adapter@D@__crt_stdio_output@@V?$standard_base@DV?$stream_output_adapter@D@__crt_stdio_output@@@2@@__crt_stdio_output@@AEAA_NXZ 0000000180009f2c f i libucrt:output.obj
 0001:000091b0       ?state_case_type@?$output_processor@DV?$string_output_adapter@D@__crt_stdio_output@@V?$format_validation_base@DV?$string_output_adapter@D@__crt_stdio_output@@@2@@__crt_stdio_output@@AEAA_NXZ 000000018000a1b0 f i libucrt:output.obj
 0001:000091b0       ?state_case_type@?$output_processor@DV?$string_output_adapter@D@__crt_stdio_output@@V?$standard_base@DV?$string_output_adapter@D@__crt_stdio_output@@@2@@__crt_stdio_output@@AEAA_NXZ 000000018000a1b0 f i libucrt:output.obj
 0001:00009418       ?type_case_Z@?$output_processor@DV?$stream_output_adapter@D@__crt_stdio_output@@V?$standard_base@DV?$stream_output_adapter@D@__crt_stdio_output@@@2@@__crt_stdio_output@@AEAA_NXZ 000000018000a418 f i libucrt:output.obj
 0001:00009418       ?type_case_Z@?$output_processor@DV?$string_output_adapter@D@__crt_stdio_output@@V?$format_validation_base@DV?$string_output_adapter@D@__crt_stdio_output@@@2@@__crt_stdio_output@@AEAA_NXZ 000000018000a418 f i libucrt:output.obj
 0001:00009418       ?type_case_Z@?$output_processor@DV?$string_output_adapter@D@__crt_stdio_output@@V?$standard_base@DV?$string_output_adapter@D@__crt_stdio_output@@@2@@__crt_stdio_output@@AEAA_NXZ 000000018000a418 f i libucrt:output.obj
 0001:0000948c       ?type_case_a@?$output_processor@DV?$stream_output_adapter@D@__crt_stdio_output@@V?$standard_base@DV?$stream_output_adapter@D@__crt_stdio_output@@@2@@__crt_stdio_output@@AEAA_NXZ 000000018000a48c f i libucrt:output.obj
 0001:0000948c       ?type_case_a@?$output_processor@DV?$string_output_adapter@D@__crt_stdio_output@@V?$format_validation_base@DV?$string_output_adapter@D@__crt_stdio_output@@@2@@__crt_stdio_output@@AEAA_NXZ 000000018000a48c f i libucrt:output.obj
 0001:0000948c       ?type_case_a@?$output_processor@DV?$string_output_adapter@D@__crt_stdio_output@@V?$standard_base@DV?$string_output_adapter@D@__crt_stdio_output@@@2@@__crt_stdio_output@@AEAA_NXZ 000000018000a48c f i libucrt:output.obj
 0001:000096a4       ?type_case_c_tchar@?$output_processor@DV?$stream_output_adapter@D@__crt_stdio_output@@V?$standard_base@DV?$stream_output_adapter@D@__crt_stdio_output@@@2@@__crt_stdio_output@@AEAA_ND@Z 000000018000a6a4 f i libucrt:output.obj
 0001:000096a4       ?type_case_c_tchar@?$output_processor@DV?$string_output_adapter@D@__crt_stdio_output@@V?$format_validation_base@DV?$string_output_adapter@D@__crt_stdio_output@@@2@@__crt_stdio_output@@AEAA_ND@Z 000000018000a6a4 f i libucrt:output.obj
 0001:000096a4       ?type_case_c_tchar@?$output_processor@DV?$string_output_adapter@D@__crt_stdio_output@@V?$standard_base@DV?$string_output_adapter@D@__crt_stdio_output@@@2@@__crt_stdio_output@@AEAA_ND@Z 000000018000a6a4 f i libucrt:output.obj
 0001:00009760       ?type_case_integer@?$output_processor@DV?$stream_output_adapter@D@__crt_stdio_output@@V?$standard_base@DV?$stream_output_adapter@D@__crt_stdio_output@@@2@@__crt_stdio_output@@AEAA_NI_N@Z 000000018000a760 f i libucrt:output.obj
 0001:00009760       ?type_case_integer@?$output_processor@DV?$string_output_adapter@D@__crt_stdio_output@@V?$format_validation_base@DV?$string_output_adapter@D@__crt_stdio_output@@@2@@__crt_stdio_output@@AEAA_NI_N@Z 000000018000a760 f i libucrt:output.obj
 0001:00009760       ?type_case_integer@?$output_processor@DV?$string_output_adapter@D@__crt_stdio_output@@V?$standard_base@DV?$string_output_adapter@D@__crt_stdio_output@@@2@@__crt_stdio_output@@AEAA_NI_N@Z 000000018000a760 f i libucrt:output.obj
 0001:00009928       ?type_case_n@?$output_processor@DV?$stream_output_adapter@D@__crt_stdio_output@@V?$standard_base@DV?$stream_output_adapter@D@__crt_stdio_output@@@2@@__crt_stdio_output@@AEAA_NXZ 000000018000a928 f i libucrt:output.obj
 0001:00009928       ?type_case_n@?$output_processor@DV?$string_output_adapter@D@__crt_stdio_output@@V?$format_validation_base@DV?$string_output_adapter@D@__crt_stdio_output@@@2@@__crt_stdio_output@@AEAA_NXZ 000000018000a928 f i libucrt:output.obj
 0001:00009928       ?type_case_n@?$output_processor@DV?$string_output_adapter@D@__crt_stdio_output@@V?$standard_base@DV?$string_output_adapter@D@__crt_stdio_output@@@2@@__crt_stdio_output@@AEAA_NXZ 000000018000a928 f i libucrt:output.obj
 0001:00009a04       ?type_case_s@?$output_processor@DV?$stream_output_adapter@D@__crt_stdio_output@@V?$standard_base@DV?$stream_output_adapter@D@__crt_stdio_output@@@2@@__crt_stdio_output@@AEAA_NXZ 000000018000aa04 f i libucrt:output.obj
 0001:00009a04       ?type_case_s@?$output_processor@DV?$string_output_adapter@D@__crt_stdio_output@@V?$format_validation_base@DV?$string_output_adapter@D@__crt_stdio_output@@@2@@__crt_stdio_output@@AEAA_NXZ 000000018000aa04 f i libucrt:output.obj
 0001:00009a04       ?type_case_s@?$output_processor@DV?$string_output_adapter@D@__crt_stdio_output@@V?$standard_base@DV?$string_output_adapter@D@__crt_stdio_output@@@2@@__crt_stdio_output@@AEAA_NXZ 000000018000aa04 f i libucrt:output.obj
 0001:00009a9c       ?validate_stream_is_ansi_if_required@?$__acrt_stdio_char_traits@D@@SA_NQEAU_iobuf@@@Z 000000018000aa9c f i libucrt:output.obj
 0001:00009b38       ?write_stored_string_tchar@?$output_processor@DV?$stream_output_adapter@D@__crt_stdio_output@@V?$standard_base@DV?$stream_output_adapter@D@__crt_stdio_output@@@2@@__crt_stdio_output@@AEAA_ND@Z 000000018000ab38 f i libucrt:output.obj
 0001:00009c5c       ?write_stored_string_tchar@?$output_processor@DV?$string_output_adapter@D@__crt_stdio_output@@V?$format_validation_base@DV?$string_output_adapter@D@__crt_stdio_output@@@2@@__crt_stdio_output@@AEAA_ND@Z 000000018000ac5c f i libucrt:output.obj
 0001:00009c5c       ?write_stored_string_tchar@?$output_processor@DV?$string_output_adapter@D@__crt_stdio_output@@V?$standard_base@DV?$string_output_adapter@D@__crt_stdio_output@@@2@@__crt_stdio_output@@AEAA_ND@Z 000000018000ac5c f i libucrt:output.obj
 0001:00009d34       ?write_string@?$string_output_adapter@D@__crt_stdio_output@@QEBAXQEBDHQEAHAEAV__crt_deferred_errno_cache@@@Z 000000018000ad34 f i libucrt:output.obj
 0001:00009dd8       ?write_string_impl@?$output_adapter_common@DV?$stream_output_adapter@D@__crt_stdio_output@@@__crt_stdio_output@@IEBAXQEBDHQEAHAEAV__crt_deferred_errno_cache@@@Z 000000018000add8 f i libucrt:output.obj
 0001:00009ed0       __stdio_common_vfprintf    000000018000aed0 f   libucrt:output.obj
 0001:00009f5c       __stdio_common_vsnprintf_s 000000018000af5c f   libucrt:output.obj
 0001:0000a090       __stdio_common_vsprintf    000000018000b090 f   libucrt:output.obj
 0001:0000a098       __acrt_errno_from_os_error 000000018000b098 f   libucrt:errno.obj
 0001:0000a0e0       __acrt_errno_map_os_error  000000018000b0e0 f   libucrt:errno.obj
 0001:0000a130       __doserrno                 000000018000b130 f   libucrt:errno.obj
 0001:0000a150       _errno                     000000018000b150 f   libucrt:errno.obj
 0001:0000a170       free                       000000018000b170 f   libucrt:free.obj
 0001:0000a184       malloc                     000000018000b184 f   libucrt:malloc.obj
 0001:0000a3a8       __acrt_stdio_flush_nolock  000000018000b3a8 f   libucrt:fflush.obj
 0001:0000a424       _fflush_nolock             000000018000b424 f   libucrt:fflush.obj
 0001:0000a470       _flushall                  000000018000b470 f   libucrt:fflush.obj
 0001:0000a478       fflush                     000000018000b478 f   libucrt:fflush.obj
 0001:0000a4e0       __acrt_initialize_clock    000000018000b4e0 f   libucrt:clock.obj
 0001:0000a534       clock                      000000018000b534 f   libucrt:clock.obj
 0001:0000a598       _initterm                  000000018000b598 f   libucrt:initterm.obj
 0001:0000a5fc       _initterm_e                000000018000b5fc f   libucrt:initterm.obj
 0001:0000a63c       _seh_filter_dll            000000018000b63c f   libucrt:exception_filter.obj
 0001:0000a650       _seh_filter_exe            000000018000b650 f   libucrt:exception_filter.obj
 0001:0000aa40       __acrt_initialize_thread_local_exit_callback 000000018000ba40 f   libucrt:exit.obj
 0001:0000aa48       _cexit                     000000018000ba48 f   libucrt:exit.obj
 0001:0000aa58       _exit                      000000018000ba58 f   libucrt:exit.obj
 0001:0000aa64       _is_c_termination_complete 000000018000ba64 f   libucrt:exit.obj
 0001:0000ac30       __acrt_allocate_buffer_for_argv 000000018000bc30 f   libucrt:argv_parsing.obj
 0001:0000ac90       _configure_narrow_argv     000000018000bc90 f   libucrt:argv_parsing.obj
 0001:0000b008       __dcrt_uninitialize_environments_nolock 000000018000c008 f   libucrt:environment_initialization.obj
 0001:0000b040       _initialize_narrow_environment 000000018000c040 f   libucrt:environment_initialization.obj
 0001:0000b19c       _execute_onexit_table      000000018000c19c f   libucrt:onexit.obj
 0001:0000b1d8       _initialize_onexit_table   000000018000c1d8 f   libucrt:onexit.obj
 0001:0000b238       __acrt_uninitialize_command_line 000000018000c238 f   libucrt:argv_data.obj
 0001:0000b330       __acrt_initialize          000000018000c330 f   libucrt:initialization.obj
 0001:0000b344       __acrt_thread_attach       000000018000c344 f   libucrt:initialization.obj
 0001:0000b358       __acrt_thread_detach       000000018000c358 f   libucrt:initialization.obj
 0001:0000b368       __acrt_uninitialize        000000018000c368 f   libucrt:initialization.obj
 0001:0000b3a0       __acrt_uninitialize_critical 000000018000c3a0 f   libucrt:initialization.obj
 0001:0000b3b0       terminate                  000000018000c3b0 f   libucrt:terminate.obj
 0001:0000b3d0       strcpy_s                   000000018000c3d0 f   libucrt:strcpy_s.obj
 0001:0000b430       abort                      000000018000c430 f   libucrt:abort.obj
 0001:0000b488       ??$parse_integer@KV?$c_string_character_source@D@__crt_strtox@@@__crt_strtox@@YAKQEAU__crt_locale_pointers@@V?$c_string_character_source@D@0@H_N@Z 000000018000c488 f i libucrt:atox.obj
 0001:0000b790       _ischartype_l              000000018000c790 f i libucrt:atox.obj
 0001:0000b820       strncmp                    000000018000c820 f   libucrt:strncmp.obj
 0001:0000b8a0       calloc                     000000018000c8a0 f   libucrt:calloc.obj
 0001:0000b8a8       wcsncmp                    000000018000c8a8 f   libucrt:wcsncmp.obj
 0001:0000b8d4       __acrt_call_reportfault    000000018000c8d4 f   libucrt:invalid_parameter.obj
 0001:0000ba30       __acrt_initialize_invalid_parameter_handler 000000018000ca30 f   libucrt:invalid_parameter.obj
 0001:0000ba38       _invalid_parameter         000000018000ca38 f   libucrt:invalid_parameter.obj
 0001:0000bae8       _invalid_parameter_noinfo  000000018000cae8 f   libucrt:invalid_parameter.obj
 0001:0000bb08       _invoke_watson             000000018000cb08 f   libucrt:invalid_parameter.obj
 0001:0000bb50       _calloc_base               000000018000cb50 f   libucrt:calloc_base.obj
 0001:0000bbc8       _free_base                 000000018000cbc8 f   libucrt:free_base.obj
 0001:0000bde0       __acrt_AppPolicyGetProcessTerminationMethodInternal 000000018000cde0 f   libucrt:winapi_thunks.obj
 0001:0000be30       __acrt_AreFileApisANSI     000000018000ce30 f   libucrt:winapi_thunks.obj
 0001:0000be6c       __acrt_FlsAlloc            000000018000ce6c f   libucrt:winapi_thunks.obj
 0001:0000beb4       __acrt_FlsFree             000000018000ceb4 f   libucrt:winapi_thunks.obj
 0001:0000befc       __acrt_FlsGetValue         000000018000cefc f   libucrt:winapi_thunks.obj
 0001:0000bf44       __acrt_FlsSetValue         000000018000cf44 f   libucrt:winapi_thunks.obj
 0001:0000bf98       __acrt_InitializeCriticalSectionEx 000000018000cf98 f   libucrt:winapi_thunks.obj
 0001:0000bffc       __acrt_LCMapStringEx       000000018000cffc f   libucrt:winapi_thunks.obj
 0001:0000c0d8       __acrt_LocaleNameToLCID    000000018000d0d8 f   libucrt:winapi_thunks.obj
 0001:0000c128       __acrt_initialize_winapi_thunks 000000018000d128 f   libucrt:winapi_thunks.obj
 0001:0000c15c       __acrt_uninitialize_winapi_thunks 000000018000d15c f   libucrt:winapi_thunks.obj
 0001:0000c1a0       _fcloseall                 000000018000d1a0 f   libucrt:closeall.obj
 0001:0000c254       __acrt_stdio_free_buffer_nolock 000000018000d254 f   libucrt:_freebuf.obj
 0001:0000c490       __acrt_initialize_lowio    000000018000d490 f   libucrt:ioinit.obj
 0001:0000c4cc       __acrt_uninitialize_lowio  000000018000d4cc f   libucrt:ioinit.obj
 0001:0000c50c       _malloc_base               000000018000d50c f   libucrt:malloc_base.obj
 0001:0000c56c       strtol                     000000018000d56c f   libucrt:strtox.obj
 0001:0000c598       _mbtowc_l                  000000018000d598 f   libucrt:mbtowc.obj
 0001:0000c718       mbtowc                     000000018000d718 f   libucrt:mbtowc.obj
 0001:0000c720       _wctomb_s_l                000000018000d720 f   libucrt:wctomb.obj
 0001:0000c8bc       wctomb_s                   000000018000d8bc f   libucrt:wctomb.obj
 0001:0000c8d0       strnlen                    000000018000d8d0 f   libucrt:strnlen.obj
 0001:0000ca20       wcsnlen                    000000018000da20 f   libucrt:strnlen.obj
 0001:0000cf70       __acrt_freeptd             000000018000df70 f   libucrt:per_thread_data.obj
 0001:0000cfb4       __acrt_getptd              000000018000dfb4 f   libucrt:per_thread_data.obj
 0001:0000d088       __acrt_getptd_head         000000018000e088 f   libucrt:per_thread_data.obj
 0001:0000d130       __acrt_getptd_noexit       000000018000e130 f   libucrt:per_thread_data.obj
 0001:0000d1fc       __acrt_initialize_ptd      000000018000e1fc f   libucrt:per_thread_data.obj
 0001:0000d238       __acrt_uninitialize_ptd    000000018000e238 f   libucrt:per_thread_data.obj
 0001:0000d25c       __acrt_update_locale_info  000000018000e25c f   libucrt:locale_update.obj
 0001:0000d290       __acrt_update_multibyte_info 000000018000e290 f   libucrt:locale_update.obj
 0001:0000db5c       __acrt_fp_format           000000018000eb5c f   libucrt:cvt.obj
 0001:0000de60       _fileno                    000000018000ee60 f   libucrt:fileno.obj
 0001:0000de88       _fputc_nolock              000000018000ee88 f   libucrt:fputc.obj
 0001:0000dea0       _get_printf_count_output   000000018000eea0 f   libucrt:printf_count_output.obj
 0001:0000deb8       __acrt_stdio_begin_temporary_buffering_nolock 000000018000eeb8 f   libucrt:_sftbuf.obj
 0001:0000df88       __acrt_stdio_end_temporary_buffering_nolock 000000018000ef88 f   libucrt:_sftbuf.obj
 0001:0000e034       __acrt_set_locale_changed  000000018000f034 f   libucrt:wsetlocale.obj
 0001:0000e040       __acrt_uninitialize_locale 000000018000f040 f   libucrt:wsetlocale.obj
 0001:0000e070       __acrt_initialize_locks    000000018000f070 f   libucrt:locks.obj
 0001:0000e0b8       __acrt_lock                000000018000f0b8 f   libucrt:locks.obj
 0001:0000e0d4       __acrt_uninitialize_locks  000000018000f0d4 f   libucrt:locks.obj
 0001:0000e10c       __acrt_unlock              000000018000f10c f   libucrt:locks.obj
 0001:0000e1b4       _commit                    000000018000f1b4 f   libucrt:commit.obj
 0001:0000eaa8       _write                     000000018000faa8 f   libucrt:write.obj
 0001:0000eb94       _write_nolock              000000018000fb94 f   libucrt:write.obj
 0001:0000ee70       __acrt_get_process_end_policy 000000018000fe70 f   libucrt:win_policies.obj
 0001:0000eec0       ??$__acrt_mbs_to_wcs_cp@U__crt_win32_buffer_internal_dynamic_resizing@@@@YAHQEBDAEAV?$__crt_win32_buffer@_WU__crt_win32_buffer_internal_dynamic_resizing@@@@I@Z 000000018000fec0 f i libucrt:argv_wildcards.obj
 0001:0000f038       ??$__acrt_wcs_to_mbs_cp@U__crt_win32_buffer_internal_dynamic_resizing@@@@YAHQEB_WAEAV?$__crt_win32_buffer@DU__crt_win32_buffer_internal_dynamic_resizing@@@@I@Z 0000000180010038 f i libucrt:argv_wildcards.obj
 0001:0000f868       __acrt_expand_narrow_argv_wildcards 0000000180010868 f   libucrt:argv_wildcards.obj
 0001:0000f870       ??$__acrt_wcs_to_mbs_cp@U__crt_win32_buffer_no_resizing@@@@YAHQEB_WAEAV?$__crt_win32_buffer@DU__crt_win32_buffer_no_resizing@@@@I@Z 0000000180010870 f i libucrt:getmodulefilenamea.obj
 0001:0000f984       __acrt_GetModuleFileNameA  0000000180010984 f   libucrt:getmodulefilenamea.obj
 0001:000101d0       __acrt_initialize_multibyte 00000001800111d0 f   libucrt:mbctype.obj
 0001:00010230       __acrt_update_thread_multibyte_data 0000000180011230 f   libucrt:mbctype.obj
 0001:0001024c       _setmbcp_nolock            000000018001124c f   libucrt:mbctype.obj
 0001:00010580       _ismbblead                 0000000180011580 f   libucrt:ismbbyte.obj
 0001:00010594       __acrt_initialize_command_line 0000000180011594 f   libucrt:argv_data.obj
 0001:000105bc       __acrt_MultiByteToWideChar 00000001800115bc f   libucrt:multibytetowidechar.obj
 0001:00010618       __acrt_WideCharToMultiByte 0000000180011618 f   libucrt:widechartomultibyte.obj
 0001:000106b0       __dcrt_get_narrow_environment_from_os 00000001800116b0 f   libucrt:get_environment_from_os.obj
 0001:000107b4       _recalloc_base             00000001800117b4 f   libucrt:recalloc.obj
 0001:0001084c       __acrt_initialize_heap     000000018001184c f   libucrt:heap_handle.obj
 0001:00010868       __acrt_uninitialize_heap   0000000180011868 f   libucrt:heap_handle.obj
 0001:00010874       __acrt_execute_initializers 0000000180011874 f   libucrt:shared_initialization.obj
 0001:000108f4       __acrt_execute_uninitializers 00000001800118f4 f   libucrt:shared_initialization.obj
 0001:00010930       __acrt_initialize_new_handler 0000000180011930 f   libucrt:new_handler.obj
 0001:00010938       _callnewh                  0000000180011938 f   libucrt:new_handler.obj
 0001:00010968       _query_new_handler         0000000180011968 f   libucrt:new_handler.obj
 0001:000109e4       __acrt_get_sigabrt_handler 00000001800119e4 f   libucrt:signal.obj
 0001:00010a14       __acrt_initialize_signal_handlers 0000000180011a14 f   libucrt:signal.obj
 0001:00010a34       raise                      0000000180011a34 f   libucrt:signal.obj
 0001:00010ca0       __acrt_has_user_matherr    0000000180011ca0 f   libucrt:matherr.obj
 0001:00010cc0       __acrt_initialize_user_matherr 0000000180011cc0 f   libucrt:matherr.obj
 0001:00010cc8       __acrt_invoke_user_matherr 0000000180011cc8 f   libucrt:matherr.obj
 0001:00010cf8       __pctype_func              0000000180011cf8 f   libucrt:ctype.obj
 0001:00010d28       _isctype_l                 0000000180011d28 f   libucrt:isctype.obj
 0001:00010e30       _query_new_mode            0000000180011e30 f   libucrt:new_mode.obj
 0001:00010e38       __acrt_DownlevelLocaleNameToLCID 0000000180011e38 f   libucrt:lcidtoname_downlevel.obj
 0001:00010ee8       _fclose_nolock             0000000180011ee8 f   libucrt:fclose.obj
 0001:00010f6c       fclose                     0000000180011f6c f   libucrt:fclose.obj
 0001:00010fd0       __acrt_lowio_create_handle_array 0000000180011fd0 f   libucrt:osfinfo.obj
 0001:00011078       __acrt_lowio_destroy_handle_array 0000000180012078 f   libucrt:osfinfo.obj
 0001:000110c8       __acrt_lowio_ensure_fh_exists 00000001800120c8 f   libucrt:osfinfo.obj
 0001:00011170       __acrt_lowio_lock_fh       0000000180012170 f   libucrt:osfinfo.obj
 0001:00011198       __acrt_lowio_unlock_fh     0000000180012198 f   libucrt:osfinfo.obj
 0001:000111c0       _free_osfhnd               00000001800121c0 f   libucrt:osfinfo.obj
 0001:0001127c       _get_osfhandle             000000018001227c f   libucrt:osfinfo.obj
 0001:000112f4       _isleadbyte_l              00000001800122f4 f i libucrt:_wctype.obj
 0001:00011340       ?__mbrtowc_utf8@__crt_mbstring@@YA_KPEA_WPEBD_KPEAU_Mbstatet@@@Z 0000000180012340 f   libucrt:mbrtowc.obj
 0001:0001137c       ?__mbsrtowcs_utf8@__crt_mbstring@@YA_KPEA_WPEAPEBD_KPEAU_Mbstatet@@@Z 000000018001237c f   libucrt:mbrtowc.obj
 0001:000114f4       ?__c32rtomb_utf8@__crt_mbstring@@YA_KPEAD_UPEAU_Mbstatet@@@Z 00000001800124f4 f   libucrt:c32rtomb.obj
 0001:000115a8       __acrt_add_locale_ref      00000001800125a8 f   libucrt:locale_refcounting.obj
 0001:00011634       __acrt_free_locale         0000000180012634 f   libucrt:locale_refcounting.obj
 0001:000117ac       __acrt_locale_add_lc_time_reference 00000001800127ac f   libucrt:locale_refcounting.obj
 0001:000117d4       __acrt_locale_free_lc_time_if_unreferenced 00000001800127d4 f   libucrt:locale_refcounting.obj
 0001:0001180c       __acrt_locale_release_lc_time_reference 000000018001280c f   libucrt:locale_refcounting.obj
 0001:00011834       __acrt_release_locale_ref  0000000180012834 f   libucrt:locale_refcounting.obj
 0001:000118dc       __acrt_update_thread_locale_data 00000001800128dc f   libucrt:locale_refcounting.obj
 0001:00011948       _updatetlocinfoEx_nolock   0000000180012948 f   libucrt:locale_refcounting.obj
 0001:000119b0       __acrt_fp_strflt_to_string 00000001800129b0 f   libucrt:_fptostr.obj
 0001:00011aa0       ?divide@__crt_strtox@@YA_KAEAUbig_integer@1@AEBU21@@Z 0000000180012aa0 f i libucrt:cfout.obj
 0001:00011ecc       __acrt_fltout              0000000180012ecc f   libucrt:cfout.obj
 0001:000132e8       __acrt_stdio_flush_and_write_narrow_nolock 00000001800142e8 f   libucrt:_flsbuf.obj
 0001:000133d4       _isatty                    00000001800143d4 f   libucrt:isatty.obj
 0001:00013434       __acrt_locale_free_monetary 0000000180014434 f   libucrt:initmon.obj
 0001:00013540       __acrt_locale_free_numeric 0000000180014540 f   libucrt:initnum.obj
 0001:00013604       __acrt_locale_free_time    0000000180014604 f   libucrt:inittime.obj
 0001:0001370c       __acrt_GetStringTypeA      000000018001470c f   libucrt:getstringtypea.obj
 0001:00013a28       _lseeki64                  0000000180014a28 f   libucrt:lseek.obj
 0001:00013a30       _lseeki64_nolock           0000000180014a30 f   libucrt:lseek.obj
 0001:00013a38       _putwch_nolock             0000000180014a38 f   libucrt:putwch.obj
 0001:00013a80       qsort                      0000000180014a80 f   libucrt:qsort.obj
 0001:00013e30       strncpy_s                  0000000180014e30 f   libucrt:strncpy_s.obj
 0001:00013fb0       strpbrk                    0000000180014fb0 f   libucrt:strpbrk.obj
 0001:00014390       _mbsdec                    0000000180015390 f   libucrt:mbsdec.obj
 0001:00014398       _mbsdec_l                  0000000180015398 f   libucrt:mbsdec.obj
 0001:00014744       __acrt_LCMapStringA        0000000180015744 f   libucrt:lcmapstringa.obj
 0001:000147f4       _msize_base                00000001800157f4 f   libucrt:msize.obj
 0001:00014830       _realloc_base              0000000180015830 f   libucrt:realloc_base.obj
 0001:000148ac       __ascii_wcsnicmp           00000001800158ac f   libucrt:wcsnicmp.obj
 0001:0001496c       _close                     000000018001596c f   libucrt:close.obj
 0001:00014a10       _close_nolock              0000000180015a10 f   libucrt:close.obj
 0001:00014ad0       ?__acrt_stdio_free_stream@@YAXV__crt_stdio_stream@@@Z 0000000180015ad0 f   libucrt:stream.obj
 0001:00014aec       _query_app_type            0000000180015aec f   libucrt:report_runtime_error.obj
 0001:00014af4       ?__mbrtoc32_utf8@__crt_mbstring@@YA_KPEA_UPEBD_KPEAU_Mbstatet@@@Z 0000000180015af4 f   libucrt:mbrtoc32.obj
 0001:00014cd0       fegetenv                   0000000180015cd0 f   libucrt:fegetenv.obj
 0001:00014cf0       fesetenv                   0000000180015cf0 f   libucrt:fesetenv.obj
 0001:00014d3c       feholdexcept               0000000180015d3c f   libucrt:feholdexcept.obj
 0001:00014d8c       ceil                       0000000180015d8c f   libucrt:ceil.obj
 0001:00014e50       log10                      0000000180015e50 f   libucrt:log10.obj
 0001:000153fc       __acrt_stdio_allocate_buffer_nolock 00000001800163fc f   libucrt:_getbuf.obj
 0001:00015464       __dcrt_lowio_ensure_console_output_initialized 0000000180016464 f   libucrt:initcon.obj
 0001:000154b8       __dcrt_terminate_console_output 00000001800164b8 f   libucrt:initcon.obj
 0001:000154d4       __dcrt_write_console       00000001800164d4 f   libucrt:initcon.obj
 0001:00015594       __strncnt                  0000000180016594 f   libucrt:strncnt.obj
 0001:000155ac       __acrt_fenv_get_control    00000001800165ac f   libucrt:_fenvutils.obj
 0001:000156a0       __acrt_fenv_get_status     00000001800166a0 f   libucrt:_fenvutils.obj
 0001:000156f4       __acrt_fenv_set_control    00000001800166f4 f   libucrt:_fenvutils.obj
 0001:0001583c       __acrt_fenv_set_status     000000018001683c f   libucrt:_fenvutils.obj
 0001:000158c0       _clearfp                   00000001800168c0 f   libucrt:ieee.obj
 0001:00015a54       _handle_error              0000000180016a54 f   libucrt:libm_error.obj
 0001:00015b7c       _handle_nan                0000000180016b7c f   libucrt:libm_error.obj
 0001:00015ba0       __acrt_initialize_fma3     0000000180016ba0 f   libucrt:fma3_available.obj
 0001:00015c10       _log10_special             0000000180016c10 f   libucrt:log_special.obj
 0001:00015ce0       _get_fpsr                  0000000180016ce0 f   libucrt:fpsr.obj
 0001:00015cf0       _set_fpsr                  0000000180016cf0 f   libucrt:fpsr.obj
 0001:00015cfa       _fclrf                     0000000180016cfa f   libucrt:fpsr.obj
 0001:00015d0e       _frnd                      0000000180016d0e f   libucrt:fpsr.obj
 0001:00015d30       _raise_exc                 0000000180016d30 f   libucrt:fpexcept.obj
 0001:00015d58       _raise_exc_ex              0000000180016d58 f   libucrt:fpexcept.obj
 0001:00016068       _set_errno_from_matherr    0000000180017068 f   libucrt:fpexcept.obj
 0001:00016098       _clrfp                     0000000180017098 f   libucrt:fpctrl.obj
 0001:000160b8       _ctrlfp                    00000001800170b8 f   libucrt:fpctrl.obj
 0001:00016134       _set_statfp                0000000180017134 f   libucrt:fpctrl.obj
 0001:00016154       _statfp                    0000000180017154 f   libucrt:fpctrl.obj
 0001:00016170       _FindPESection             0000000180017170 f   LIBCMT:pesect.obj
 0001:000161c0       _IsNonwritableInCurrentImage 00000001800171c0 f   LIBCMT:pesect.obj
 0001:00016210       _ValidateImageBase         0000000180017210 f   LIBCMT:pesect.obj
 0001:00016250       __chkstk                   0000000180017250 f   LIBCMT:chkstk.obj
 0001:00016250       _alloca_probe              0000000180017250 f   LIBCMT:chkstk.obj
 0001:000162a0       strrchr                    00000001800172a0 f   libvcruntime:strrchr.obj
 0001:000163f0       memcmp                     00000001800173f0 f   libvcruntime:memcmp.obj
 0001:000164d0       _guard_dispatch_icall_nop  00000001800174d0 f   LIBCMT:guard_dispatch.obj
 0001:000164f0       _guard_xfg_dispatch_icall_nop 00000001800174f0 f   LIBCMT:guard_xfg_dispatch.obj
 0002:00000000       __imp_CreateFileA          0000000180018000     kernel32:KERNEL32.dll
 0002:00000008       __imp_ReadFile             0000000180018008     kernel32:KERNEL32.dll
 0002:00000010       __imp_WriteFile            0000000180018010     kernel32:KERNEL32.dll
 0002:00000018       __imp_CloseHandle          0000000180018018     kernel32:KERNEL32.dll
 0002:00000020       __imp_GetLastError         0000000180018020     kernel32:KERNEL32.dll
 0002:00000028       __imp_DeviceIoControl      0000000180018028     kernel32:KERNEL32.dll
 0002:00000030       __imp_Sleep                0000000180018030     kernel32:KERNEL32.dll
 0002:00000038       __imp_LocalFree            0000000180018038     kernel32:KERNEL32.dll
 0002:00000040       __imp_GetCommTimeouts      0000000180018040     kernel32:KERNEL32.dll
 0002:00000048       __imp_SetCommTimeouts      0000000180018048     kernel32:KERNEL32.dll
 0002:00000050       __imp_FormatMessageA       0000000180018050     kernel32:KERNEL32.dll
 0002:00000058       __imp_FlushFileBuffers     0000000180018058     kernel32:KERNEL32.dll
 0002:00000060       __imp_GetOverlappedResult  0000000180018060     kernel32:KERNEL32.dll
 0002:00000068       __imp_ResetEvent           0000000180018068     kernel32:KERNEL32.dll
 0002:00000070       __imp_WaitForSingleObject  0000000180018070     kernel32:KERNEL32.dll
 0002:00000078       __imp_CreateEventA         0000000180018078     kernel32:KERNEL32.dll
 0002:00000080       __imp_GetTickCount         0000000180018080     kernel32:KERNEL32.dll
 0002:00000088       __imp_ClearCommBreak       0000000180018088     kernel32:KERNEL32.dll
 0002:00000090       __imp_ClearCommError       0000000180018090     kernel32:KERNEL32.dll
 0002:00000098       __imp_SetupComm            0000000180018098     kernel32:KERNEL32.dll
 0002:000000a0       __imp_EscapeCommFunction   00000001800180a0     kernel32:KERNEL32.dll
 0002:000000a8       __imp_GetCommProperties    00000001800180a8     kernel32:KERNEL32.dll
 0002:000000b0       __imp_GetCommModemStatus   00000001800180b0     kernel32:KERNEL32.dll
 0002:000000b8       __imp_GetCommState         00000001800180b8     kernel32:KERNEL32.dll
 0002:000000c0       __imp_PurgeComm            00000001800180c0     kernel32:KERNEL32.dll
 0002:000000c8       __imp_SetCommBreak         00000001800180c8     kernel32:KERNEL32.dll
 0002:000000d0       __imp_SetCommMask          00000001800180d0     kernel32:KERNEL32.dll
 0002:000000d8       __imp_SetCommState         00000001800180d8     kernel32:KERNEL32.dll
 0002:000000e0       __imp_WaitCommEvent        00000001800180e0     kernel32:KERNEL32.dll
 0002:000000e8       __imp_RtlCaptureContext    00000001800180e8     kernel32:KERNEL32.dll
 0002:000000f0       __imp_RtlLookupFunctionEntry 00000001800180f0     kernel32:KERNEL32.dll
 0002:000000f8       __imp_RtlVirtualUnwind     00000001800180f8     kernel32:KERNEL32.dll
 0002:00000100       __imp_UnhandledExceptionFilter 0000000180018100     kernel32:KERNEL32.dll
 0002:00000108       __imp_SetUnhandledExceptionFilter 0000000180018108     kernel32:KERNEL32.dll
 0002:00000110       __imp_GetCurrentProcess    0000000180018110     kernel32:KERNEL32.dll
 0002:00000118       __imp_TerminateProcess     0000000180018118     kernel32:KERNEL32.dll
 0002:00000120       __imp_IsProcessorFeaturePresent 0000000180018120     kernel32:KERNEL32.dll
 0002:00000128       __imp_QueryPerformanceCounter 0000000180018128     kernel32:KERNEL32.dll
 0002:00000130       __imp_GetCurrentProcessId  0000000180018130     kernel32:KERNEL32.dll
 0002:00000138       __imp_GetCurrentThreadId   0000000180018138     kernel32:KERNEL32.dll
 0002:00000140       __imp_GetSystemTimeAsFileTime 0000000180018140     kernel32:KERNEL32.dll
 0002:00000148       __imp_InitializeSListHead  0000000180018148     kernel32:KERNEL32.dll
 0002:00000150       __imp_IsDebuggerPresent    0000000180018150     kernel32:KERNEL32.dll
 0002:00000158       __imp_GetStartupInfoW      0000000180018158     kernel32:KERNEL32.dll
 0002:00000160       __imp_GetModuleHandleW     0000000180018160     kernel32:KERNEL32.dll
 0002:00000168       __imp_WriteConsoleW        0000000180018168     kernel32:KERNEL32.dll
 0002:00000170       __imp_RtlUnwindEx          0000000180018170     kernel32:KERNEL32.dll
 0002:00000178       __imp_InterlockedFlushSList 0000000180018178     kernel32:KERNEL32.dll
 0002:00000180       __imp_SetLastError         0000000180018180     kernel32:KERNEL32.dll
 0002:00000188       __imp_EnterCriticalSection 0000000180018188     kernel32:KERNEL32.dll
 0002:00000190       __imp_LeaveCriticalSection 0000000180018190     kernel32:KERNEL32.dll
 0002:00000198       __imp_DeleteCriticalSection 0000000180018198     kernel32:KERNEL32.dll
 0002:000001a0       __imp_InitializeCriticalSectionAndSpinCount 00000001800181a0     kernel32:KERNEL32.dll
 0002:000001a8       __imp_TlsAlloc             00000001800181a8     kernel32:KERNEL32.dll
 0002:000001b0       __imp_TlsGetValue          00000001800181b0     kernel32:KERNEL32.dll
 0002:000001b8       __imp_TlsSetValue          00000001800181b8     kernel32:KERNEL32.dll
 0002:000001c0       __imp_TlsFree              00000001800181c0     kernel32:KERNEL32.dll
 0002:000001c8       __imp_FreeLibrary          00000001800181c8     kernel32:KERNEL32.dll
 0002:000001d0       __imp_GetProcAddress       00000001800181d0     kernel32:KERNEL32.dll
 0002:000001d8       __imp_LoadLibraryExW       00000001800181d8     kernel32:KERNEL32.dll
 0002:000001e0       __imp_RaiseException       00000001800181e0     kernel32:KERNEL32.dll
 0002:000001e8       __imp_QueryPerformanceFrequency 00000001800181e8     kernel32:KERNEL32.dll
 0002:000001f0       __imp_ExitProcess          00000001800181f0     kernel32:KERNEL32.dll
 0002:000001f8       __imp_GetModuleHandleExW   00000001800181f8     kernel32:KERNEL32.dll
 0002:00000200       __imp_GetModuleFileNameW   0000000180018200     kernel32:KERNEL32.dll
 0002:00000208       __imp_HeapAlloc            0000000180018208     kernel32:KERNEL32.dll
 0002:00000210       __imp_HeapFree             0000000180018210     kernel32:KERNEL32.dll
 0002:00000218       __imp_LCMapStringW         0000000180018218     kernel32:KERNEL32.dll
 0002:00000220       __imp_GetStdHandle         0000000180018220     kernel32:KERNEL32.dll
 0002:00000228       __imp_GetFileType          0000000180018228     kernel32:KERNEL32.dll
 0002:00000230       __imp_GetConsoleCP         0000000180018230     kernel32:KERNEL32.dll
 0002:00000238       __imp_GetConsoleMode       0000000180018238     kernel32:KERNEL32.dll
 0002:00000240       __imp_FindClose            0000000180018240     kernel32:KERNEL32.dll
 0002:00000248       __imp_FindFirstFileExW     0000000180018248     kernel32:KERNEL32.dll
 0002:00000250       __imp_FindNextFileW        0000000180018250     kernel32:KERNEL32.dll
 0002:00000258       __imp_IsValidCodePage      0000000180018258     kernel32:KERNEL32.dll
 0002:00000260       __imp_GetACP               0000000180018260     kernel32:KERNEL32.dll
 0002:00000268       __imp_GetOEMCP             0000000180018268     kernel32:KERNEL32.dll
 0002:00000270       __imp_GetCPInfo            0000000180018270     kernel32:KERNEL32.dll
 0002:00000278       __imp_GetCommandLineA      0000000180018278     kernel32:KERNEL32.dll
 0002:00000280       __imp_GetCommandLineW      0000000180018280     kernel32:KERNEL32.dll
 0002:00000288       __imp_MultiByteToWideChar  0000000180018288     kernel32:KERNEL32.dll
 0002:00000290       __imp_WideCharToMultiByte  0000000180018290     kernel32:KERNEL32.dll
 0002:00000298       __imp_GetEnvironmentStringsW 0000000180018298     kernel32:KERNEL32.dll
 0002:000002a0       __imp_FreeEnvironmentStringsW 00000001800182a0     kernel32:KERNEL32.dll
 0002:000002a8       __imp_GetProcessHeap       00000001800182a8     kernel32:KERNEL32.dll
 0002:000002b0       __imp_SetStdHandle         00000001800182b0     kernel32:KERNEL32.dll
 0002:000002b8       __imp_GetFileSizeEx        00000001800182b8     kernel32:KERNEL32.dll
 0002:000002c0       __imp_SetFilePointerEx     00000001800182c0     kernel32:KERNEL32.dll
 0002:000002c8       __imp_GetStringTypeW       00000001800182c8     kernel32:KERNEL32.dll
 0002:000002d0       __imp_HeapSize             00000001800182d0     kernel32:KERNEL32.dll
 0002:000002d8       __imp_HeapReAlloc          00000001800182d8     kernel32:KERNEL32.dll
 0002:000002e0       __imp_CreateFileW          00000001800182e0     kernel32:KERNEL32.dll
 0002:000002e8       \177KERNEL32_NULL_THUNK_DATA 00000001800182e8     kernel32:KERNEL32.dll
 0002:000002f0       __guard_check_icall_fptr   00000001800182f0     LIBCMT:guard_support.obj
 0002:000002f8       __guard_xfg_check_icall_fptr 00000001800182f8     LIBCMT:guard_support.obj
 0002:00000300       __guard_dispatch_icall_fptr 0000000180018300     LIBCMT:guard_support.obj
 0002:00000308       __guard_xfg_dispatch_icall_fptr 0000000180018308     LIBCMT:guard_support.obj
 0002:00000310       __guard_xfg_table_dispatch_icall_fptr 0000000180018310     LIBCMT:guard_support.obj
 0002:00000318       __castguard_check_failure_os_handled_fptr 0000000180018318     LIBCMT:guard_support.obj
 0002:00000320       __guard_memcpy_fptr        0000000180018320     libvcruntime:softmemtag.obj
 0002:00000328       __xc_a                     0000000180018328     LIBCMT:initializers.obj
 0002:00000330       __xc_z                     0000000180018330     LIBCMT:initializers.obj
 0002:00000338       __xi_a                     0000000180018338     LIBCMT:initializers.obj
 0002:00000340       __acrt_stdio_initializer   0000000180018340     libucrt:stdio_initializer.obj
 0002:00000348       __acrt_clock_initializer   0000000180018348     libucrt:clock_initializer.obj
 0002:00000350       __acrt_multibyte_initializer 0000000180018350     libucrt:multibyte_initializer.obj
 0002:00000358       __acrt_tran_fma3_initializer 0000000180018358     libucrt:fma3_initializer.obj
 0002:00000360       __xi_z                     0000000180018360     LIBCMT:initializers.obj
 0002:00000368       __xp_a                     0000000180018368     LIBCMT:initializers.obj
 0002:00000370       __acrt_locale_terminator   0000000180018370     libucrt:locale_initializer.obj
 0002:00000378       __dcrt_console_output_terminator 0000000180018378     libucrt:console_output_initializer.obj
 0002:00000380       __acrt_stdio_terminator    0000000180018380     libucrt:stdio_initializer.obj
 0002:00000388       __xp_z                     0000000180018388     LIBCMT:initializers.obj
 0002:00000390       __xt_a                     0000000180018390     LIBCMT:initializers.obj
 0002:00000398       __xt_z                     0000000180018398     LIBCMT:initializers.obj
 0002:000003a0       _pDefaultRawDllMain        00000001800183a0     LIBCMT:dll_dllmain.obj
 0002:000003a0       _pRawDllMain               00000001800183a0     LIBCMT:dll_dllmain.obj
 0002:000003c0       __xmm@ffffffffffffffffffffffffffffffff 00000001800183c0     LIBCMT:utility.obj
 0002:000003d0       _pDestructExceptionObject  00000001800183d0     libvcruntime:ehhelpers.obj
 0002:00000af0       ??_C@_08EHJDFFNH@__based?$CI@ 0000000180018af0     libvcruntime:undname.obj
 0002:00000b00       ??_C@_07KOLFKCDI@__cdecl@  0000000180018b00     libvcruntime:undname.obj
 0002:00000b08       ??_C@_08GHMPAG@__pascal@   0000000180018b08     libvcruntime:undname.obj
 0002:00000b18       ??_C@_09IFJBGAPI@__stdcall@ 0000000180018b18     libvcruntime:undname.obj
 0002:00000b28       ??_C@_0L@NPHFGOKO@__thiscall@ 0000000180018b28     libvcruntime:undname.obj
 0002:00000b38       ??_C@_0L@JMKHOMEK@__fastcall@ 0000000180018b38     libvcruntime:undname.obj
 0002:00000b48       ??_C@_0N@BCKKPABJ@__vectorcall@ 0000000180018b48     libvcruntime:undname.obj
 0002:00000b58       ??_C@_09HIJEGCPM@__clrcall@ 0000000180018b58     libvcruntime:undname.obj
 0002:00000b64       ??_C@_06GHPCKEAG@__eabi@   0000000180018b64     libvcruntime:undname.obj
 0002:00000b70       ??_C@_09IOPIDJLG@__swift_1@ 0000000180018b70     libvcruntime:undname.obj
 0002:00000b80       ??_C@_09KFNFGKHF@__swift_2@ 0000000180018b80     libvcruntime:undname.obj
 0002:00000b90       ??_C@_09LMMOFLDE@__swift_3@ 0000000180018b90     libvcruntime:undname.obj
 0002:00000ba0       ??_C@_07JOMMBBKO@__ptr64@  0000000180018ba0     libvcruntime:undname.obj
 0002:00000ba8       ??_C@_0L@PILCLIHE@__restrict@ 0000000180018ba8     libvcruntime:undname.obj
 0002:00000bb8       ??_C@_0M@GFIIJFMG@__unaligned@ 0000000180018bb8     libvcruntime:undname.obj
 0002:00000bc8       ??_C@_09DHDLOLLB@restrict?$CI@ 0000000180018bc8     libvcruntime:undname.obj
 0002:00000bd2       ??_C@_00CNPNBAHC@@         0000000180018bd2     libvcruntime:undname.obj
 0002:00000bd4       ??_C@_04NIHEBCM@?5new@     0000000180018bd4     libvcruntime:undname.obj
 0002:00000be0       ??_C@_07FPCDHGMM@?5delete@ 0000000180018be0     libvcruntime:undname.obj
 0002:00000be8       ??_C@_01NEMOKFLO@?$DN@     0000000180018be8     libvcruntime:undname.obj
 0002:00000bec       ??_C@_02GPIOPFAK@?$DO?$DO@ 0000000180018bec     libvcruntime:undname.obj
 0002:00000bf0       ??_C@_02FODMEDOG@?$DM?$DM@ 0000000180018bf0     libvcruntime:undname.obj
 0002:00000bf4       ??_C@_01DCLJPIOD@?$CB@     0000000180018bf4     libvcruntime:undname.obj
 0002:00000bf8       ??_C@_02EGOFBIJA@?$DN?$DN@ 0000000180018bf8     libvcruntime:undname.obj
 0002:00000bfc       ??_C@_02FDNJECIE@?$CB?$DN@ 0000000180018bfc     libvcruntime:undname.obj
 0002:00000c00       ??_C@_02GPECMEKF@?$FL?$FN@ 0000000180018c00     libvcruntime:undname.obj
 0002:00000c08       ??_C@_08LHJFAFGD@operator@ 0000000180018c08     libvcruntime:undname.obj
 0002:00000c14       ??_C@_02HBOOOICD@?9?$DO@   0000000180018c14     libvcruntime:undname.obj
 0002:00000c18       ??_C@_01NBENCBCI@?$CK@     0000000180018c18     libvcruntime:undname.obj
 0002:00000c1c       ??_C@_02ECNGHCIF@?$CL?$CL@ 0000000180018c1c     libvcruntime:undname.obj
 0002:00000c20       ??_C@_02BAABKJLB@?9?9@     0000000180018c20     libvcruntime:undname.obj
 0002:00000c24       ??_C@_01JOAMLHOP@?9@       0000000180018c24     libvcruntime:undname.obj
 0002:00000c28       ??_C@_01MIFGBAGJ@?$CL@     0000000180018c28     libvcruntime:undname.obj
 0002:00000c2c       ??_C@_01HNPIGOCE@?$CG@     0000000180018c2c     libvcruntime:undname.obj
 0002:00000c30       ??_C@_03MNHNFDLC@?9?$DO?$CK@ 0000000180018c30     libvcruntime:undname.obj
 0002:00000c34       ??_C@_01KMDKNFGN@?1@       0000000180018c34     libvcruntime:undname.obj
 0002:00000c38       ??_C@_01FGNFDNOH@?$CF@     0000000180018c38     libvcruntime:undname.obj
 0002:00000c3c       ??_C@_01MNNFJEPP@?$DM@     0000000180018c3c     libvcruntime:undname.obj
 0002:00000c40       ??_C@_02EHCHHCKH@?$DM?$DN@ 0000000180018c40     libvcruntime:undname.obj
 0002:00000c44       ??_C@_01PPODPGHN@?$DO@     0000000180018c44     libvcruntime:undname.obj
 0002:00000c48       ??_C@_02EEKDKGMJ@?$DO?$DN@ 0000000180018c48     libvcruntime:undname.obj
 0002:00000c4c       ??_C@_01IHBHIGKO@?0@       0000000180018c4c     libvcruntime:undname.obj
 0002:00000c50       ??_C@_02HCKGKOFO@?$CI?$CJ@ 0000000180018c50     libvcruntime:undname.obj
 0002:00000c54       ??_C@_01PJKLJHI@?$HO@      0000000180018c54     libvcruntime:undname.obj
 0002:00000c58       ??_C@_01JKBOJNNK@?$FO@     0000000180018c58     libvcruntime:undname.obj
 0002:00000c5c       ??_C@_01DNKMNLPK@?$HM@     0000000180018c5c     libvcruntime:undname.obj
 0002:00000c60       ??_C@_02PPKAJPJL@?$CG?$CG@ 0000000180018c60     libvcruntime:undname.obj
 0002:00000c64       ??_C@_02NONPIBCD@?$HM?$HM@ 0000000180018c64     libvcruntime:undname.obj
 0002:00000c68       ??_C@_02FPIMKNGF@?$CK?$DN@ 0000000180018c68     libvcruntime:undname.obj
 0002:00000c6c       ??_C@_02FOEOMHFC@?$CL?$DN@ 0000000180018c6c     libvcruntime:undname.obj
 0002:00000c70       ??_C@_02FKMDLLOA@?9?$DN@   0000000180018c70     libvcruntime:undname.obj
 0002:00000c74       ??_C@_02FJEHGPIO@?1?$DN@   0000000180018c74     libvcruntime:undname.obj
 0002:00000c78       ??_C@_02FENAOKFI@?$CF?$DN@ 0000000180018c78     libvcruntime:undname.obj
 0002:00000c7c       ??_C@_03IKFCCPFF@?$DO?$DO?$DN@ 0000000180018c7c     libvcruntime:undname.obj
 0002:00000c80       ??_C@_03CDNPDDLA@?$DM?$DM?$DN@ 0000000180018c80     libvcruntime:undname.obj
 0002:00000c84       ??_C@_02FGJGFEAB@?$CG?$DN@ 0000000180018c84     libvcruntime:undname.obj
 0002:00000c88       ??_C@_02DHLNPPGH@?$HM?$DN@ 0000000180018c88     libvcruntime:undname.obj
 0002:00000c8c       ??_C@_02MHEGNOJ@?$FO?$DN@  0000000180018c8c     libvcruntime:undname.obj
 0002:00000c90       ??_C@_09IFPLHPGF@?$GAvftable?8@ 0000000180018c90     libvcruntime:undname.obj
 0002:00000ca0       ??_C@_09BLBHBJP@?$GAvbtable?8@ 0000000180018ca0     libvcruntime:undname.obj
 0002:00000cb0       ??_C@_07FEEIOKP@?$GAvcall?8@ 0000000180018cb0     libvcruntime:undname.obj
 0002:00000cb8       ??_C@_08LLFFHHDJ@?$GAtypeof?8@ 0000000180018cb8     libvcruntime:undname.obj
 0002:00000cc8       ??_C@_0BF@KDPPACIK@?$GAlocal?5static?5guard?8@ 0000000180018cc8     libvcruntime:undname.obj
 0002:00000ce0       ??_C@_08OBABFOLI@?$GAstring?8@ 0000000180018ce0     libvcruntime:undname.obj
 0002:00000cf0       ??_C@_0BD@JDLKDPAB@?$GAvbase?5destructor?8@ 0000000180018cf0     libvcruntime:undname.obj
 0002:00000d08       ??_C@_0BN@DEGPLNFK@?$GAvector?5deleting?5destructor?8@ 0000000180018d08     libvcruntime:undname.obj
 0002:00000d28       ??_C@_0BO@OBMKPJIG@?$GAdefault?5constructor?5closure?8@ 0000000180018d28     libvcruntime:undname.obj
 0002:00000d48       ??_C@_0BN@IMDCHIKM@?$GAscalar?5deleting?5destructor?8@ 0000000180018d48     libvcruntime:undname.obj
 0002:00000d68       ??_C@_0BO@PFGOCPJJ@?$GAvector?5constructor?5iterator?8@ 0000000180018d68     libvcruntime:undname.obj
 0002:00000d88       ??_C@_0BN@LFPFMEDL@?$GAvector?5destructor?5iterator?8@ 0000000180018d88     libvcruntime:undname.obj
 0002:00000da8       ??_C@_0CE@IKBNEHA@?$GAvector?5vbase?5constructor?5itera@ 0000000180018da8     libvcruntime:undname.obj
 0002:00000dd0       ??_C@_0BL@NILFHHPC@?$GAvirtual?5displacement?5map?8@ 0000000180018dd0     libvcruntime:undname.obj
 0002:00000df0       ??_C@_0CB@JONCMFFK@?$GAeh?5vector?5constructor?5iterator@ 0000000180018df0     libvcruntime:undname.obj
 0002:00000e18       ??_C@_0CA@GCEOPDGL@?$GAeh?5vector?5destructor?5iterator?8@ 0000000180018e18     libvcruntime:undname.obj
 0002:00000e38       ??_C@_0CH@OOJPLCPH@?$GAeh?5vector?5vbase?5constructor?5it@ 0000000180018e38     libvcruntime:undname.obj
 0002:00000e60       ??_C@_0BL@LLKPOHJI@?$GAcopy?5constructor?5closure?8@ 0000000180018e60     libvcruntime:undname.obj
 0002:00000e80       ??_C@_0BA@KBCDOMBN@?$GAudt?5returning?8@ 0000000180018e80     libvcruntime:undname.obj
 0002:00000e90       ??_C@_03KLGMFNMG@?$GAEH@   0000000180018e90     libvcruntime:undname.obj
 0002:00000e94       ??_C@_05KHLCHHI@?$GARTTI@  0000000180018e94     libvcruntime:undname.obj
 0002:00000ea0       ??_C@_0BA@KKLDJDLB@?$GAlocal?5vftable?8@ 0000000180018ea0     libvcruntime:undname.obj
 0002:00000eb0       ??_C@_0CE@IIHCMGGL@?$GAlocal?5vftable?5constructor?5clos@ 0000000180018eb0     libvcruntime:undname.obj
 0002:00000ed4       ??_C@_06FHBGPFGH@?5new?$FL?$FN@ 0000000180018ed4     libvcruntime:undname.obj
 0002:00000ee0       ??_C@_09LBNFPBCA@?5delete?$FL?$FN@ 0000000180018ee0     libvcruntime:undname.obj
 0002:00000ef0       ??_C@_0P@HJKNJFNN@?$GAomni?5callsig?8@ 0000000180018ef0     libvcruntime:undname.obj
 0002:00000f00       ??_C@_0BL@CNOONJFP@?$GAplacement?5delete?5closure?8@ 0000000180018f00     libvcruntime:undname.obj
 0002:00000f20       ??_C@_0BN@CKNJLHMB@?$GAplacement?5delete?$FL?$FN?5closure?8@ 0000000180018f20     libvcruntime:undname.obj
 0002:00000f40       ??_C@_0CG@CFDHKGGD@?$GAmanaged?5vector?5constructor?5ite@ 0000000180018f40     libvcruntime:undname.obj
 0002:00000f68       ??_C@_0CF@IMGKMJNO@?$GAmanaged?5vector?5destructor?5iter@ 0000000180018f68     libvcruntime:undname.obj
 0002:00000f90       ??_C@_0CG@HLDDJMAG@?$GAeh?5vector?5copy?5constructor?5ite@ 0000000180018f90     libvcruntime:undname.obj
 0002:00000fb8       ??_C@_0CM@FCBBDIGB@?$GAeh?5vector?5vbase?5copy?5construct@ 0000000180018fb8     libvcruntime:undname.obj
 0002:00000fe8       ??_C@_0BL@CLIPGLGB@?$GAdynamic?5initializer?5for?5?8@ 0000000180018fe8     libvcruntime:undname.obj
 0002:00001008       ??_C@_0CB@PDBIFEP@?$GAdynamic?5atexit?5destructor?5for?5@ 0000000180019008     libvcruntime:undname.obj
 0002:00001030       ??_C@_0CD@CGAJBKEJ@?$GAvector?5copy?5constructor?5iterat@ 0000000180019030     libvcruntime:undname.obj
 0002:00001058       ??_C@_0CJ@GJELGAMM@?$GAvector?5vbase?5copy?5constructor?5@ 0000000180019058     libvcruntime:undname.obj
 0002:00001088       ??_C@_0CL@FGIJHLCE@?$GAmanaged?5vector?5copy?5constructo@ 0000000180019088     libvcruntime:undname.obj
 0002:000010b8       ??_C@_0BM@PMGGMLDN@?$GAlocal?5static?5thread?5guard?8@ 00000001800190b8     libvcruntime:undname.obj
 0002:000010d8       ??_C@_0N@BDNMDMOL@operator?5?$CC?$CC?5@ 00000001800190d8     libvcruntime:undname.obj
 0002:000010e8       ??_C@_0BC@GGEBGALA@operator?5co_await@ 00000001800190e8     libvcruntime:undname.obj
 0002:00001100       ??_C@_0M@GAAIMMOH@operator?$DM?$DN?$DO@ 0000000180019100     libvcruntime:undname.obj
 0002:00001110       ??_C@_0BC@DAFEJGAK@?5Type?5Descriptor?8@ 0000000180019110     libvcruntime:undname.obj
 0002:00001128       ??_C@_0BM@LDKODKLH@?5Base?5Class?5Descriptor?5at?5?$CI@ 0000000180019128     libvcruntime:undname.obj
 0002:00001148       ??_C@_0BD@LGICGFMM@?5Base?5Class?5Array?8@ 0000000180019148     libvcruntime:undname.obj
 0002:00001160       ??_C@_0BN@MECKDCOJ@?5Class?5Hierarchy?5Descriptor?8@ 0000000180019160     libvcruntime:undname.obj
 0002:00001180       ??_C@_0BK@CFCOFLF@?5Complete?5Object?5Locator?8@ 0000000180019180     libvcruntime:undname.obj
 0002:000011a0       ??_C@_0BG@JNJLAMPM@?$GAanonymous?5namespace?8@ 00000001800191a0     libvcruntime:undname.obj
 0002:000011d0       ??_C@_1DM@KHCHBNEB@?$AAa?$AAp?$AAi?$AA?9?$AAm?$AAs?$AA?9?$AAw?$AAi?$AAn?$AA?9?$AAc?$AAo?$AAr?$AAe@ 00000001800191d0     libvcruntime:winapi_downlevel.obj
 0002:00001210       ??_C@_1DK@LPPGFMPP@?$AAa?$AAp?$AAi?$AA?9?$AAm?$AAs?$AA?9?$AAw?$AAi?$AAn?$AA?9?$AAc?$AAo?$AAr?$AAe@ 0000000180019210     libvcruntime:winapi_downlevel.obj
 0002:00001250       ??_C@_1BC@GDMECMAK@?$AAk?$AAe?$AAr?$AAn?$AAe?$AAl?$AA3?$AA2@ 0000000180019250     libvcruntime:winapi_downlevel.obj
 0002:00001268       ??_C@_1BA@PFFKHIOG@?$AAa?$AAp?$AAi?$AA?9?$AAm?$AAs?$AA?9@ 0000000180019268     libvcruntime:winapi_downlevel.obj
 0002:00001280       ??_C@_08KNHFBNJ@FlsAlloc@  0000000180019280     libvcruntime:winapi_downlevel.obj
 0002:00001298       ??_C@_07PEJMOBNF@FlsFree@  0000000180019298     libvcruntime:winapi_downlevel.obj
 0002:000012a8       ??_C@_0M@GDNOONDI@FlsGetValue@ 00000001800192a8     libvcruntime:winapi_downlevel.obj
 0002:000012c0       ??_C@_0M@JCPCPOEF@FlsSetValue@ 00000001800192c0     libvcruntime:winapi_downlevel.obj
 0002:000012d8       ??_C@_0BM@HCFOFFN@InitializeCriticalSectionEx@ 00000001800192d8     libvcruntime:winapi_downlevel.obj
 0002:00001300       standard_lookup_table      0000000180019300     libucrt:output.obj
 0002:00001360       format_validation_lookup_table 0000000180019360     libucrt:output.obj
 0002:000013c0       ??_C@_1O@CEDCILHN@?$AA?$CI?$AAn?$AAu?$AAl?$AAl?$AA?$CJ@ 00000001800193c0     libucrt:output.obj
 0002:000013d0       ??_C@_06OJHGLDPL@?$CInull?$CJ@ 00000001800193d0     libucrt:output.obj
 0002:00001550       __acrt_exception_action_table 0000000180019550     libucrt:exception_filter.obj
 0002:00001610       __acrt_signal_action_table_count 0000000180019610     libucrt:exception_filter.obj
 0002:00001618       __acrt_signal_action_first_fpe_index 0000000180019618     libucrt:exception_filter.obj
 0002:00001620       __acrt_signal_action_fpe_count 0000000180019620     libucrt:exception_filter.obj
 0002:00001628       ??_C@_1BI@BGOHAHKC@?$AAm?$AAs?$AAc?$AAo?$AAr?$AAe?$AAe?$AA?4?$AAd?$AAl?$AAl@ 0000000180019628     libucrt:exit.obj
 0002:00001640       ??_C@_0P@MIGLKIOC@CorExitProcess@ 0000000180019640     libucrt:exit.obj
 0002:000017f0       ??_C@_1EA@JGEFHKEI@?$AAa?$AAp?$AAi?$AA?9?$AAm?$AAs?$AA?9?$AAw?$AAi?$AAn?$AA?9?$AAc?$AAo?$AAr?$AAe@ 00000001800197f0     libucrt:winapi_thunks.obj
 0002:00001830       ??_C@_1DI@IJCEHOCB@?$AAa?$AAp?$AAi?$AA?9?$AAm?$AAs?$AA?9?$AAw?$AAi?$AAn?$AA?9?$AAc?$AAo?$AAr?$AAe@ 0000000180019830     libucrt:winapi_thunks.obj
 0002:00001870       ??_C@_1EI@MPIAOHOC@?$AAa?$AAp?$AAi?$AA?9?$AAm?$AAs?$AA?9?$AAw?$AAi?$AAn?$AA?9?$AAc?$AAo?$AAr?$AAe@ 0000000180019870     libucrt:winapi_thunks.obj
 0002:000018c0       ??_C@_1FK@FPHCKFIE@?$AAa?$AAp?$AAi?$AA?9?$AAm?$AAs?$AA?9?$AAw?$AAi?$AAn?$AA?9?$AAc?$AAo?$AAr?$AAe@ 00000001800198c0     libucrt:winapi_thunks.obj
 0002:00001920       ??_C@_1EM@DILCGIIO@?$AAa?$AAp?$AAi?$AA?9?$AAm?$AAs?$AA?9?$AAw?$AAi?$AAn?$AA?9?$AAc?$AAo?$AAr?$AAe@ 0000000180019920     libucrt:winapi_thunks.obj
 0002:00001970       ??_C@_1DM@LNCGDDPN@?$AAa?$AAp?$AAi?$AA?9?$AAm?$AAs?$AA?9?$AAw?$AAi?$AAn?$AA?9?$AAc?$AAo?$AAr?$AAe@ 0000000180019970     libucrt:winapi_thunks.obj
 0002:000019b0       ??_C@_1DO@FPAPJEMD@?$AAa?$AAp?$AAi?$AA?9?$AAm?$AAs?$AA?9?$AAw?$AAi?$AAn?$AA?9?$AAc?$AAo?$AAr?$AAe@ 00000001800199b0     libucrt:winapi_thunks.obj
 0002:000019f0       ??_C@_1DK@NDHNAHIO@?$AAa?$AAp?$AAi?$AA?9?$AAm?$AAs?$AA?9?$AAw?$AAi?$AAn?$AA?9?$AAc?$AAo?$AAr?$AAe@ 00000001800199f0     libucrt:winapi_thunks.obj
 0002:00001a30       ??_C@_1DM@KGHDGBCM@?$AAa?$AAp?$AAi?$AA?9?$AAm?$AAs?$AA?9?$AAw?$AAi?$AAn?$AA?9?$AAc?$AAo?$AAr?$AAe@ 0000000180019a30     libucrt:winapi_thunks.obj
 0002:00001a70       ??_C@_1EO@IJIOEFOH@?$AAa?$AAp?$AAi?$AA?9?$AAm?$AAs?$AA?9?$AAw?$AAi?$AAn?$AA?9?$AAr?$AAt?$AAc?$AAo@ 0000000180019a70     libucrt:winapi_thunks.obj
 0002:00001ac0       ??_C@_1FG@HHGEKANL@?$AAa?$AAp?$AAi?$AA?9?$AAm?$AAs?$AA?9?$AAw?$AAi?$AAn?$AA?9?$AAs?$AAe?$AAc?$AAu@ 0000000180019ac0     libucrt:winapi_thunks.obj
 0002:00001b20       ??_C@_1EG@DBIOJECG@?$AAe?$AAx?$AAt?$AA?9?$AAm?$AAs?$AA?9?$AAw?$AAi?$AAn?$AA?9?$AAn?$AAt?$AAu?$AAs@ 0000000180019b20     libucrt:winapi_thunks.obj
 0002:00001b70       ??_C@_1EO@FIHMJCLF@?$AAe?$AAx?$AAt?$AA?9?$AAm?$AAs?$AA?9?$AAw?$AAi?$AAn?$AA?9?$AAn?$AAt?$AAu?$AAs@ 0000000180019b70     libucrt:winapi_thunks.obj
 0002:00001bc0       ??_C@_1BC@DNHGCMLG@?$AAa?$AAd?$AAv?$AAa?$AAp?$AAi?$AA3?$AA2@ 0000000180019bc0     libucrt:winapi_thunks.obj
 0002:00001bd8       ??_C@_1M@OAIMIKLP@?$AAn?$AAt?$AAd?$AAl?$AAl@ 0000000180019bd8     libucrt:winapi_thunks.obj
 0002:00001bf0       ??_C@_1EG@DPGNFKGC@?$AAa?$AAp?$AAi?$AA?9?$AAm?$AAs?$AA?9?$AAw?$AAi?$AAn?$AA?9?$AAa?$AAp?$AAp?$AAm@ 0000000180019bf0     libucrt:winapi_thunks.obj
 0002:00001c38       ??_C@_1O@BCCLBEOE@?$AAu?$AAs?$AAe?$AAr?$AA3?$AA2@ 0000000180019c38     libucrt:winapi_thunks.obj
 0002:00001c48       ??_C@_1BA@IAIFMGEF@?$AAe?$AAx?$AAt?$AA?9?$AAm?$AAs?$AA?9@ 0000000180019c48     libucrt:winapi_thunks.obj
 0002:00001c60       ??_C@_0BA@FHFNEAED@AreFileApisANSI@ 0000000180019c60     libucrt:winapi_thunks.obj
 0002:00001ca0       ??_C@_0O@KKBNKAPF@LCMapStringEx@ 0000000180019ca0     libucrt:winapi_thunks.obj
 0002:00001cb8       ??_C@_0BB@HBDEELFH@LocaleNameToLCID@ 0000000180019cb8     libucrt:winapi_thunks.obj
 0002:00001cd0       ??_C@_0CF@OJOFEIGO@AppPolicyGetProcessTerminationM@ 0000000180019cd0     libucrt:winapi_thunks.obj
[...]
 0003:00000000       $SG102404                  0000000180023000     ParallelImp.obj
 0003:0000002c       $SG102456                  000000018002302c     ParallelImp.obj
 0003:00000030       $SG102421                  0000000180023030     ParallelImp.obj
 0003:00000068       $SG102422                  0000000180023068     ParallelImp.obj
 0003:00000084       $SG102457                  0000000180023084     ParallelImp.obj
 0003:00000088       $SG102423                  0000000180023088     ParallelImp.obj
 0003:000000b4       $SG102465                  00000001800230b4     ParallelImp.obj
 0003:000000b8       $SG102442                  00000001800230b8     ParallelImp.obj
 0003:000000d0       $SG102443                  00000001800230d0     ParallelImp.obj
 0003:000000ec       $SG102466                  00000001800230ec     ParallelImp.obj
 0003:000000f0       $SG102473                  00000001800230f0     ParallelImp.obj
 0003:000000f4       $SG102474                  00000001800230f4     ParallelImp.obj
 0003:000000f8       $SG102481                  00000001800230f8     ParallelImp.obj
 0003:000000fc       $SG102482                  00000001800230fc     ParallelImp.obj
 0003:00000100       $SG102507                  0000000180023100     ParallelImp.obj
 0003:00000108       $SG102508                  0000000180023108     ParallelImp.obj
 0003:00000124       $SG102516                  0000000180023124     ParallelImp.obj
 0003:00000128       $SG102517                  0000000180023128     ParallelImp.obj
 0003:0000012c       $SG102532                  000000018002312c     ParallelImp.obj
 0003:00000130       $SG102533                  0000000180023130     ParallelImp.obj
 0003:00000134       $SG102565                  0000000180023134     ParallelImp.obj
 0003:00000138       $SG102535                  0000000180023138     ParallelImp.obj
 0003:00000144       $SG102566                  0000000180023144     ParallelImp.obj
 0003:00000148       $SG102536                  0000000180023148     ParallelImp.obj
 0003:0000015c       $SG102633                  000000018002315c     ParallelImp.obj
 0003:00000160       $SG102569                  0000000180023160     ParallelImp.obj
 0003:0000016c       $SG102634                  000000018002316c     ParallelImp.obj
 0003:00000170       $SG102570                  0000000180023170     ParallelImp.obj
 0003:00000184       $SG102635                  0000000180023184     ParallelImp.obj
 0003:00000188       $SG102619                  0000000180023188     ParallelImp.obj
 0003:000001a0       $SG102620                  00000001800231a0     ParallelImp.obj
 0003:000001bc       $SG102665                  00000001800231bc     ParallelImp.obj
 0003:000001c0       $SG102636                  00000001800231c0     ParallelImp.obj
 0003:000001c8       $SG102638                  00000001800231c8     ParallelImp.obj
 0003:000001d4       $SG102666                  00000001800231d4     ParallelImp.obj
 0003:000001d8       $SG102639                  00000001800231d8     ParallelImp.obj
 0003:000001ec       $SG102667                  00000001800231ec     ParallelImp.obj
 0003:000001f0       $SG102668                  00000001800231f0     ParallelImp.obj
 0003:000001fc       $SG102669                  00000001800231fc     ParallelImp.obj
 0003:00000200       $SG102670                  0000000180023200     ParallelImp.obj
 0003:0000020c       $SG102695                  000000018002320c     ParallelImp.obj
 0003:00000210       $SG102673                  0000000180023210     ParallelImp.obj
 0003:00000220       $SG102674                  0000000180023220     ParallelImp.obj
 0003:0000022c       $SG102696                  000000018002322c     ParallelImp.obj
 0003:00000230       $SG102675                  0000000180023230     ParallelImp.obj
 0003:00000244       $SG102735                  0000000180023244     ParallelImp.obj
 0003:00000248       $SG102677                  0000000180023248     ParallelImp.obj
 0003:00000264       $SG102736                  0000000180023264     ParallelImp.obj
 0003:00000268       $SG102678                  0000000180023268     ParallelImp.obj
 0003:00000274       $SG102811                  0000000180023274     ParallelImp.obj
 0003:00000278       $SG102679                  0000000180023278     ParallelImp.obj
 0003:00000290       $SG102681                  0000000180023290     ParallelImp.obj
 0003:000002a0       $SG102682                  00000001800232a0     ParallelImp.obj
 0003:000002b8       $SG102700                  00000001800232b8     ParallelImp.obj
 0003:000002c8       $SG102701                  00000001800232c8     ParallelImp.obj
 0003:000002e0       $SG102742                  00000001800232e0     ParallelImp.obj
 0003:0000030c       $SG102828                  000000018002330c     ParallelImp.obj
 0003:00000318       $SG102780                  0000000180023318     ParallelImp.obj
 0003:00000328       $SG102812                  0000000180023328     ParallelImp.obj
 0003:00000340       $SG102829                  0000000180023340     ParallelImp.obj
 0003:00000350       $SG100284                  0000000180023350     termios.obj
 0003:00000354       $SG100286                  0000000180023354     termios.obj
 0003:00000358       $SG100405                  0000000180023358     termios.obj
 0003:00000364       $SG100406                  0000000180023364     termios.obj
 0003:0000036c       $SG100486                  000000018002336c     termios.obj
 0003:00000374       $SG100824                  0000000180023374     termios.obj
 0003:00000378       $SG100408                  0000000180023378     termios.obj
 0003:00000384       $SG100409                  0000000180023384     termios.obj
 0003:00000390       $SG100411                  0000000180023390     termios.obj
 0003:0000039c       $SG100412                  000000018002339c     termios.obj
 0003:000003a8       $SG100414                  00000001800233a8     termios.obj
 0003:000003b4       $SG100415                  00000001800233b4     termios.obj
 0003:000003c0       $SG100434                  00000001800233c0     termios.obj
 0003:000003d8       $SG100435                  00000001800233d8     termios.obj
 0003:000003f8       $SG100466                  00000001800233f8     termios.obj
 0003:00000408       $SG100470                  0000000180023408     termios.obj
 0003:00000418       $SG100471                  0000000180023418     termios.obj
 0003:00000430       $SG100472                  0000000180023430     termios.obj
 0003:00000450       $SG100474                  0000000180023450     termios.obj
 0003:00000468       $SG100475                  0000000180023468     termios.obj
 0003:00000488       $SG100476                  0000000180023488     termios.obj
 0003:000004a0       $SG100589                  00000001800234a0     termios.obj
 0003:000004b8       $SG100590                  00000001800234b8     termios.obj
 0003:000004d8       $SG100592                  00000001800234d8     termios.obj
 0003:000004f0       $SG100593                  00000001800234f0     termios.obj
 0003:00000510       $SG100595                  0000000180023510     termios.obj
 0003:00000528       $SG100596                  0000000180023528     termios.obj
 0003:00000548       $SG100597                  0000000180023548     termios.obj
 0003:00000570       $SG100599                  0000000180023570     termios.obj
 0003:00000588       $SG100600                  0000000180023588     termios.obj
 0003:000005a8       $SG100601                  00000001800235a8     termios.obj
 0003:000005d0       $SG100603                  00000001800235d0     termios.obj
 0003:000005e8       $SG100604                  00000001800235e8     termios.obj
 0003:00000608       $SG100605                  0000000180023608     termios.obj
 0003:00000630       $SG100619                  0000000180023630     termios.obj
 0003:00000658       $SG100629                  0000000180023658     termios.obj
 0003:00000668       $SG100661                  0000000180023668     termios.obj
 0003:00000688       $SG100688                  0000000180023688     termios.obj
 0003:000006a8       $SG100690                  00000001800236a8     termios.obj
 0003:000006d0       $SG100692                  00000001800236d0     termios.obj
 0003:000006f0       $SG100694                  00000001800236f0     termios.obj
 0003:00000708       $SG100696                  0000000180023708     termios.obj
 0003:00000720       $SG100697                  0000000180023720     termios.obj
 0003:00000740       $SG100698                  0000000180023740     termios.obj
 0003:00000750       $SG100709                  0000000180023750     termios.obj
 0003:00000770       $SG100711                  0000000180023770     termios.obj
 0003:00000788       $SG100713                  0000000180023788     termios.obj
 0003:000007b8       $SG100715                  00000001800237b8     termios.obj
 0003:000007d8       $SG100719                  00000001800237d8     termios.obj
 0003:00000800       $SG100721                  0000000180023800     termios.obj
 0003:00000818       $SG100759                  0000000180023818     termios.obj
 0003:00000830       $SG100760                  0000000180023830     termios.obj
 0003:00000848       $SG100761                  0000000180023848     termios.obj
 0003:00000868       $SG100763                  0000000180023868     termios.obj
 0003:00000880       $SG100764                  0000000180023880     termios.obj
 0003:000008a0       $SG100816                  00000001800238a0     termios.obj
 0003:000008b8       $SG100818                  00000001800238b8     termios.obj
 0003:000008d0       $SG100822                  00000001800238d0     termios.obj
 0003:000008f0       $SG100825                  00000001800238f0     termios.obj
 0003:00000908       $SG100826                  0000000180023908     termios.obj
 0003:00000920       $SG100828                  0000000180023920     termios.obj
 0003:00000938       $SG100829                  0000000180023938     termios.obj
 0003:00000958       $SG100838                  0000000180023958     termios.obj
 0003:00000978       $SG100916                  0000000180023978     termios.obj
 0003:00000990       $SG100932                  0000000180023990     termios.obj
 0003:000009b0       $SG100939                  00000001800239b0     termios.obj
 0003:000009c0       $SG100942                  00000001800239c0     termios.obj
 0003:000009d0       $SG100948                  00000001800239d0     termios.obj
 0003:000009e8       $SG100949                  00000001800239e8     termios.obj
 0003:00000a08       $SG100950                  0000000180023a08     termios.obj
 0003:00000a20       $SG101002                  0000000180023a20     termios.obj
 0003:00000a48       $SG101004                  0000000180023a48     termios.obj
 0003:00000a60       $SG101005                  0000000180023a60     termios.obj
 0003:00000a80       $SG101006                  0000000180023a80     termios.obj
 0003:00000a98       $SG101008                  0000000180023a98     termios.obj
 0003:00000ab0       $SG101009                  0000000180023ab0     termios.obj
 0003:00000ad0       $SG101010                  0000000180023ad0     termios.obj
 0003:00000af0       $SG101025                  0000000180023af0     termios.obj
 0003:00000b08       $SG101026                  0000000180023b08     termios.obj
 0003:00000b20       $SG101027                  0000000180023b20     termios.obj
 0003:00000b40       $SG101032                  0000000180023b40     termios.obj
 0003:00000b58       $SG101033                  0000000180023b58     termios.obj
 0003:00000b78       $SG101034                  0000000180023b78     termios.obj
 0003:00000b90       $SG101064                  0000000180023b90     termios.obj
 0003:00000ba8       $SG101066                  0000000180023ba8     termios.obj
 0003:00000bc0       $SG101067                  0000000180023bc0     termios.obj
 0003:00000be0       $SG101097                  0000000180023be0     termios.obj
 0003:00000c08       $SG101098                  0000000180023c08     termios.obj
 0003:00000c20       $SG101099                  0000000180023c20     termios.obj
 0003:00000c40       $SG101378                  0000000180023c40     termios.obj
 0003:00000c58       $SG101379                  0000000180023c58     termios.obj
 0003:00000c78       $SG101380                  0000000180023c78     termios.obj
 0003:00000c98       $SG101387                  0000000180023c98     termios.obj
 0003:00000cb8       $SG101404                  0000000180023cb8     termios.obj
 0003:00000cd0       $SG101405                  0000000180023cd0     termios.obj
 0003:00000ce0       $SG101410                  0000000180023ce0     termios.obj
 0003:00000d00       $SG101411                  0000000180023d00     termios.obj
 0003:00000d20       $SG101413                  0000000180023d20     termios.obj
 0003:00000d38       $SG101414                  0000000180023d38     termios.obj
 0003:00000d48       $SG101419                  0000000180023d48     termios.obj
 0003:00000d68       $SG101420                  0000000180023d68     termios.obj
 0003:00000d88       $SG101424                  0000000180023d88     termios.obj
 0003:00000da0       $SG101425                  0000000180023da0     termios.obj
 0003:00000dc0       $SG101426                  0000000180023dc0     termios.obj
 0003:00000dd8       $SG101431                  0000000180023dd8     termios.obj
 0003:00000df0       $SG101438                  0000000180023df0     termios.obj
 0003:00000e08       $SG101445                  0000000180023e08     termios.obj
 0003:00000e28       $SG101448                  0000000180023e28     termios.obj
 0003:00000e40       $SG101451                  0000000180023e40     termios.obj
 0003:00000e68       $SG101483                  0000000180023e68     termios.obj
 0003:00000e88       $SG101538                  0000000180023e88     termios.obj
 0003:00000ea0       $SG101539                  0000000180023ea0     termios.obj
 0003:00000ec0       $SG101540                  0000000180023ec0     termios.obj
 0003:00000f10       ?__vcrt_flsindex@@3KA      0000000180023f10     libvcruntime:per_thread_data.obj
 0003:00001028       ?errno_no_memory@@3HA      0000000180024028     libucrt:errno.obj
 0003:0000102c       ?doserrno_no_memory@@3KA   000000018002402c     libucrt:errno.obj
 0003:00001088       ?__acrt_flsindex@@3KA      0000000180024088     libucrt:per_thread_data.obj
 0003:00001430       _mbctypes                  0000000180024430     libucrt:mbctype.obj
 0003:00001540       _mbcasemaps                0000000180024540     libucrt:mbctype.obj
 0003:00001640       ?__rgctypeflag@@3PADA      0000000180024640     libucrt:mbctype.obj
 0003:00001650       ?__rgcode_page_info@@3PAUcode_page_info@@A 0000000180024650     libucrt:mbctype.obj
 0003:000018f0       ?__dcrt_lowio_console_output_handle@@3PEAXEA 00000001800248f0     libucrt:initcon.obj
 0003:00001900       ?dazSupported@?1??_ctrlfp@@9@9 0000000180024900     libucrt:fpctrl.obj
 0003:00001918       ?__proc_attached@@3HA      0000000180024918     LIBCMT:dll_dllmain.obj
 0003:00001920       GS_ExceptionRecord         0000000180024920     LIBCMT:gs_report.obj
 0003:000019c0       GS_ContextRecord           00000001800249c0     LIBCMT:gs_report.obj
 0003:00001eb8       ?is_initialized_as_dll@@3_NA 0000000180024eb8     LIBCMT:utility.obj
 0003:00001eb9       ?module_local_atexit_table_initialized@@3_NA 0000000180024eb9     LIBCMT:utility.obj
 0003:00001ec0       ?module_local_atexit_table@@3U_onexit_table_t@@A 0000000180024ec0     LIBCMT:utility.obj
 0003:00001ed8       ?module_local_at_quick_exit_table@@3U_onexit_table_t@@A 0000000180024ed8     LIBCMT:utility.obj
 0003:00001f40       ?heap@@3V_HeapManager@@A   0000000180024f40     libvcruntime:undname.obj
 0003:00001f70       ?__vcrt_startup_thread_ptd@@3U__vcrt_ptd@@A 0000000180024f70     libvcruntime:per_thread_data.obj
 0003:00001ff0       __vcrt_lock_table          0000000180024ff0     libvcruntime:locks.obj
 0003:00002018       __vcrt_locks_initialized   0000000180025018     libvcruntime:locks.obj
 0003:00002020       ?module_handles@@3PAPEAUHINSTANCE__@@A 0000000180025020     libvcruntime:winapi_downlevel.obj
 0003:00002038       ?function_pointers@@3PAPEAXA 0000000180025038     libvcruntime:winapi_downlevel.obj
 0003:00002080       ?source_frequency@@3_JA    0000000180025080     libucrt:clock.obj
 0003:00002088       ?start_count@@3_JA         0000000180025088     libucrt:clock.obj
 0003:00002090       ?c_termination_complete@@3JA 0000000180025090     libucrt:exit.obj
 0003:00002098       ?thread_local_exit_callback_func@@3P6AXPEAXK0@ZEA 0000000180025098     libucrt:exit.obj
 0003:000020b0       ?program_name@?1???$common_configure_argv@D@@YAHW4_crt_argv_mode@@@Z@4PADA 00000001800250b0     libucrt:argv_parsing.obj
 0003:00002208       ?__acrt_invalid_parameter_handler@@3V?$dual_state_global@P6AXPEB_W00I_K@Z@__crt_state_management@@A 0000000180025208     libucrt:invalid_parameter.obj
 0003:00002210       ?module_handles@@3PAPEAUHINSTANCE__@@A 0000000180025210     libucrt:winapi_thunks.obj
 0003:000022b0       ?encoded_function_pointers@@3PAPEAXA 00000001800252b0     libucrt:winapi_thunks.obj
 0003:000027c8       ?internal_state@?1??_mbtowc_l@@9@4U_Mbstatet@@A 00000001800257c8     libucrt:mbtowc.obj
 0003:000027d0       ?enable_percent_n@@3_KA    00000001800257d0     libucrt:printf_count_output.obj
 0003:00002800       ?__acrt_lock_table@@3PAU_RTL_CRITICAL_SECTION@@A 0000000180025800     libucrt:locks.obj
 0003:00002a30       ?__acrt_locks_initialized@@3IA 0000000180025a30     libucrt:locks.obj
 0003:00002a50       ?fSystemSet@@3HA           0000000180025a50     libucrt:mbctype.obj
 0003:00002a54       ?initialized@?1??__acrt_initialize_multibyte@@9@4_NA 0000000180025a54     libucrt:mbctype.obj
 0003:00002a90       ?__acrt_new_handler@@3V?$dual_state_global@P6AH_K@Z@__crt_state_management@@A 0000000180025a90     libucrt:new_handler.obj
 0003:00002a98       ?ctrlc_action@@3V?$dual_state_global@P6AXH@Z@__crt_state_management@@A 0000000180025a98     libucrt:signal.obj
 0003:00002aa0       ?ctrlbreak_action@@3V?$dual_state_global@P6AXH@Z@__crt_state_management@@A 0000000180025aa0     libucrt:signal.obj
 0003:00002aa8       ?abort_action@@3V?$dual_state_global@P6AXH@Z@__crt_state_management@@A 0000000180025aa8     libucrt:signal.obj
 0003:00002ab0       ?term_action@@3V?$dual_state_global@P6AXH@Z@__crt_state_management@@A 0000000180025ab0     libucrt:signal.obj
 0003:00002ab8       ?user_matherr@@3V?$dual_state_global@P6AHPEAU_exception@@@Z@__crt_state_management@@A 0000000180025ab8     libucrt:matherr.obj
 0003:00002ac0       ?__acrt_global_new_mode@@3V?$dual_state_global@J@__crt_state_management@@A 0000000180025ac0     libucrt:new_mode.obj
 0003:00002acc       ?__acrt_app_type@@3W4_crt_app_type@@A 0000000180025acc     libucrt:report_runtime_error.obj
 0003:00002ad0       ?internal_pst@?1??__mbrtoc32_utf8@__crt_mbstring@@YA_KPEA_UPEBD_KPEAU_Mbstatet@@@Z@4U3@A 0000000180025ad0     libucrt:mbrtoc32.obj
 0005:00000000       SetSmall                   0000000180028000     libvcruntime:memset.obj
 0005:00000040       SetSmallYmm                0000000180028040     libvcruntime:memset.obj
 0005:00000064       SetSmallYmmNT              0000000180028064     libvcruntime:memset.obj
 0005:00000088       SetSmallXmm                0000000180028088     libvcruntime:memset.obj
 0005:000000b0       MoveSmall                  00000001800280b0     libvcruntime:memcpy.obj
 0005:000000f0       MoveSmallYmm               00000001800280f0     libvcruntime:memcpy.obj
 0005:00000114       MoveSmallYmmNT             0000000180028114     libvcruntime:memcpy.obj
 0005:00000138       MoveSmallXmm               0000000180028138     libvcruntime:memcpy.obj
